c5:1961639:1961705 [1] NCCL INFO Channel 03/0 : 9[1] -> 10[2] via P2P/CUMEM
c3:3524342:3524437 [1] NCCL INFO Channel 05/0 : 1[1] -> 5[1] [send] via NET/IB/0/GDRDMA
c5:1961640:1961706 [2] NCCL INFO Channel 01/0 : 10[2] -> 11[3] via P2P/CUMEM
c3:3524342:3524437 [1] NCCL INFO Channel 01/0 : 9[1] -> 1[1] [receive] via NET/IB/0/GDRDMA
c3:3524342:3524437 [1] NCCL INFO Channel 01/0 : 1[1] -> 9[1] [send] via NET/IB/0/GDRDMA
c3:3524344:3524415 [3] NCCL INFO Channel 07/0 : 3[3] -> 7[3] [send] via NET/IB/2/GDRDMA
c4:2417633:2417705 [0] NCCL INFO Channel 04/0 : 0[0] -> 4[0] [receive] via NET/IB/1/GDRDMA
c4:2417633:2417705 [0] NCCL INFO Channel 00/0 : 4[0] -> 8[0] [send] via NET/IB/1/GDRDMA
c4:2417633:2417705 [0] NCCL INFO Channel 04/0 : 4[0] -> 8[0] [send] via NET/IB/1/GDRDMA
c4:2417636:2417708 [3] NCCL INFO Channel 07/0 : 3[3] -> 7[3] [receive] via NET/IB/2/GDRDMA
c4:2417636:2417708 [3] NCCL INFO Channel 03/0 : 7[3] -> 11[3] [send] via NET/IB/2/GDRDMA
c4:2417636:2417708 [3] NCCL INFO Channel 07/0 : 7[3] -> 11[3] [send] via NET/IB/2/GDRDMA
c3:3524344:3524415 [3] NCCL INFO Channel 03/0 : 11[3] -> 3[3] [receive] via NET/IB/2/GDRDMA
c5:1961639:1961705 [1] NCCL INFO Channel 05/0 : 9[1] -> 10[2] via P2P/CUMEM
c5:1961640:1961706 [2] NCCL INFO Channel 05/0 : 10[2] -> 11[3] via P2P/CUMEM
c5:1961639:1961705 [1] NCCL INFO Channel 07/0 : 9[1] -> 10[2] via P2P/CUMEM
c5:1961638:1961704 [0] NCCL INFO Channel 02/0 : 8[0] -> 10[2] via P2P/CUMEM
c5:1961639:1961705 [1] NCCL INFO Channel 02/0 : 9[1] -> 11[3] via P2P/CUMEM
c3:3524341:3524414 [0] NCCL INFO Channel 04/0 : 0[0] -> 4[0] [send] via NET/IB/1/GDRDMA
c3:3524341:3524414 [0] NCCL INFO Channel 00/0 : 8[0] -> 0[0] [receive] via NET/IB/1/GDRDMA
c3:3524341:3524414 [0] NCCL INFO Channel 00/0 : 0[0] -> 8[0] [send] via NET/IB/1/GDRDMA
c3:3524344:3524415 [3] NCCL INFO Channel 03/0 : 3[3] -> 11[3] [send] via NET/IB/2/GDRDMA
c5:1961638:1961704 [0] NCCL INFO Channel 03/0 : 8[0] -> 10[2] via P2P/CUMEM
c5:1961639:1961705 [1] NCCL INFO Channel 06/0 : 9[1] -> 11[3] via P2P/CUMEM
c5:1961638:1961704 [0] NCCL INFO Channel 06/0 : 8[0] -> 10[2] via P2P/CUMEM
c5:1961638:1961704 [0] NCCL INFO Channel 07/0 : 8[0] -> 10[2] via P2P/CUMEM
c5:1961639:1961705 [1] NCCL INFO Channel 01/0 : 5[1] -> 9[1] [receive] via NET/IB/0/GDRDMA
c5:1961639:1961705 [1] NCCL INFO Channel 05/0 : 5[1] -> 9[1] [receive] via NET/IB/0/GDRDMA
c5:1961639:1961705 [1] NCCL INFO Channel 01/0 : 9[1] -> 13[1] [send] via NET/IB/0/GDRDMA
c5:1961639:1961705 [1] NCCL INFO Channel 01/0 : 1[1] -> 9[1] [receive] via NET/IB/0/GDRDMA
c4:2417634:2417706 [1] NCCL INFO Channel 05/0 : 13[1] -> 5[1] [receive] via NET/IB/0/GDRDMA
c6:3834667:3834735 [1] NCCL INFO Channel 05/0 : 5[1] -> 13[1] [receive] via NET/IB/0/GDRDMA
c4:2417634:2417706 [1] NCCL INFO Channel 05/0 : 5[1] -> 13[1] [send] via NET/IB/0/GDRDMA
c6:3834667:3834735 [1] NCCL INFO Channel 05/0 : 13[1] -> 5[1] [send] via NET/IB/0/GDRDMA
c6:3834667:3834735 [1] NCCL INFO Channel 01/0 : 13[1] -> 9[1] [send] via NET/IB/0/GDRDMA
c4:2417634:2417706 [1] NCCL INFO Channel 01/0 : 9[1] -> 5[1] [receive] via NET/IB/0/GDRDMA
c4:2417634:2417706 [1] NCCL INFO Channel 05/0 : 9[1] -> 5[1] [receive] via NET/IB/0/GDRDMA
c4:2417634:2417706 [1] NCCL INFO Channel 05/0 : 5[1] -> 1[1] [send] via NET/IB/0/GDRDMA
c5:1961639:1961705 [1] NCCL INFO Channel 01/0 : 9[1] -> 1[1] [send] via NET/IB/0/GDRDMA
c5:1961639:1961705 [1] NCCL INFO Channel 01/0 : 13[1] -> 9[1] [receive] via NET/IB/0/GDRDMA
c5:1961639:1961705 [1] NCCL INFO Channel 01/0 : 9[1] -> 5[1] [send] via NET/IB/0/GDRDMA
c5:1961639:1961705 [1] NCCL INFO Channel 05/0 : 9[1] -> 5[1] [send] via NET/IB/0/GDRDMA
c3:3524342:3524437 [1] NCCL INFO Channel 05/0 : 5[1] -> 1[1] [receive] via NET/IB/0/GDRDMA
c5:1961638:1961704 [0] NCCL INFO Channel 03/0 : 8[0] -> 11[3] via P2P/CUMEM
c5:1961640:1961706 [2] NCCL INFO Channel 02/0 : 6[2] -> 10[2] [receive] via NET/IB/3/GDRDMA
c5:1961640:1961706 [2] NCCL INFO Channel 06/0 : 6[2] -> 10[2] [receive] via NET/IB/3/GDRDMA
c5:1961638:1961704 [0] NCCL INFO Channel 07/0 : 8[0] -> 11[3] via P2P/CUMEM
c5:1961640:1961706 [2] NCCL INFO Channel 02/0 : 10[2] -> 14[2] [send] via NET/IB/3/GDRDMA
c4:2417635:2417707 [2] NCCL INFO Channel 06/0 : 14[2] -> 6[2] [receive] via NET/IB/3/GDRDMA
c4:2417635:2417707 [2] NCCL INFO Channel 06/0 : 6[2] -> 14[2] [send] via NET/IB/3/GDRDMA
c5:1961640:1961706 [2] NCCL INFO Channel 02/0 : 2[2] -> 10[2] [receive] via NET/IB/3/GDRDMA
c5:1961640:1961706 [2] NCCL INFO Channel 02/0 : 10[2] -> 2[2] [send] via NET/IB/3/GDRDMA
c6:3834668:3834736 [2] NCCL INFO Channel 06/0 : 6[2] -> 14[2] [receive] via NET/IB/3/GDRDMA
c6:3834668:3834736 [2] NCCL INFO Channel 06/0 : 14[2] -> 6[2] [send] via NET/IB/3/GDRDMA
c5:1961638:1961704 [0] NCCL INFO Channel 00/0 : 4[0] -> 8[0] [receive] via NET/IB/1/GDRDMA
c3:3524343:3524416 [2] NCCL INFO Channel 06/0 : 6[2] -> 2[2] [receive] via NET/IB/3/GDRDMA
c4:2417635:2417707 [2] NCCL INFO Channel 02/0 : 10[2] -> 6[2] [receive] via NET/IB/3/GDRDMA
c6:3834668:3834736 [2] NCCL INFO Channel 02/0 : 14[2] -> 10[2] [send] via NET/IB/3/GDRDMA
c4:2417635:2417707 [2] NCCL INFO Channel 06/0 : 10[2] -> 6[2] [receive] via NET/IB/3/GDRDMA
c4:2417635:2417707 [2] NCCL INFO Channel 06/0 : 6[2] -> 2[2] [send] via NET/IB/3/GDRDMA
c3:3524343:3524416 [2] NCCL INFO Channel 02/0 : 2[2] -> 0[0] via P2P/CUMEM
c5:1961641:1961707 [3] NCCL INFO Channel 03/0 : 7[3] -> 11[3] [receive] via NET/IB/2/GDRDMA
c5:1961640:1961706 [2] NCCL INFO Channel 02/0 : 14[2] -> 10[2] [receive] via NET/IB/3/GDRDMA
c5:1961638:1961704 [0] NCCL INFO Channel 04/0 : 4[0] -> 8[0] [receive] via NET/IB/1/GDRDMA
c5:1961640:1961706 [2] NCCL INFO Channel 02/0 : 10[2] -> 6[2] [send] via NET/IB/3/GDRDMA
c5:1961638:1961704 [0] NCCL INFO Channel 00/0 : 8[0] -> 12[0] [send] via NET/IB/1/GDRDMA
c5:1961640:1961706 [2] NCCL INFO Channel 06/0 : 10[2] -> 6[2] [send] via NET/IB/3/GDRDMA
c3:3524343:3524416 [2] NCCL INFO Channel 03/0 : 2[2] -> 0[0] via P2P/CUMEM
c3:3524343:3524416 [2] NCCL INFO Channel 06/0 : 2[2] -> 0[0] via P2P/CUMEM
c3:3524343:3524416 [2] NCCL INFO Channel 07/0 : 2[2] -> 0[0] via P2P/CUMEM
c5:1961638:1961704 [0] NCCL INFO Channel 00/0 : 0[0] -> 8[0] [receive] via NET/IB/1/GDRDMA
c5:1961640:1961706 [2] NCCL INFO Channel 02/0 : 10[2] -> 8[0] via P2P/CUMEM
c5:1961638:1961704 [0] NCCL INFO Channel 00/0 : 8[0] -> 0[0] [send] via NET/IB/1/GDRDMA
c4:2417633:2417705 [0] NCCL INFO Channel 04/0 : 12[0] -> 4[0] [receive] via NET/IB/1/GDRDMA
c6:3834668:3834736 [2] NCCL INFO Channel 02/0 : 14[2] -> 12[0] via P2P/CUMEM
c5:1961641:1961707 [3] NCCL INFO Channel 07/0 : 7[3] -> 11[3] [receive] via NET/IB/2/GDRDMA
c4:2417635:2417707 [2] NCCL INFO Channel 02/0 : 6[2] -> 4[0] via P2P/CUMEM
c6:3834666:3834737 [0] NCCL INFO Channel 04/0 : 4[0] -> 12[0] [receive] via NET/IB/1/GDRDMA
c4:2417633:2417705 [0] NCCL INFO Channel 04/0 : 4[0] -> 12[0] [send] via NET/IB/1/GDRDMA
c6:3834666:3834737 [0] NCCL INFO Channel 04/0 : 12[0] -> 4[0] [send] via NET/IB/1/GDRDMA
c5:1961638:1961704 [0] NCCL INFO Channel 00/0 : 12[0] -> 8[0] [receive] via NET/IB/1/GDRDMA
c3:3524341:3524414 [0] NCCL INFO Channel 04/0 : 4[0] -> 0[0] [receive] via NET/IB/1/GDRDMA
c5:1961641:1961707 [3] NCCL INFO Channel 03/0 : 11[3] -> 15[3] [send] via NET/IB/2/GDRDMA
c5:1961638:1961704 [0] NCCL INFO Channel 00/0 : 8[0] -> 4[0] [send] via NET/IB/1/GDRDMA
c4:2417635:2417707 [2] NCCL INFO Channel 03/0 : 6[2] -> 4[0] via P2P/CUMEM
c6:3834668:3834736 [2] NCCL INFO Channel 03/0 : 14[2] -> 12[0] via P2P/CUMEM
c5:1961640:1961706 [2] NCCL INFO Channel 03/0 : 10[2] -> 8[0] via P2P/CUMEM
c4:2417635:2417707 [2] NCCL INFO Channel 06/0 : 6[2] -> 4[0] via P2P/CUMEM
c6:3834668:3834736 [2] NCCL INFO Channel 06/0 : 14[2] -> 12[0] via P2P/CUMEM
c4:2417633:2417705 [0] NCCL INFO Channel 00/0 : 8[0] -> 4[0] [receive] via NET/IB/1/GDRDMA
c6:3834666:3834737 [0] NCCL INFO Channel 00/0 : 12[0] -> 8[0] [send] via NET/IB/1/GDRDMA
c6:3834668:3834736 [2] NCCL INFO Channel 07/0 : 14[2] -> 12[0] via P2P/CUMEM
c4:2417635:2417707 [2] NCCL INFO Channel 07/0 : 6[2] -> 4[0] via P2P/CUMEM
c4:2417633:2417705 [0] NCCL INFO Channel 04/0 : 8[0] -> 4[0] [receive] via NET/IB/1/GDRDMA
c4:2417636:2417708 [3] NCCL INFO Channel 07/0 : 15[3] -> 7[3] [receive] via NET/IB/2/GDRDMA
c6:3834669:3834734 [3] NCCL INFO Channel 07/0 : 7[3] -> 15[3] [receive] via NET/IB/2/GDRDMA
c4:2417633:2417705 [0] NCCL INFO Channel 04/0 : 4[0] -> 0[0] [send] via NET/IB/1/GDRDMA
c5:1961638:1961704 [0] NCCL INFO Channel 04/0 : 8[0] -> 4[0] [send] via NET/IB/1/GDRDMA
c4:2417636:2417708 [3] NCCL INFO Channel 07/0 : 7[3] -> 15[3] [send] via NET/IB/2/GDRDMA
c6:3834669:3834734 [3] NCCL INFO Channel 07/0 : 15[3] -> 7[3] [send] via NET/IB/2/GDRDMA
c4:2417636:2417708 [3] NCCL INFO Channel 03/0 : 11[3] -> 7[3] [receive] via NET/IB/2/GDRDMA
c6:3834669:3834734 [3] NCCL INFO Channel 03/0 : 15[3] -> 11[3] [send] via NET/IB/2/GDRDMA
c5:1961640:1961706 [2] NCCL INFO Channel 06/0 : 10[2] -> 8[0] via P2P/CUMEM
c5:1961641:1961707 [3] NCCL INFO Channel 03/0 : 3[3] -> 11[3] [receive] via NET/IB/2/GDRDMA
c4:2417636:2417708 [3] NCCL INFO Channel 07/0 : 11[3] -> 7[3] [receive] via NET/IB/2/GDRDMA
c5:1961641:1961707 [3] NCCL INFO Channel 03/0 : 11[3] -> 3[3] [send] via NET/IB/2/GDRDMA
c4:2417636:2417708 [3] NCCL INFO Channel 07/0 : 7[3] -> 3[3] [send] via NET/IB/2/GDRDMA
c5:1961641:1961707 [3] NCCL INFO Channel 03/0 : 15[3] -> 11[3] [receive] via NET/IB/2/GDRDMA
c3:3524344:3524415 [3] NCCL INFO Channel 07/0 : 7[3] -> 3[3] [receive] via NET/IB/2/GDRDMA
c3:3524344:3524415 [3] NCCL INFO Channel 01/0 : 3[3] -> 0[0] via P2P/CUMEM
c3:3524344:3524415 [3] NCCL INFO Channel 03/0 : 3[3] -> 0[0] via P2P/CUMEM
c3:3524344:3524415 [3] NCCL INFO Channel 05/0 : 3[3] -> 0[0] via P2P/CUMEM
c5:1961641:1961707 [3] NCCL INFO Channel 03/0 : 11[3] -> 7[3] [send] via NET/IB/2/GDRDMA
c5:1961641:1961707 [3] NCCL INFO Channel 07/0 : 11[3] -> 7[3] [send] via NET/IB/2/GDRDMA
c3:3524344:3524415 [3] NCCL INFO Channel 07/0 : 3[3] -> 0[0] via P2P/CUMEM
c5:1961641:1961707 [3] NCCL INFO Channel 01/0 : 11[3] -> 8[0] via P2P/CUMEM
c3:3524344:3524415 [3] NCCL INFO Channel 02/0 : 3[3] -> 1[1] via P2P/CUMEM
c6:3834669:3834734 [3] NCCL INFO Channel 01/0 : 15[3] -> 12[0] via P2P/CUMEM
c4:2417636:2417708 [3] NCCL INFO Channel 01/0 : 7[3] -> 4[0] via P2P/CUMEM
c3:3524344:3524415 [3] NCCL INFO Channel 06/0 : 3[3] -> 1[1] via P2P/CUMEM
c6:3834669:3834734 [3] NCCL INFO Channel 03/0 : 15[3] -> 12[0] via P2P/CUMEM
c5:1961640:1961706 [2] NCCL INFO Channel 07/0 : 10[2] -> 8[0] via P2P/CUMEM
c4:2417636:2417708 [3] NCCL INFO Channel 03/0 : 7[3] -> 4[0] via P2P/CUMEM
c5:1961641:1961707 [3] NCCL INFO Channel 03/0 : 11[3] -> 8[0] via P2P/CUMEM
c4:2417636:2417708 [3] NCCL INFO Channel 05/0 : 7[3] -> 4[0] via P2P/CUMEM
c6:3834669:3834734 [3] NCCL INFO Channel 05/0 : 15[3] -> 12[0] via P2P/CUMEM
c4:2417636:2417708 [3] NCCL INFO Channel 07/0 : 7[3] -> 4[0] via P2P/CUMEM
c6:3834669:3834734 [3] NCCL INFO Channel 07/0 : 15[3] -> 12[0] via P2P/CUMEM
c3:3524344:3524415 [3] NCCL INFO Channel 00/0 : 3[3] -> 2[2] via P2P/CUMEM
c6:3834669:3834734 [3] NCCL INFO Channel 02/0 : 15[3] -> 13[1] via P2P/CUMEM
c3:3524344:3524415 [3] NCCL INFO Channel 04/0 : 3[3] -> 2[2] via P2P/CUMEM
c4:2417636:2417708 [3] NCCL INFO Channel 02/0 : 7[3] -> 5[1] via P2P/CUMEM
c6:3834669:3834734 [3] NCCL INFO Channel 06/0 : 15[3] -> 13[1] via P2P/CUMEM
c3:3524343:3524416 [2] NCCL INFO Channel 00/0 : 2[2] -> 1[1] via P2P/CUMEM
c6:3834669:3834734 [3] NCCL INFO Channel 00/0 : 15[3] -> 14[2] via P2P/CUMEM
c3:3524343:3524416 [2] NCCL INFO Channel 01/0 : 2[2] -> 1[1] via P2P/CUMEM
c5:1961641:1961707 [3] NCCL INFO Channel 05/0 : 11[3] -> 8[0] via P2P/CUMEM
c4:2417636:2417708 [3] NCCL INFO Channel 06/0 : 7[3] -> 5[1] via P2P/CUMEM
c3:3524343:3524416 [2] NCCL INFO Channel 04/0 : 2[2] -> 1[1] via P2P/CUMEM
c6:3834669:3834734 [3] NCCL INFO Channel 04/0 : 15[3] -> 14[2] via P2P/CUMEM
c3:3524343:3524416 [2] NCCL INFO Channel 05/0 : 2[2] -> 1[1] via P2P/CUMEM
c4:2417636:2417708 [3] NCCL INFO Channel 00/0 : 7[3] -> 6[2] via P2P/CUMEM
c6:3834668:3834736 [2] NCCL INFO Channel 00/0 : 14[2] -> 13[1] via P2P/CUMEM
c5:1961641:1961707 [3] NCCL INFO Channel 07/0 : 11[3] -> 8[0] via P2P/CUMEM
c4:2417635:2417707 [2] NCCL INFO Channel 00/0 : 6[2] -> 5[1] via P2P/CUMEM
c4:2417636:2417708 [3] NCCL INFO Channel 04/0 : 7[3] -> 6[2] via P2P/CUMEM
c4:2417635:2417707 [2] NCCL INFO Channel 01/0 : 6[2] -> 5[1] via P2P/CUMEM
c6:3834668:3834736 [2] NCCL INFO Channel 01/0 : 14[2] -> 13[1] via P2P/CUMEM
c4:2417635:2417707 [2] NCCL INFO Channel 04/0 : 6[2] -> 5[1] via P2P/CUMEM
c6:3834668:3834736 [2] NCCL INFO Channel 04/0 : 14[2] -> 13[1] via P2P/CUMEM
c4:2417635:2417707 [2] NCCL INFO Channel 05/0 : 6[2] -> 5[1] via P2P/CUMEM
c6:3834668:3834736 [2] NCCL INFO Channel 05/0 : 14[2] -> 13[1] via P2P/CUMEM
c4:2417634:2417706 [1] NCCL INFO Channel 00/0 : 5[1] -> 4[0] via P2P/CUMEM
c4:2417634:2417706 [1] NCCL INFO Channel 04/0 : 5[1] -> 4[0] via P2P/CUMEM
c6:3834667:3834735 [1] NCCL INFO Channel 00/0 : 13[1] -> 12[0] via P2P/CUMEM
c6:3834667:3834735 [1] NCCL INFO Channel 04/0 : 13[1] -> 12[0] via P2P/CUMEM
c3:3524342:3524437 [1] NCCL INFO Channel 00/0 : 1[1] -> 0[0] via P2P/CUMEM
c5:1961641:1961707 [3] NCCL INFO Channel 02/0 : 11[3] -> 9[1] via P2P/CUMEM
c3:3524342:3524437 [1] NCCL INFO Channel 04/0 : 1[1] -> 0[0] via P2P/CUMEM
c5:1961641:1961707 [3] NCCL INFO Channel 06/0 : 11[3] -> 9[1] via P2P/CUMEM
c5:1961640:1961706 [2] NCCL INFO Channel 00/0 : 10[2] -> 9[1] via P2P/CUMEM
c5:1961641:1961707 [3] NCCL INFO Channel 00/0 : 11[3] -> 10[2] via P2P/CUMEM
c5:1961640:1961706 [2] NCCL INFO Channel 01/0 : 10[2] -> 9[1] via P2P/CUMEM
c5:1961640:1961706 [2] NCCL INFO Channel 04/0 : 10[2] -> 9[1] via P2P/CUMEM
c5:1961640:1961706 [2] NCCL INFO Channel 05/0 : 10[2] -> 9[1] via P2P/CUMEM
c5:1961641:1961707 [3] NCCL INFO Channel 04/0 : 11[3] -> 10[2] via P2P/CUMEM
c5:1961639:1961705 [1] NCCL INFO Channel 00/0 : 9[1] -> 8[0] via P2P/CUMEM
c5:1961639:1961705 [1] NCCL INFO Channel 04/0 : 9[1] -> 8[0] via P2P/CUMEM
c3:3524341:3524414 [0] NCCL INFO Connected all trees
c3:3524344:3524415 [3] NCCL INFO Connected all trees
c3:3524344:3524415 [3] NCCL INFO threadThresholds 8/8/64 | 128/8/64 | 512 | 512
c3:3524344:3524415 [3] NCCL INFO 8 coll channels, 8 collnet channels, 0 nvls channels, 8 p2p channels, 2 p2p channels per peer
c3:3524341:3524414 [0] NCCL INFO threadThresholds 8/8/64 | 128/8/64 | 512 | 512
c3:3524341:3524414 [0] NCCL INFO 8 coll channels, 8 collnet channels, 0 nvls channels, 8 p2p channels, 2 p2p channels per peer
c3:3524343:3524416 [2] NCCL INFO Connected all trees
c3:3524342:3524437 [1] NCCL INFO Connected all trees
c3:3524342:3524437 [1] NCCL INFO threadThresholds 8/8/64 | 128/8/64 | 512 | 512
c3:3524343:3524416 [2] NCCL INFO threadThresholds 8/8/64 | 128/8/64 | 512 | 512
c3:3524342:3524437 [1] NCCL INFO 8 coll channels, 8 collnet channels, 0 nvls channels, 8 p2p channels, 2 p2p channels per peer
c3:3524343:3524416 [2] NCCL INFO 8 coll channels, 8 collnet channels, 0 nvls channels, 8 p2p channels, 2 p2p channels per peer
c5:1961638:1961704 [0] NCCL INFO Connected all trees
c5:1961638:1961704 [0] NCCL INFO threadThresholds 8/8/64 | 128/8/64 | 512 | 512
c5:1961638:1961704 [0] NCCL INFO 8 coll channels, 8 collnet channels, 0 nvls channels, 8 p2p channels, 2 p2p channels per peer
c5:1961641:1961707 [3] NCCL INFO Connected all trees
c5:1961641:1961707 [3] NCCL INFO threadThresholds 8/8/64 | 128/8/64 | 512 | 512
c5:1961641:1961707 [3] NCCL INFO 8 coll channels, 8 collnet channels, 0 nvls channels, 8 p2p channels, 2 p2p channels per peer
c5:1961639:1961705 [1] NCCL INFO Connected all trees
c5:1961639:1961705 [1] NCCL INFO threadThresholds 8/8/64 | 128/8/64 | 512 | 512
c5:1961639:1961705 [1] NCCL INFO 8 coll channels, 8 collnet channels, 0 nvls channels, 8 p2p channels, 2 p2p channels per peer
c4:2417633:2417705 [0] NCCL INFO Connected all trees
c4:2417633:2417705 [0] NCCL INFO threadThresholds 8/8/64 | 128/8/64 | 512 | 512
c4:2417633:2417705 [0] NCCL INFO 8 coll channels, 8 collnet channels, 0 nvls channels, 8 p2p channels, 2 p2p channels per peer
c6:3834669:3834734 [3] NCCL INFO Connected all trees
c6:3834666:3834737 [0] NCCL INFO Connected all trees
c6:3834669:3834734 [3] NCCL INFO threadThresholds 8/8/64 | 128/8/64 | 512 | 512
c6:3834666:3834737 [0] NCCL INFO threadThresholds 8/8/64 | 128/8/64 | 512 | 512
c6:3834666:3834737 [0] NCCL INFO 8 coll channels, 8 collnet channels, 0 nvls channels, 8 p2p channels, 2 p2p channels per peer
c6:3834669:3834734 [3] NCCL INFO 8 coll channels, 8 collnet channels, 0 nvls channels, 8 p2p channels, 2 p2p channels per peer
c5:1961640:1961706 [2] NCCL INFO Connected all trees
c5:1961640:1961706 [2] NCCL INFO threadThresholds 8/8/64 | 128/8/64 | 512 | 512
c5:1961640:1961706 [2] NCCL INFO 8 coll channels, 8 collnet channels, 0 nvls channels, 8 p2p channels, 2 p2p channels per peer
c4:2417636:2417708 [3] NCCL INFO Connected all trees
c4:2417636:2417708 [3] NCCL INFO threadThresholds 8/8/64 | 128/8/64 | 512 | 512
c4:2417636:2417708 [3] NCCL INFO 8 coll channels, 8 collnet channels, 0 nvls channels, 8 p2p channels, 2 p2p channels per peer
c4:2417634:2417706 [1] NCCL INFO Connected all trees
c4:2417635:2417707 [2] NCCL INFO Connected all trees
c4:2417634:2417706 [1] NCCL INFO threadThresholds 8/8/64 | 128/8/64 | 512 | 512
c4:2417634:2417706 [1] NCCL INFO 8 coll channels, 8 collnet channels, 0 nvls channels, 8 p2p channels, 2 p2p channels per peer
c4:2417635:2417707 [2] NCCL INFO threadThresholds 8/8/64 | 128/8/64 | 512 | 512
c4:2417635:2417707 [2] NCCL INFO 8 coll channels, 8 collnet channels, 0 nvls channels, 8 p2p channels, 2 p2p channels per peer
c6:3834668:3834736 [2] NCCL INFO Connected all trees
c6:3834668:3834736 [2] NCCL INFO threadThresholds 8/8/64 | 128/8/64 | 512 | 512
c6:3834668:3834736 [2] NCCL INFO 8 coll channels, 8 collnet channels, 0 nvls channels, 8 p2p channels, 2 p2p channels per peer
c6:3834667:3834735 [1] NCCL INFO Connected all trees
c6:3834667:3834735 [1] NCCL INFO threadThresholds 8/8/64 | 128/8/64 | 512 | 512
c6:3834667:3834735 [1] NCCL INFO 8 coll channels, 8 collnet channels, 0 nvls channels, 8 p2p channels, 2 p2p channels per peer
c5:1961638:1961704 [0] NCCL INFO TUNER/Plugin: Plugin load returned 2 : libnccl-net.so: cannot open shared object file: No such file or directory : when loading libnccl-tuner.so
c5:1961638:1961704 [0] NCCL INFO TUNER/Plugin: Using internal tuner plugin.
c5:1961638:1961704 [0] NCCL INFO ncclCommInitRank comm 0x8de47b0 rank 8 nranks 16 cudaDev 0 nvmlDev 0 busId 6000 commId 0x54d1f249aaa1ae63 - Init COMPLETE
c5:1961639:1961705 [1] NCCL INFO TUNER/Plugin: Plugin load returned 2 : libnccl-net.so: cannot open shared object file: No such file or directory : when loading libnccl-tuner.so
c5:1961639:1961705 [1] NCCL INFO TUNER/Plugin: Using internal tuner plugin.
c5:1961639:1961705 [1] NCCL INFO ncclCommInitRank comm 0x8d842a0 rank 9 nranks 16 cudaDev 1 nvmlDev 1 busId 26000 commId 0x54d1f249aaa1ae63 - Init COMPLETE
c5:1961641:1961707 [3] NCCL INFO TUNER/Plugin: Plugin load returned 2 : libnccl-net.so: cannot open shared object file: No such file or directory : when loading libnccl-tuner.so
c5:1961641:1961707 [3] NCCL INFO TUNER/Plugin: Using internal tuner plugin.
c5:1961641:1961707 [3] NCCL INFO ncclCommInitRank comm 0x95ac180 rank 11 nranks 16 cudaDev 3 nvmlDev 3 busId c6000 commId 0x54d1f249aaa1ae63 - Init COMPLETE
c5:1961640:1961706 [2] NCCL INFO TUNER/Plugin: Plugin load returned 2 : libnccl-net.so: cannot open shared object file: No such file or directory : when loading libnccl-tuner.so
c5:1961640:1961706 [2] NCCL INFO TUNER/Plugin: Using internal tuner plugin.
c5:1961640:1961706 [2] NCCL INFO ncclCommInitRank comm 0x8d96980 rank 10 nranks 16 cudaDev 2 nvmlDev 2 busId a6000 commId 0x54d1f249aaa1ae63 - Init COMPLETE
c6:3834666:3834737 [0] NCCL INFO TUNER/Plugin: Plugin load returned 2 : libnccl-net.so: cannot open shared object file: No such file or directory : when loading libnccl-tuner.so
c6:3834666:3834737 [0] NCCL INFO TUNER/Plugin: Using internal tuner plugin.
c6:3834666:3834737 [0] NCCL INFO ncclCommInitRank comm 0x8ecd5f0 rank 12 nranks 16 cudaDev 0 nvmlDev 0 busId 6000 commId 0x54d1f249aaa1ae63 - Init COMPLETE
c6:3834669:3834734 [3] NCCL INFO TUNER/Plugin: Plugin load returned 2 : libnccl-net.so: cannot open shared object file: No such file or directory : when loading libnccl-tuner.so
c6:3834669:3834734 [3] NCCL INFO TUNER/Plugin: Using internal tuner plugin.
c6:3834669:3834734 [3] NCCL INFO ncclCommInitRank comm 0xa845a50 rank 15 nranks 16 cudaDev 3 nvmlDev 3 busId c6000 commId 0x54d1f249aaa1ae63 - Init COMPLETE
c6:3834668:3834736 [2] NCCL INFO TUNER/Plugin: Plugin load returned 2 : libnccl-net.so: cannot open shared object file: No such file or directory : when loading libnccl-tuner.so
c6:3834668:3834736 [2] NCCL INFO TUNER/Plugin: Using internal tuner plugin.
c6:3834668:3834736 [2] NCCL INFO ncclCommInitRank comm 0x971f610 rank 14 nranks 16 cudaDev 2 nvmlDev 2 busId a6000 commId 0x54d1f249aaa1ae63 - Init COMPLETE
c6:3834667:3834735 [1] NCCL INFO TUNER/Plugin: Plugin load returned 2 : libnccl-net.so: cannot open shared object file: No such file or directory : when loading libnccl-tuner.so
c6:3834667:3834735 [1] NCCL INFO TUNER/Plugin: Using internal tuner plugin.
c6:3834667:3834735 [1] NCCL INFO ncclCommInitRank comm 0x9b384a0 rank 13 nranks 16 cudaDev 1 nvmlDev 1 busId 26000 commId 0x54d1f249aaa1ae63 - Init COMPLETE
c4:2417633:2417705 [0] NCCL INFO TUNER/Plugin: Plugin load returned 2 : libnccl-net.so: cannot open shared object file: No such file or directory : when loading libnccl-tuner.so
c4:2417633:2417705 [0] NCCL INFO TUNER/Plugin: Using internal tuner plugin.
c4:2417633:2417705 [0] NCCL INFO ncclCommInitRank comm 0x703eb80 rank 4 nranks 16 cudaDev 0 nvmlDev 0 busId 6000 commId 0x54d1f249aaa1ae63 - Init COMPLETE
c4:2417636:2417708 [3] NCCL INFO TUNER/Plugin: Plugin load returned 2 : libnccl-net.so: cannot open shared object file: No such file or directory : when loading libnccl-tuner.so
c4:2417636:2417708 [3] NCCL INFO TUNER/Plugin: Using internal tuner plugin.
c4:2417636:2417708 [3] NCCL INFO ncclCommInitRank comm 0x9ba85f0 rank 7 nranks 16 cudaDev 3 nvmlDev 3 busId c6000 commId 0x54d1f249aaa1ae63 - Init COMPLETE
c4:2417634:2417706 [1] NCCL INFO TUNER/Plugin: Plugin load returned 2 : libnccl-net.so: cannot open shared object file: No such file or directory : when loading libnccl-tuner.so
c4:2417635:2417707 [2] NCCL INFO TUNER/Plugin: Plugin load returned 2 : libnccl-net.so: cannot open shared object file: No such file or directory : when loading libnccl-tuner.so
c4:2417634:2417706 [1] NCCL INFO TUNER/Plugin: Using internal tuner plugin.
c4:2417635:2417707 [2] NCCL INFO TUNER/Plugin: Using internal tuner plugin.
c4:2417634:2417706 [1] NCCL INFO ncclCommInitRank comm 0xa4b3930 rank 5 nranks 16 cudaDev 1 nvmlDev 1 busId 26000 commId 0x54d1f249aaa1ae63 - Init COMPLETE
c4:2417635:2417707 [2] NCCL INFO ncclCommInitRank comm 0x93747b0 rank 6 nranks 16 cudaDev 2 nvmlDev 2 busId a6000 commId 0x54d1f249aaa1ae63 - Init COMPLETE
c3:3524342:3524437 [1] NCCL INFO TUNER/Plugin: Plugin load returned 2 : libnccl-net.so: cannot open shared object file: No such file or directory : when loading libnccl-tuner.so
c3:3524344:3524415 [3] NCCL INFO TUNER/Plugin: Plugin load returned 2 : libnccl-net.so: cannot open shared object file: No such file or directory : when loading libnccl-tuner.so
c3:3524342:3524437 [1] NCCL INFO TUNER/Plugin: Using internal tuner plugin.
c3:3524344:3524415 [3] NCCL INFO TUNER/Plugin: Using internal tuner plugin.
c3:3524342:3524437 [1] NCCL INFO ncclCommInitRank comm 0x9afa220 rank 1 nranks 16 cudaDev 1 nvmlDev 1 busId 26000 commId 0x54d1f249aaa1ae63 - Init COMPLETE
c3:3524344:3524415 [3] NCCL INFO ncclCommInitRank comm 0x9613660 rank 3 nranks 16 cudaDev 3 nvmlDev 3 busId c6000 commId 0x54d1f249aaa1ae63 - Init COMPLETE
c3:3524341:3524414 [0] NCCL INFO TUNER/Plugin: Plugin load returned 2 : libnccl-net.so: cannot open shared object file: No such file or directory : when loading libnccl-tuner.so
c3:3524343:3524416 [2] NCCL INFO TUNER/Plugin: Plugin load returned 2 : libnccl-net.so: cannot open shared object file: No such file or directory : when loading libnccl-tuner.so
c3:3524341:3524414 [0] NCCL INFO TUNER/Plugin: Using internal tuner plugin.
c3:3524343:3524416 [2] NCCL INFO TUNER/Plugin: Using internal tuner plugin.
c3:3524341:3524414 [0] NCCL INFO ncclCommInitRank comm 0x5fc2290 rank 0 nranks 16 cudaDev 0 nvmlDev 0 busId 6000 commId 0x54d1f249aaa1ae63 - Init COMPLETE
c3:3524343:3524416 [2] NCCL INFO ncclCommInitRank comm 0xa17fea0 rank 2 nranks 16 cudaDev 2 nvmlDev 2 busId a6000 commId 0x54d1f249aaa1ae63 - Init COMPLETE
c3:3524341:3524448 [0] NCCL INFO [Service thread] Connection closed by localRank 0
c3:3524342:3524444 [1] NCCL INFO [Service thread] Connection closed by localRank 0
c3:3524343:3524449 [2] NCCL INFO [Service thread] Connection closed by localRank 0
c3:3524344:3524445 [3] NCCL INFO [Service thread] Connection closed by localRank 0
c5:1961638:1961748 [0] NCCL INFO [Service thread] Connection closed by localRank 1
c5:1961638:1961748 [0] NCCL INFO [Service thread] Connection closed by localRank 2
c5:1961640:1961744 [2] NCCL INFO [Service thread] Connection closed by localRank 2
c5:1961641:1961749 [3] NCCL INFO [Service thread] Connection closed by localRank 2
c5:1961640:1961744 [2] NCCL INFO [Service thread] Connection closed by localRank 1
c5:1961639:1961745 [1] NCCL INFO [Service thread] Connection closed by localRank 2
c5:1961641:1961749 [3] NCCL INFO [Service thread] Connection closed by localRank 1
c5:1961639:1961745 [1] NCCL INFO [Service thread] Connection closed by localRank 1
c5:1961639:1961745 [1] NCCL INFO [Service thread] Connection closed by localRank 0
c5:1961638:1961748 [0] NCCL INFO [Service thread] Connection closed by localRank 0
c5:1961640:1961744 [2] NCCL INFO [Service thread] Connection closed by localRank 0
c5:1961641:1961749 [3] NCCL INFO [Service thread] Connection closed by localRank 0
c5:1961638:1961748 [0] NCCL INFO [Service thread] Connection closed by localRank 3
c5:1961639:1961745 [1] NCCL INFO [Service thread] Connection closed by localRank 3
c5:1961640:1961744 [2] NCCL INFO [Service thread] Connection closed by localRank 3
c5:1961641:1961749 [3] NCCL INFO [Service thread] Connection closed by localRank 3
c5:1961638:1961683 [0] NCCL INFO comm 0x8de47b0 rank 8 nranks 16 cudaDev 0 busId 6000 - Abort COMPLETE
c5:1961641:1961679 [3] NCCL INFO comm 0x95ac180 rank 11 nranks 16 cudaDev 3 busId c6000 - Abort COMPLETE
c5:1961639:1961667 [1] NCCL INFO comm 0x8d842a0 rank 9 nranks 16 cudaDev 1 busId 26000 - Abort COMPLETE
c5:1961640:1961661 [2] NCCL INFO comm 0x8d96980 rank 10 nranks 16 cudaDev 2 busId a6000 - Abort COMPLETE
c4:2417633:2417738 [0] NCCL INFO [Service thread] Connection closed by localRank 2
c4:2417633:2417738 [0] NCCL INFO [Service thread] Connection closed by localRank 1
c4:2417634:2417743 [1] NCCL INFO [Service thread] Connection closed by localRank 1
c4:2417634:2417743 [1] NCCL INFO [Service thread] Connection closed by localRank 2
c4:2417635:2417739 [2] NCCL INFO [Service thread] Connection closed by localRank 2
c4:2417636:2417737 [3] NCCL INFO [Service thread] Connection closed by localRank 2
c4:2417635:2417739 [2] NCCL INFO [Service thread] Connection closed by localRank 1
c4:2417636:2417737 [3] NCCL INFO [Service thread] Connection closed by localRank 1
c4:2417633:2417738 [0] NCCL INFO [Service thread] Connection closed by localRank 0
c4:2417635:2417739 [2] NCCL INFO [Service thread] Connection closed by localRank 0
c4:2417634:2417743 [1] NCCL INFO [Service thread] Connection closed by localRank 0
c4:2417636:2417737 [3] NCCL INFO [Service thread] Connection closed by localRank 0
c4:2417633:2417738 [0] NCCL INFO [Service thread] Connection closed by localRank 3
c4:2417634:2417743 [1] NCCL INFO [Service thread] Connection closed by localRank 3
c4:2417635:2417739 [2] NCCL INFO [Service thread] Connection closed by localRank 3
c4:2417636:2417737 [3] NCCL INFO [Service thread] Connection closed by localRank 3
c4:2417636:2417668 [3] NCCL INFO comm 0x9ba85f0 rank 7 nranks 16 cudaDev 3 busId c6000 - Abort COMPLETE
c4:2417634:2417657 [1] NCCL INFO comm 0xa4b3930 rank 5 nranks 16 cudaDev 1 busId 26000 - Abort COMPLETE
c4:2417633:2417655 [0] NCCL INFO comm 0x703eb80 rank 4 nranks 16 cudaDev 0 busId 6000 - Abort COMPLETE
c4:2417635:2417666 [2] NCCL INFO comm 0x93747b0 rank 6 nranks 16 cudaDev 2 busId a6000 - Abort COMPLETE
c6:3834666:3834757 [0] NCCL INFO [Service thread] Connection closed by localRank 3
c6:3834667:3834762 [1] NCCL INFO [Service thread] Connection closed by localRank 3
c6:3834668:3834756 [2] NCCL INFO [Service thread] Connection closed by localRank 3
c6:3834669:3834760 [3] NCCL INFO [Service thread] Connection closed by localRank 3
c6:3834666:3834757 [0] NCCL INFO [Service thread] Connection closed by localRank 1
c6:3834667:3834762 [1] NCCL INFO [Service thread] Connection closed by localRank 1
c6:3834666:3834757 [0] NCCL INFO [Service thread] Connection closed by localRank 2
c6:3834668:3834756 [2] NCCL INFO [Service thread] Connection closed by localRank 1
c6:3834667:3834762 [1] NCCL INFO [Service thread] Connection closed by localRank 2
c6:3834668:3834756 [2] NCCL INFO [Service thread] Connection closed by localRank 2
c6:3834669:3834760 [3] NCCL INFO [Service thread] Connection closed by localRank 1
c6:3834669:3834760 [3] NCCL INFO [Service thread] Connection closed by localRank 2
c6:3834666:3834757 [0] NCCL INFO [Service thread] Connection closed by localRank 0
c6:3834667:3834762 [1] NCCL INFO [Service thread] Connection closed by localRank 0
c6:3834668:3834756 [2] NCCL INFO [Service thread] Connection closed by localRank 0
c6:3834669:3834760 [3] NCCL INFO [Service thread] Connection closed by localRank 0
c6:3834667:3834687 [1] NCCL INFO comm 0x9b384a0 rank 13 nranks 16 cudaDev 1 busId 26000 - Abort COMPLETE
c6:3834666:3834696 [0] NCCL INFO comm 0x8ecd5f0 rank 12 nranks 16 cudaDev 0 busId 6000 - Abort COMPLETE
c6:3834669:3834694 [3] NCCL INFO comm 0xa845a50 rank 15 nranks 16 cudaDev 3 busId c6000 - Abort COMPLETE
c6:3834668:3834712 [2] NCCL INFO comm 0x971f610 rank 14 nranks 16 cudaDev 2 busId a6000 - Abort COMPLETE
c3:3524341:3524448 [0] NCCL INFO [Service thread] Connection closed by localRank 1
c3:3524342:3524444 [1] NCCL INFO [Service thread] Connection closed by localRank 1
c3:3524344:3524445 [3] NCCL INFO [Service thread] Connection closed by localRank 1
c3:3524343:3524449 [2] NCCL INFO [Service thread] Connection closed by localRank 1
c3:3524341:3524448 [0] NCCL INFO [Service thread] Connection closed by localRank 2
c3:3524342:3524444 [1] NCCL INFO [Service thread] Connection closed by localRank 2
c3:3524343:3524449 [2] NCCL INFO [Service thread] Connection closed by localRank 2
c3:3524344:3524445 [3] NCCL INFO [Service thread] Connection closed by localRank 2
c3:3524341:3524448 [0] NCCL INFO [Service thread] Connection closed by localRank 3
c3:3524342:3524444 [1] NCCL INFO [Service thread] Connection closed by localRank 3
c3:3524343:3524449 [2] NCCL INFO [Service thread] Connection closed by localRank 3
c3:3524344:3524445 [3] NCCL INFO [Service thread] Connection closed by localRank 3
c3:3524344:3524363 [3] NCCL INFO comm 0x9613660 rank 3 nranks 16 cudaDev 3 busId c6000 - Abort COMPLETE
c3:3524342:3524375 [1] NCCL INFO comm 0x9afa220 rank 1 nranks 16 cudaDev 1 busId 26000 - Abort COMPLETE
c3:3524341:3524459 [0] NCCL INFO comm 0x5fc2290 rank 0 nranks 16 cudaDev 0 busId 6000 - Abort COMPLETE
c3:3524343:3524367 [2] NCCL INFO comm 0xa17fea0 rank 2 nranks 16 cudaDev 2 busId a6000 - Abort COMPLETE
