c64:1043355:1043482 [2] NCCL INFO Channel 03/0 : 14[2] -> 13[1] via P2P/CUMEM
c64:1043355:1043482 [2] NCCL INFO Channel 06/0 : 14[2] -> 13[1] via P2P/CUMEM
c64:1043355:1043482 [2] NCCL INFO Channel 07/0 : 14[2] -> 13[1] via P2P/CUMEM
c55:3883927:3883979 [2] NCCL INFO Connected all rings
c55:3883928:3883980 [3] NCCL INFO Connected all rings
c55:3883927:3883979 [2] NCCL INFO Channel 01/0 : 2[2] -> 3[3] via P2P/CUMEM
c55:3883927:3883979 [2] NCCL INFO Channel 05/0 : 2[2] -> 3[3] via P2P/CUMEM
c64:1043353:1043501 [0] NCCL INFO Connected all rings
c64:1043353:1043501 [0] NCCL INFO Channel 02/0 : 12[0] -> 13[1] via P2P/CUMEM
c64:1043354:1043481 [1] NCCL INFO Connected all rings
c64:1043353:1043501 [0] NCCL INFO Channel 06/0 : 12[0] -> 13[1] via P2P/CUMEM
c64:1043354:1043481 [1] NCCL INFO Channel 01/0 : 13[1] -> 14[2] via P2P/CUMEM
c64:1043354:1043481 [1] NCCL INFO Channel 03/0 : 13[1] -> 14[2] via P2P/CUMEM
c64:1043354:1043481 [1] NCCL INFO Channel 05/0 : 13[1] -> 14[2] via P2P/CUMEM
c64:1043354:1043481 [1] NCCL INFO Channel 07/0 : 13[1] -> 14[2] via P2P/CUMEM
c64:1043353:1043501 [0] NCCL INFO Channel 02/0 : 12[0] -> 14[2] via P2P/CUMEM
c64:1043353:1043501 [0] NCCL INFO Channel 03/0 : 12[0] -> 14[2] via P2P/CUMEM
c64:1043353:1043501 [0] NCCL INFO Channel 06/0 : 12[0] -> 14[2] via P2P/CUMEM
c64:1043353:1043501 [0] NCCL INFO Channel 07/0 : 12[0] -> 14[2] via P2P/CUMEM
c60:74400:74457 [0] NCCL INFO Connected all rings
c60:74400:74457 [0] NCCL INFO Channel 02/0 : 8[0] -> 9[1] via P2P/CUMEM
c64:1043355:1043482 [2] NCCL INFO Connected all rings
c64:1043356:1043483 [3] NCCL INFO Connected all rings
c60:74401:74456 [1] NCCL INFO Connected all rings
c56:1521421:1521478 [3] NCCL INFO Connected all rings
c56:1521420:1521476 [2] NCCL INFO Connected all rings
c56:1521418:1521479 [0] NCCL INFO Connected all rings
c60:74402:74459 [2] NCCL INFO Connected all rings
c60:74403:74458 [3] NCCL INFO Connected all rings
c56:1521419:1521477 [1] NCCL INFO Connected all rings
c55:3883925:3883978 [0] NCCL INFO Connected all rings
c56:1521418:1521479 [0] NCCL INFO Channel 02/0 : 4[0] -> 5[1] via P2P/CUMEM
c55:3883925:3883978 [0] NCCL INFO Channel 02/0 : 0[0] -> 1[1] via P2P/CUMEM
c55:3883926:3884005 [1] NCCL INFO Connected all rings
c56:1521418:1521479 [0] NCCL INFO Channel 06/0 : 4[0] -> 5[1] via P2P/CUMEM
c55:3883926:3884005 [1] NCCL INFO Channel 01/0 : 1[1] -> 2[2] via P2P/CUMEM
c60:74400:74457 [0] NCCL INFO Channel 06/0 : 8[0] -> 9[1] via P2P/CUMEM
c55:3883925:3883978 [0] NCCL INFO Channel 06/0 : 0[0] -> 1[1] via P2P/CUMEM
c64:1043355:1043482 [2] NCCL INFO Channel 01/0 : 14[2] -> 15[3] via P2P/CUMEM
c60:74402:74459 [2] NCCL INFO Channel 01/0 : 10[2] -> 11[3] via P2P/CUMEM
c56:1521419:1521477 [1] NCCL INFO Channel 01/0 : 5[1] -> 6[2] via P2P/CUMEM
c64:1043355:1043482 [2] NCCL INFO Channel 05/0 : 14[2] -> 15[3] via P2P/CUMEM
c60:74402:74459 [2] NCCL INFO Channel 05/0 : 10[2] -> 11[3] via P2P/CUMEM
c60:74401:74456 [1] NCCL INFO Channel 01/0 : 9[1] -> 10[2] via P2P/CUMEM
c55:3883926:3884005 [1] NCCL INFO Channel 03/0 : 1[1] -> 2[2] via P2P/CUMEM
c64:1043354:1043481 [1] NCCL INFO Channel 02/0 : 13[1] -> 15[3] via P2P/CUMEM
c60:74401:74456 [1] NCCL INFO Channel 03/0 : 9[1] -> 10[2] via P2P/CUMEM
c64:1043354:1043481 [1] NCCL INFO Channel 06/0 : 13[1] -> 15[3] via P2P/CUMEM
c60:74401:74456 [1] NCCL INFO Channel 05/0 : 9[1] -> 10[2] via P2P/CUMEM
c55:3883926:3884005 [1] NCCL INFO Channel 05/0 : 1[1] -> 2[2] via P2P/CUMEM
c56:1521419:1521477 [1] NCCL INFO Channel 03/0 : 5[1] -> 6[2] via P2P/CUMEM
c55:3883926:3884005 [1] NCCL INFO Channel 07/0 : 1[1] -> 2[2] via P2P/CUMEM
c56:1521420:1521476 [2] NCCL INFO Channel 01/0 : 6[2] -> 7[3] via P2P/CUMEM
c60:74401:74456 [1] NCCL INFO Channel 07/0 : 9[1] -> 10[2] via P2P/CUMEM
c55:3883925:3883978 [0] NCCL INFO Channel 02/0 : 0[0] -> 2[2] via P2P/CUMEM
c56:1521419:1521477 [1] NCCL INFO Channel 05/0 : 5[1] -> 6[2] via P2P/CUMEM
c55:3883926:3884005 [1] NCCL INFO Channel 02/0 : 1[1] -> 3[3] via P2P/CUMEM
c56:1521419:1521477 [1] NCCL INFO Channel 07/0 : 5[1] -> 6[2] via P2P/CUMEM
c64:1043353:1043501 [0] NCCL INFO Channel 03/0 : 12[0] -> 15[3] via P2P/CUMEM
c64:1043355:1043482 [2] NCCL INFO Channel 02/0 : 10[2] -> 14[2] [receive] via NET/IB/3/GDRDMA
c64:1043353:1043501 [0] NCCL INFO Channel 07/0 : 12[0] -> 15[3] via P2P/CUMEM
c56:1521418:1521479 [0] NCCL INFO Channel 02/0 : 4[0] -> 6[2] via P2P/CUMEM
c56:1521418:1521479 [0] NCCL INFO Channel 03/0 : 4[0] -> 6[2] via P2P/CUMEM
c55:3883925:3883978 [0] NCCL INFO Channel 03/0 : 0[0] -> 2[2] via P2P/CUMEM
c60:74400:74457 [0] NCCL INFO Channel 02/0 : 8[0] -> 10[2] via P2P/CUMEM
c56:1521420:1521476 [2] NCCL INFO Channel 05/0 : 6[2] -> 7[3] via P2P/CUMEM
c60:74401:74456 [1] NCCL INFO Channel 02/0 : 9[1] -> 11[3] via P2P/CUMEM
c55:3883925:3883978 [0] NCCL INFO Channel 06/0 : 0[0] -> 2[2] via P2P/CUMEM
c55:3883926:3884005 [1] NCCL INFO Channel 06/0 : 1[1] -> 3[3] via P2P/CUMEM
c55:3883925:3883978 [0] NCCL INFO Channel 07/0 : 0[0] -> 2[2] via P2P/CUMEM
c56:1521419:1521477 [1] NCCL INFO Channel 02/0 : 5[1] -> 7[3] via P2P/CUMEM
c56:1521418:1521479 [0] NCCL INFO Channel 06/0 : 4[0] -> 6[2] via P2P/CUMEM
c64:1043354:1043481 [1] NCCL INFO Channel 01/0 : 9[1] -> 13[1] [receive] via NET/IB/0/GDRDMA
c55:3883925:3883978 [0] NCCL INFO Channel 03/0 : 0[0] -> 3[3] via P2P/CUMEM
c56:1521418:1521479 [0] NCCL INFO Channel 07/0 : 4[0] -> 6[2] via P2P/CUMEM
c55:3883927:3883979 [2] NCCL INFO Channel 06/0 : 2[2] -> 6[2] [send] via NET/IB/3/GDRDMA
c55:3883925:3883978 [0] NCCL INFO Channel 07/0 : 0[0] -> 3[3] via P2P/CUMEM
c56:1521419:1521477 [1] NCCL INFO Channel 06/0 : 5[1] -> 7[3] via P2P/CUMEM
c55:3883926:3884005 [1] NCCL INFO Channel 05/0 : 1[1] -> 5[1] [send] via NET/IB/0/GDRDMA
c56:1521418:1521479 [0] NCCL INFO Channel 03/0 : 4[0] -> 7[3] via P2P/CUMEM
c56:1521420:1521476 [2] NCCL INFO Channel 06/0 : 2[2] -> 6[2] [receive] via NET/IB/3/GDRDMA
c56:1521418:1521479 [0] NCCL INFO Channel 07/0 : 4[0] -> 7[3] via P2P/CUMEM
c56:1521420:1521476 [2] NCCL INFO Channel 02/0 : 6[2] -> 10[2] [send] via NET/IB/3/GDRDMA
c56:1521420:1521476 [2] NCCL INFO Channel 06/0 : 6[2] -> 10[2] [send] via NET/IB/3/GDRDMA
c55:3883925:3883978 [0] NCCL INFO Channel 04/0 : 0[0] -> 4[0] [send] via NET/IB/1/GDRDMA
c55:3883927:3883979 [2] NCCL INFO Channel 02/0 : 10[2] -> 2[2] [receive] via NET/IB/3/GDRDMA
c64:1043353:1043501 [0] NCCL INFO Channel 00/0 : 8[0] -> 12[0] [receive] via NET/IB/1/GDRDMA
c55:3883927:3883979 [2] NCCL INFO Channel 02/0 : 2[2] -> 10[2] [send] via NET/IB/3/GDRDMA
c64:1043356:1043483 [3] NCCL INFO Channel 03/0 : 11[3] -> 15[3] [receive] via NET/IB/2/GDRDMA
c60:74401:74456 [1] NCCL INFO Channel 06/0 : 9[1] -> 11[3] via P2P/CUMEM
c56:1521419:1521477 [1] NCCL INFO Channel 05/0 : 1[1] -> 5[1] [receive] via NET/IB/0/GDRDMA
c60:74400:74457 [0] NCCL INFO Channel 03/0 : 8[0] -> 10[2] via P2P/CUMEM
c55:3883928:3883980 [3] NCCL INFO Channel 07/0 : 3[3] -> 7[3] [send] via NET/IB/2/GDRDMA
c56:1521419:1521477 [1] NCCL INFO Channel 01/0 : 5[1] -> 9[1] [send] via NET/IB/0/GDRDMA
c56:1521419:1521477 [1] NCCL INFO Channel 05/0 : 5[1] -> 9[1] [send] via NET/IB/0/GDRDMA
c56:1521418:1521479 [0] NCCL INFO Channel 04/0 : 0[0] -> 4[0] [receive] via NET/IB/1/GDRDMA
c56:1521421:1521478 [3] NCCL INFO Channel 07/0 : 3[3] -> 7[3] [receive] via NET/IB/2/GDRDMA
c55:3883926:3884005 [1] NCCL INFO Channel 01/0 : 9[1] -> 1[1] [receive] via NET/IB/0/GDRDMA
c55:3883926:3884005 [1] NCCL INFO Channel 01/0 : 1[1] -> 9[1] [send] via NET/IB/0/GDRDMA
c56:1521418:1521479 [0] NCCL INFO Channel 00/0 : 4[0] -> 8[0] [send] via NET/IB/1/GDRDMA
c56:1521421:1521478 [3] NCCL INFO Channel 03/0 : 7[3] -> 11[3] [send] via NET/IB/2/GDRDMA
c56:1521421:1521478 [3] NCCL INFO Channel 07/0 : 7[3] -> 11[3] [send] via NET/IB/2/GDRDMA
c56:1521418:1521479 [0] NCCL INFO Channel 04/0 : 4[0] -> 8[0] [send] via NET/IB/1/GDRDMA
c60:74400:74457 [0] NCCL INFO Channel 06/0 : 8[0] -> 10[2] via P2P/CUMEM
c60:74401:74456 [1] NCCL INFO Channel 01/0 : 5[1] -> 9[1] [receive] via NET/IB/0/GDRDMA
c55:3883925:3883978 [0] NCCL INFO Channel 00/0 : 8[0] -> 0[0] [receive] via NET/IB/1/GDRDMA
c55:3883928:3883980 [3] NCCL INFO Channel 03/0 : 11[3] -> 3[3] [receive] via NET/IB/2/GDRDMA
c55:3883925:3883978 [0] NCCL INFO Channel 00/0 : 0[0] -> 8[0] [send] via NET/IB/1/GDRDMA
c55:3883928:3883980 [3] NCCL INFO Channel 03/0 : 3[3] -> 11[3] [send] via NET/IB/2/GDRDMA
c60:74401:74456 [1] NCCL INFO Channel 05/0 : 5[1] -> 9[1] [receive] via NET/IB/0/GDRDMA
c60:74400:74457 [0] NCCL INFO Channel 07/0 : 8[0] -> 10[2] via P2P/CUMEM
c60:74401:74456 [1] NCCL INFO Channel 01/0 : 9[1] -> 13[1] [send] via NET/IB/0/GDRDMA
c56:1521419:1521477 [1] NCCL INFO Channel 05/0 : 13[1] -> 5[1] [receive] via NET/IB/0/GDRDMA
c60:74401:74456 [1] NCCL INFO Channel 01/0 : 1[1] -> 9[1] [receive] via NET/IB/0/GDRDMA
c60:74401:74456 [1] NCCL INFO Channel 01/0 : 9[1] -> 1[1] [send] via NET/IB/0/GDRDMA
c64:1043354:1043481 [1] NCCL INFO Channel 05/0 : 5[1] -> 13[1] [receive] via NET/IB/0/GDRDMA
c64:1043354:1043481 [1] NCCL INFO Channel 05/0 : 13[1] -> 5[1] [send] via NET/IB/0/GDRDMA
c60:74400:74457 [0] NCCL INFO Channel 03/0 : 8[0] -> 11[3] via P2P/CUMEM
c60:74402:74459 [2] NCCL INFO Channel 02/0 : 6[2] -> 10[2] [receive] via NET/IB/3/GDRDMA
c60:74402:74459 [2] NCCL INFO Channel 06/0 : 6[2] -> 10[2] [receive] via NET/IB/3/GDRDMA
c60:74402:74459 [2] NCCL INFO Channel 02/0 : 10[2] -> 14[2] [send] via NET/IB/3/GDRDMA
c60:74401:74456 [1] NCCL INFO Channel 01/0 : 13[1] -> 9[1] [receive] via NET/IB/0/GDRDMA
c60:74401:74456 [1] NCCL INFO Channel 01/0 : 9[1] -> 5[1] [send] via NET/IB/0/GDRDMA
c55:3883926:3884005 [1] NCCL INFO Channel 05/0 : 5[1] -> 1[1] [receive] via NET/IB/0/GDRDMA
c60:74401:74456 [1] NCCL INFO Channel 05/0 : 9[1] -> 5[1] [send] via NET/IB/0/GDRDMA
c56:1521420:1521476 [2] NCCL INFO Channel 06/0 : 14[2] -> 6[2] [receive] via NET/IB/3/GDRDMA
c60:74402:74459 [2] NCCL INFO Channel 02/0 : 2[2] -> 10[2] [receive] via NET/IB/3/GDRDMA
c60:74402:74459 [2] NCCL INFO Channel 02/0 : 10[2] -> 2[2] [send] via NET/IB/3/GDRDMA
c64:1043355:1043482 [2] NCCL INFO Channel 06/0 : 6[2] -> 14[2] [receive] via NET/IB/3/GDRDMA
c56:1521419:1521477 [1] NCCL INFO Channel 05/0 : 5[1] -> 13[1] [send] via NET/IB/0/GDRDMA
c56:1521420:1521476 [2] NCCL INFO Channel 06/0 : 6[2] -> 14[2] [send] via NET/IB/3/GDRDMA
c64:1043355:1043482 [2] NCCL INFO Channel 06/0 : 14[2] -> 6[2] [send] via NET/IB/3/GDRDMA
c60:74400:74457 [0] NCCL INFO Channel 07/0 : 8[0] -> 11[3] via P2P/CUMEM
c60:74402:74459 [2] NCCL INFO Channel 02/0 : 14[2] -> 10[2] [receive] via NET/IB/3/GDRDMA
c55:3883927:3883979 [2] NCCL INFO Channel 06/0 : 6[2] -> 2[2] [receive] via NET/IB/3/GDRDMA
c60:74402:74459 [2] NCCL INFO Channel 02/0 : 10[2] -> 6[2] [send] via NET/IB/3/GDRDMA
c56:1521419:1521477 [1] NCCL INFO Channel 01/0 : 9[1] -> 5[1] [receive] via NET/IB/0/GDRDMA
c64:1043354:1043481 [1] NCCL INFO Channel 01/0 : 13[1] -> 9[1] [send] via NET/IB/0/GDRDMA
c60:74402:74459 [2] NCCL INFO Channel 06/0 : 10[2] -> 6[2] [send] via NET/IB/3/GDRDMA
c64:1043355:1043482 [2] NCCL INFO Channel 02/0 : 14[2] -> 10[2] [send] via NET/IB/3/GDRDMA
c56:1521419:1521477 [1] NCCL INFO Channel 05/0 : 9[1] -> 5[1] [receive] via NET/IB/0/GDRDMA
c64:1043355:1043482 [2] NCCL INFO Channel 02/0 : 14[2] -> 12[0] via P2P/CUMEM
c56:1521420:1521476 [2] NCCL INFO Channel 02/0 : 10[2] -> 6[2] [receive] via NET/IB/3/GDRDMA
c56:1521419:1521477 [1] NCCL INFO Channel 05/0 : 5[1] -> 1[1] [send] via NET/IB/0/GDRDMA
c56:1521420:1521476 [2] NCCL INFO Channel 06/0 : 10[2] -> 6[2] [receive] via NET/IB/3/GDRDMA
c56:1521420:1521476 [2] NCCL INFO Channel 06/0 : 6[2] -> 2[2] [send] via NET/IB/3/GDRDMA
c60:74402:74459 [2] NCCL INFO Channel 02/0 : 10[2] -> 8[0] via P2P/CUMEM
c55:3883927:3883979 [2] NCCL INFO Channel 02/0 : 2[2] -> 0[0] via P2P/CUMEM
c56:1521420:1521476 [2] NCCL INFO Channel 02/0 : 6[2] -> 4[0] via P2P/CUMEM
c56:1521420:1521476 [2] NCCL INFO Channel 03/0 : 6[2] -> 4[0] via P2P/CUMEM
c60:74402:74459 [2] NCCL INFO Channel 03/0 : 10[2] -> 8[0] via P2P/CUMEM
c64:1043355:1043482 [2] NCCL INFO Channel 03/0 : 14[2] -> 12[0] via P2P/CUMEM
c55:3883927:3883979 [2] NCCL INFO Channel 03/0 : 2[2] -> 0[0] via P2P/CUMEM
c60:74402:74459 [2] NCCL INFO Channel 06/0 : 10[2] -> 8[0] via P2P/CUMEM
c60:74402:74459 [2] NCCL INFO Channel 07/0 : 10[2] -> 8[0] via P2P/CUMEM
c55:3883927:3883979 [2] NCCL INFO Channel 06/0 : 2[2] -> 0[0] via P2P/CUMEM
c56:1521420:1521476 [2] NCCL INFO Channel 06/0 : 6[2] -> 4[0] via P2P/CUMEM
c55:3883927:3883979 [2] NCCL INFO Channel 07/0 : 2[2] -> 0[0] via P2P/CUMEM
c64:1043355:1043482 [2] NCCL INFO Channel 06/0 : 14[2] -> 12[0] via P2P/CUMEM
c56:1521420:1521476 [2] NCCL INFO Channel 07/0 : 6[2] -> 4[0] via P2P/CUMEM
c64:1043355:1043482 [2] NCCL INFO Channel 07/0 : 14[2] -> 12[0] via P2P/CUMEM
c60:74400:74457 [0] NCCL INFO Channel 00/0 : 4[0] -> 8[0] [receive] via NET/IB/1/GDRDMA
c60:74400:74457 [0] NCCL INFO Channel 04/0 : 4[0] -> 8[0] [receive] via NET/IB/1/GDRDMA
c60:74403:74458 [3] NCCL INFO Channel 03/0 : 7[3] -> 11[3] [receive] via NET/IB/2/GDRDMA
c60:74400:74457 [0] NCCL INFO Channel 00/0 : 8[0] -> 12[0] [send] via NET/IB/1/GDRDMA
c60:74400:74457 [0] NCCL INFO Channel 00/0 : 0[0] -> 8[0] [receive] via NET/IB/1/GDRDMA
c56:1521418:1521479 [0] NCCL INFO Channel 04/0 : 12[0] -> 4[0] [receive] via NET/IB/1/GDRDMA
c64:1043353:1043501 [0] NCCL INFO Channel 04/0 : 4[0] -> 12[0] [receive] via NET/IB/1/GDRDMA
c64:1043353:1043501 [0] NCCL INFO Channel 04/0 : 12[0] -> 4[0] [send] via NET/IB/1/GDRDMA
c56:1521418:1521479 [0] NCCL INFO Channel 04/0 : 4[0] -> 12[0] [send] via NET/IB/1/GDRDMA
c64:1043353:1043501 [0] NCCL INFO Channel 00/0 : 12[0] -> 8[0] [send] via NET/IB/1/GDRDMA
c56:1521418:1521479 [0] NCCL INFO Channel 00/0 : 8[0] -> 4[0] [receive] via NET/IB/1/GDRDMA
c56:1521418:1521479 [0] NCCL INFO Channel 04/0 : 8[0] -> 4[0] [receive] via NET/IB/1/GDRDMA
c56:1521418:1521479 [0] NCCL INFO Channel 04/0 : 4[0] -> 0[0] [send] via NET/IB/1/GDRDMA
c60:74400:74457 [0] NCCL INFO Channel 00/0 : 8[0] -> 0[0] [send] via NET/IB/1/GDRDMA
c55:3883925:3883978 [0] NCCL INFO Channel 04/0 : 4[0] -> 0[0] [receive] via NET/IB/1/GDRDMA
c60:74403:74458 [3] NCCL INFO Channel 07/0 : 7[3] -> 11[3] [receive] via NET/IB/2/GDRDMA
c60:74400:74457 [0] NCCL INFO Channel 00/0 : 12[0] -> 8[0] [receive] via NET/IB/1/GDRDMA
c60:74400:74457 [0] NCCL INFO Channel 00/0 : 8[0] -> 4[0] [send] via NET/IB/1/GDRDMA
c60:74400:74457 [0] NCCL INFO Channel 04/0 : 8[0] -> 4[0] [send] via NET/IB/1/GDRDMA
c60:74403:74458 [3] NCCL INFO Channel 03/0 : 11[3] -> 15[3] [send] via NET/IB/2/GDRDMA
c56:1521421:1521478 [3] NCCL INFO Channel 07/0 : 15[3] -> 7[3] [receive] via NET/IB/2/GDRDMA
c64:1043356:1043483 [3] NCCL INFO Channel 07/0 : 7[3] -> 15[3] [receive] via NET/IB/2/GDRDMA
c64:1043356:1043483 [3] NCCL INFO Channel 07/0 : 15[3] -> 7[3] [send] via NET/IB/2/GDRDMA
c60:74403:74458 [3] NCCL INFO Channel 03/0 : 3[3] -> 11[3] [receive] via NET/IB/2/GDRDMA
c60:74403:74458 [3] NCCL INFO Channel 03/0 : 11[3] -> 3[3] [send] via NET/IB/2/GDRDMA
c60:74403:74458 [3] NCCL INFO Channel 03/0 : 15[3] -> 11[3] [receive] via NET/IB/2/GDRDMA
c55:3883928:3883980 [3] NCCL INFO Channel 07/0 : 7[3] -> 3[3] [receive] via NET/IB/2/GDRDMA
c60:74403:74458 [3] NCCL INFO Channel 03/0 : 11[3] -> 7[3] [send] via NET/IB/2/GDRDMA
c60:74403:74458 [3] NCCL INFO Channel 07/0 : 11[3] -> 7[3] [send] via NET/IB/2/GDRDMA
c56:1521421:1521478 [3] NCCL INFO Channel 07/0 : 7[3] -> 15[3] [send] via NET/IB/2/GDRDMA
c56:1521421:1521478 [3] NCCL INFO Channel 03/0 : 11[3] -> 7[3] [receive] via NET/IB/2/GDRDMA
c56:1521421:1521478 [3] NCCL INFO Channel 07/0 : 11[3] -> 7[3] [receive] via NET/IB/2/GDRDMA
c56:1521421:1521478 [3] NCCL INFO Channel 07/0 : 7[3] -> 3[3] [send] via NET/IB/2/GDRDMA
c55:3883928:3883980 [3] NCCL INFO Channel 01/0 : 3[3] -> 0[0] via P2P/CUMEM
c56:1521421:1521478 [3] NCCL INFO Channel 01/0 : 7[3] -> 4[0] via P2P/CUMEM
c64:1043356:1043483 [3] NCCL INFO Channel 03/0 : 15[3] -> 11[3] [send] via NET/IB/2/GDRDMA
c64:1043356:1043483 [3] NCCL INFO Channel 01/0 : 15[3] -> 12[0] via P2P/CUMEM
c60:74403:74458 [3] NCCL INFO Channel 01/0 : 11[3] -> 8[0] via P2P/CUMEM
c56:1521421:1521478 [3] NCCL INFO Channel 03/0 : 7[3] -> 4[0] via P2P/CUMEM
c56:1521421:1521478 [3] NCCL INFO Channel 05/0 : 7[3] -> 4[0] via P2P/CUMEM
c64:1043356:1043483 [3] NCCL INFO Channel 03/0 : 15[3] -> 12[0] via P2P/CUMEM
c56:1521421:1521478 [3] NCCL INFO Channel 07/0 : 7[3] -> 4[0] via P2P/CUMEM
c64:1043356:1043483 [3] NCCL INFO Channel 05/0 : 15[3] -> 12[0] via P2P/CUMEM
c55:3883928:3883980 [3] NCCL INFO Channel 03/0 : 3[3] -> 0[0] via P2P/CUMEM
c56:1521421:1521478 [3] NCCL INFO Channel 02/0 : 7[3] -> 5[1] via P2P/CUMEM
c55:3883928:3883980 [3] NCCL INFO Channel 05/0 : 3[3] -> 0[0] via P2P/CUMEM
c64:1043356:1043483 [3] NCCL INFO Channel 07/0 : 15[3] -> 12[0] via P2P/CUMEM
c55:3883928:3883980 [3] NCCL INFO Channel 07/0 : 3[3] -> 0[0] via P2P/CUMEM
c56:1521421:1521478 [3] NCCL INFO Channel 06/0 : 7[3] -> 5[1] via P2P/CUMEM
c55:3883928:3883980 [3] NCCL INFO Channel 02/0 : 3[3] -> 1[1] via P2P/CUMEM
c55:3883928:3883980 [3] NCCL INFO Channel 06/0 : 3[3] -> 1[1] via P2P/CUMEM
c64:1043356:1043483 [3] NCCL INFO Channel 02/0 : 15[3] -> 13[1] via P2P/CUMEM
c55:3883928:3883980 [3] NCCL INFO Channel 00/0 : 3[3] -> 2[2] via P2P/CUMEM
c55:3883928:3883980 [3] NCCL INFO Channel 04/0 : 3[3] -> 2[2] via P2P/CUMEM
c56:1521420:1521476 [2] NCCL INFO Channel 00/0 : 6[2] -> 5[1] via P2P/CUMEM
c56:1521421:1521478 [3] NCCL INFO Channel 00/0 : 7[3] -> 6[2] via P2P/CUMEM
c64:1043356:1043483 [3] NCCL INFO Channel 06/0 : 15[3] -> 13[1] via P2P/CUMEM
c64:1043356:1043483 [3] NCCL INFO Channel 00/0 : 15[3] -> 14[2] via P2P/CUMEM
c56:1521421:1521478 [3] NCCL INFO Channel 04/0 : 7[3] -> 6[2] via P2P/CUMEM
c55:3883926:3884005 [1] NCCL INFO Channel 00/0 : 1[1] -> 0[0] via P2P/CUMEM
c64:1043356:1043483 [3] NCCL INFO Channel 04/0 : 15[3] -> 14[2] via P2P/CUMEM
c55:3883926:3884005 [1] NCCL INFO Channel 04/0 : 1[1] -> 0[0] via P2P/CUMEM
c60:74403:74458 [3] NCCL INFO Channel 03/0 : 11[3] -> 8[0] via P2P/CUMEM
c64:1043355:1043482 [2] NCCL INFO Channel 00/0 : 14[2] -> 13[1] via P2P/CUMEM
c60:74403:74458 [3] NCCL INFO Channel 05/0 : 11[3] -> 8[0] via P2P/CUMEM
c64:1043355:1043482 [2] NCCL INFO Channel 01/0 : 14[2] -> 13[1] via P2P/CUMEM
c64:1043355:1043482 [2] NCCL INFO Channel 04/0 : 14[2] -> 13[1] via P2P/CUMEM
c64:1043354:1043481 [1] NCCL INFO Channel 00/0 : 13[1] -> 12[0] via P2P/CUMEM
c64:1043355:1043482 [2] NCCL INFO Channel 05/0 : 14[2] -> 13[1] via P2P/CUMEM
c64:1043354:1043481 [1] NCCL INFO Channel 04/0 : 13[1] -> 12[0] via P2P/CUMEM
c56:1521419:1521477 [1] NCCL INFO Channel 00/0 : 5[1] -> 4[0] via P2P/CUMEM
c56:1521419:1521477 [1] NCCL INFO Channel 04/0 : 5[1] -> 4[0] via P2P/CUMEM
c56:1521420:1521476 [2] NCCL INFO Channel 01/0 : 6[2] -> 5[1] via P2P/CUMEM
c55:3883927:3883979 [2] NCCL INFO Channel 00/0 : 2[2] -> 1[1] via P2P/CUMEM
c60:74403:74458 [3] NCCL INFO Channel 07/0 : 11[3] -> 8[0] via P2P/CUMEM
c56:1521420:1521476 [2] NCCL INFO Channel 04/0 : 6[2] -> 5[1] via P2P/CUMEM
c55:3883927:3883979 [2] NCCL INFO Channel 01/0 : 2[2] -> 1[1] via P2P/CUMEM
c60:74403:74458 [3] NCCL INFO Channel 02/0 : 11[3] -> 9[1] via P2P/CUMEM
c60:74403:74458 [3] NCCL INFO Channel 06/0 : 11[3] -> 9[1] via P2P/CUMEM
c60:74403:74458 [3] NCCL INFO Channel 00/0 : 11[3] -> 10[2] via P2P/CUMEM
c56:1521420:1521476 [2] NCCL INFO Channel 05/0 : 6[2] -> 5[1] via P2P/CUMEM
c55:3883927:3883979 [2] NCCL INFO Channel 04/0 : 2[2] -> 1[1] via P2P/CUMEM
c60:74402:74459 [2] NCCL INFO Channel 00/0 : 10[2] -> 9[1] via P2P/CUMEM
c55:3883927:3883979 [2] NCCL INFO Channel 05/0 : 2[2] -> 1[1] via P2P/CUMEM
c60:74402:74459 [2] NCCL INFO Channel 01/0 : 10[2] -> 9[1] via P2P/CUMEM
c60:74402:74459 [2] NCCL INFO Channel 04/0 : 10[2] -> 9[1] via P2P/CUMEM
c60:74402:74459 [2] NCCL INFO Channel 05/0 : 10[2] -> 9[1] via P2P/CUMEM
c60:74401:74456 [1] NCCL INFO Channel 00/0 : 9[1] -> 8[0] via P2P/CUMEM
c60:74401:74456 [1] NCCL INFO Channel 04/0 : 9[1] -> 8[0] via P2P/CUMEM
c60:74403:74458 [3] NCCL INFO Channel 04/0 : 11[3] -> 10[2] via P2P/CUMEM
c64:1043353:1043501 [0] NCCL INFO Connected all trees
c64:1043353:1043501 [0] NCCL INFO threadThresholds 8/8/64 | 128/8/64 | 512 | 512
c64:1043353:1043501 [0] NCCL INFO 8 coll channels, 8 collnet channels, 0 nvls channels, 8 p2p channels, 2 p2p channels per peer
c55:3883925:3883978 [0] NCCL INFO Connected all trees
c56:1521418:1521479 [0] NCCL INFO Connected all trees
c56:1521418:1521479 [0] NCCL INFO threadThresholds 8/8/64 | 128/8/64 | 512 | 512
c56:1521418:1521479 [0] NCCL INFO 8 coll channels, 8 collnet channels, 0 nvls channels, 8 p2p channels, 2 p2p channels per peer
c64:1043356:1043483 [3] NCCL INFO Connected all trees
c60:74400:74457 [0] NCCL INFO Connected all trees
c55:3883926:3884005 [1] NCCL INFO Connected all trees
c55:3883926:3884005 [1] NCCL INFO threadThresholds 8/8/64 | 128/8/64 | 512 | 512
c55:3883925:3883978 [0] NCCL INFO threadThresholds 8/8/64 | 128/8/64 | 512 | 512
c55:3883926:3884005 [1] NCCL INFO 8 coll channels, 8 collnet channels, 0 nvls channels, 8 p2p channels, 2 p2p channels per peer
c55:3883925:3883978 [0] NCCL INFO 8 coll channels, 8 collnet channels, 0 nvls channels, 8 p2p channels, 2 p2p channels per peer
c56:1521419:1521477 [1] NCCL INFO Connected all trees
c56:1521421:1521478 [3] NCCL INFO Connected all trees
c64:1043355:1043482 [2] NCCL INFO Connected all trees
c64:1043356:1043483 [3] NCCL INFO threadThresholds 8/8/64 | 128/8/64 | 512 | 512
c60:74400:74457 [0] NCCL INFO threadThresholds 8/8/64 | 128/8/64 | 512 | 512
c60:74400:74457 [0] NCCL INFO 8 coll channels, 8 collnet channels, 0 nvls channels, 8 p2p channels, 2 p2p channels per peer
c60:74403:74458 [3] NCCL INFO Connected all trees
c60:74401:74456 [1] NCCL INFO Connected all trees
c55:3883927:3883979 [2] NCCL INFO Connected all trees
c56:1521419:1521477 [1] NCCL INFO threadThresholds 8/8/64 | 128/8/64 | 512 | 512
c56:1521419:1521477 [1] NCCL INFO 8 coll channels, 8 collnet channels, 0 nvls channels, 8 p2p channels, 2 p2p channels per peer
c56:1521421:1521478 [3] NCCL INFO threadThresholds 8/8/64 | 128/8/64 | 512 | 512
c56:1521421:1521478 [3] NCCL INFO 8 coll channels, 8 collnet channels, 0 nvls channels, 8 p2p channels, 2 p2p channels per peer
c64:1043356:1043483 [3] NCCL INFO 8 coll channels, 8 collnet channels, 0 nvls channels, 8 p2p channels, 2 p2p channels per peer
c60:74403:74458 [3] NCCL INFO threadThresholds 8/8/64 | 128/8/64 | 512 | 512
c60:74403:74458 [3] NCCL INFO 8 coll channels, 8 collnet channels, 0 nvls channels, 8 p2p channels, 2 p2p channels per peer
c60:74401:74456 [1] NCCL INFO threadThresholds 8/8/64 | 128/8/64 | 512 | 512
c60:74401:74456 [1] NCCL INFO 8 coll channels, 8 collnet channels, 0 nvls channels, 8 p2p channels, 2 p2p channels per peer
c55:3883927:3883979 [2] NCCL INFO threadThresholds 8/8/64 | 128/8/64 | 512 | 512
c55:3883927:3883979 [2] NCCL INFO 8 coll channels, 8 collnet channels, 0 nvls channels, 8 p2p channels, 2 p2p channels per peer
c56:1521420:1521476 [2] NCCL INFO Connected all trees
c64:1043355:1043482 [2] NCCL INFO threadThresholds 8/8/64 | 128/8/64 | 512 | 512
c60:74402:74459 [2] NCCL INFO Connected all trees
c56:1521420:1521476 [2] NCCL INFO threadThresholds 8/8/64 | 128/8/64 | 512 | 512
c56:1521420:1521476 [2] NCCL INFO 8 coll channels, 8 collnet channels, 0 nvls channels, 8 p2p channels, 2 p2p channels per peer
c64:1043355:1043482 [2] NCCL INFO 8 coll channels, 8 collnet channels, 0 nvls channels, 8 p2p channels, 2 p2p channels per peer
c60:74402:74459 [2] NCCL INFO threadThresholds 8/8/64 | 128/8/64 | 512 | 512
c60:74402:74459 [2] NCCL INFO 8 coll channels, 8 collnet channels, 0 nvls channels, 8 p2p channels, 2 p2p channels per peer
c64:1043354:1043481 [1] NCCL INFO Connected all trees
c64:1043354:1043481 [1] NCCL INFO threadThresholds 8/8/64 | 128/8/64 | 512 | 512
c64:1043354:1043481 [1] NCCL INFO 8 coll channels, 8 collnet channels, 0 nvls channels, 8 p2p channels, 2 p2p channels per peer
c55:3883928:3883980 [3] NCCL INFO Connected all trees
c55:3883928:3883980 [3] NCCL INFO threadThresholds 8/8/64 | 128/8/64 | 512 | 512
c55:3883928:3883980 [3] NCCL INFO 8 coll channels, 8 collnet channels, 0 nvls channels, 8 p2p channels, 2 p2p channels per peer
c55:3883925:3883978 [0] NCCL INFO TUNER/Plugin: Plugin load returned 2 : libnccl-net.so: cannot open shared object file: No such file or directory : when loading libnccl-tuner.so
c55:3883925:3883978 [0] NCCL INFO TUNER/Plugin: Using internal tuner plugin.
c55:3883925:3883978 [0] NCCL INFO ncclCommInitRank comm 0x8e207a0 rank 0 nranks 16 cudaDev 0 nvmlDev 0 busId 6000 commId 0x44da6a4bd45e1b10 - Init COMPLETE
c55:3883927:3883979 [2] NCCL INFO TUNER/Plugin: Plugin load returned 2 : libnccl-net.so: cannot open shared object file: No such file or directory : when loading libnccl-tuner.so
c55:3883927:3883979 [2] NCCL INFO TUNER/Plugin: Using internal tuner plugin.
c55:3883927:3883979 [2] NCCL INFO ncclCommInitRank comm 0x92880d0 rank 2 nranks 16 cudaDev 2 nvmlDev 2 busId a6000 commId 0x44da6a4bd45e1b10 - Init COMPLETE
c55:3883928:3883980 [3] NCCL INFO TUNER/Plugin: Plugin load returned 2 : libnccl-net.so: cannot open shared object file: No such file or directory : when loading libnccl-tuner.so
c55:3883928:3883980 [3] NCCL INFO TUNER/Plugin: Using internal tuner plugin.
c55:3883928:3883980 [3] NCCL INFO ncclCommInitRank comm 0xa1a3670 rank 3 nranks 16 cudaDev 3 nvmlDev 3 busId c6000 commId 0x44da6a4bd45e1b10 - Init COMPLETE
c55:3883926:3884005 [1] NCCL INFO TUNER/Plugin: Plugin load returned 2 : libnccl-net.so: cannot open shared object file: No such file or directory : when loading libnccl-tuner.so
c55:3883926:3884005 [1] NCCL INFO TUNER/Plugin: Using internal tuner plugin.
c55:3883926:3884005 [1] NCCL INFO ncclCommInitRank comm 0x8c530d0 rank 1 nranks 16 cudaDev 1 nvmlDev 1 busId 26000 commId 0x44da6a4bd45e1b10 - Init COMPLETE
c60:74401:74456 [1] NCCL INFO TUNER/Plugin: Plugin load returned 2 : libnccl-net.so: cannot open shared object file: No such file or directory : when loading libnccl-tuner.so
c60:74403:74458 [3] NCCL INFO TUNER/Plugin: Plugin load returned 2 : libnccl-net.so: cannot open shared object file: No such file or directory : when loading libnccl-tuner.so
c60:74401:74456 [1] NCCL INFO TUNER/Plugin: Using internal tuner plugin.
c60:74403:74458 [3] NCCL INFO TUNER/Plugin: Using internal tuner plugin.
c60:74401:74456 [1] NCCL INFO ncclCommInitRank comm 0x9d4d990 rank 9 nranks 16 cudaDev 1 nvmlDev 1 busId 26000 commId 0x44da6a4bd45e1b10 - Init COMPLETE
c60:74403:74458 [3] NCCL INFO ncclCommInitRank comm 0x9059f80 rank 11 nranks 16 cudaDev 3 nvmlDev 3 busId c6000 commId 0x44da6a4bd45e1b10 - Init COMPLETE
c60:74400:74457 [0] NCCL INFO TUNER/Plugin: Plugin load returned 2 : libnccl-net.so: cannot open shared object file: No such file or directory : when loading libnccl-tuner.so
c60:74400:74457 [0] NCCL INFO TUNER/Plugin: Using internal tuner plugin.
c60:74400:74457 [0] NCCL INFO ncclCommInitRank comm 0x773eee0 rank 8 nranks 16 cudaDev 0 nvmlDev 0 busId 6000 commId 0x44da6a4bd45e1b10 - Init COMPLETE
c60:74402:74459 [2] NCCL INFO TUNER/Plugin: Plugin load returned 2 : libnccl-net.so: cannot open shared object file: No such file or directory : when loading libnccl-tuner.so
c60:74402:74459 [2] NCCL INFO TUNER/Plugin: Using internal tuner plugin.
c60:74402:74459 [2] NCCL INFO ncclCommInitRank comm 0x905fad0 rank 10 nranks 16 cudaDev 2 nvmlDev 2 busId a6000 commId 0x44da6a4bd45e1b10 - Init COMPLETE
c64:1043356:1043483 [3] NCCL INFO TUNER/Plugin: Plugin load returned 2 : libnccl-net.so: cannot open shared object file: No such file or directory : when loading libnccl-tuner.so
c64:1043353:1043501 [0] NCCL INFO TUNER/Plugin: Plugin load returned 2 : libnccl-net.so: cannot open shared object file: No such file or directory : when loading libnccl-tuner.so
c64:1043356:1043483 [3] NCCL INFO TUNER/Plugin: Using internal tuner plugin.
c64:1043353:1043501 [0] NCCL INFO TUNER/Plugin: Using internal tuner plugin.
c64:1043353:1043501 [0] NCCL INFO ncclCommInitRank comm 0x8baf490 rank 12 nranks 16 cudaDev 0 nvmlDev 0 busId 6000 commId 0x44da6a4bd45e1b10 - Init COMPLETE
c64:1043356:1043483 [3] NCCL INFO ncclCommInitRank comm 0xa0df950 rank 15 nranks 16 cudaDev 3 nvmlDev 3 busId c6000 commId 0x44da6a4bd45e1b10 - Init COMPLETE
c64:1043354:1043481 [1] NCCL INFO TUNER/Plugin: Plugin load returned 2 : libnccl-net.so: cannot open shared object file: No such file or directory : when loading libnccl-tuner.so
c64:1043354:1043481 [1] NCCL INFO TUNER/Plugin: Using internal tuner plugin.
c64:1043354:1043481 [1] NCCL INFO ncclCommInitRank comm 0x8479750 rank 13 nranks 16 cudaDev 1 nvmlDev 1 busId 26000 commId 0x44da6a4bd45e1b10 - Init COMPLETE
c64:1043355:1043482 [2] NCCL INFO TUNER/Plugin: Plugin load returned 2 : libnccl-net.so: cannot open shared object file: No such file or directory : when loading libnccl-tuner.so
c64:1043355:1043482 [2] NCCL INFO TUNER/Plugin: Using internal tuner plugin.
c64:1043355:1043482 [2] NCCL INFO ncclCommInitRank comm 0x8c7b940 rank 14 nranks 16 cudaDev 2 nvmlDev 2 busId a6000 commId 0x44da6a4bd45e1b10 - Init COMPLETE
c56:1521421:1521478 [3] NCCL INFO TUNER/Plugin: Plugin load returned 2 : libnccl-net.so: cannot open shared object file: No such file or directory : when loading libnccl-tuner.so
c56:1521421:1521478 [3] NCCL INFO TUNER/Plugin: Using internal tuner plugin.
c56:1521421:1521478 [3] NCCL INFO ncclCommInitRank comm 0xac69260 rank 7 nranks 16 cudaDev 3 nvmlDev 3 busId c6000 commId 0x44da6a4bd45e1b10 - Init COMPLETE
c56:1521420:1521476 [2] NCCL INFO TUNER/Plugin: Plugin load returned 2 : libnccl-net.so: cannot open shared object file: No such file or directory : when loading libnccl-tuner.so
c56:1521420:1521476 [2] NCCL INFO TUNER/Plugin: Using internal tuner plugin.
c56:1521420:1521476 [2] NCCL INFO ncclCommInitRank comm 0x8a5f860 rank 6 nranks 16 cudaDev 2 nvmlDev 2 busId a6000 commId 0x44da6a4bd45e1b10 - Init COMPLETE
c56:1521419:1521477 [1] NCCL INFO TUNER/Plugin: Plugin load returned 2 : libnccl-net.so: cannot open shared object file: No such file or directory : when loading libnccl-tuner.so
c56:1521419:1521477 [1] NCCL INFO TUNER/Plugin: Using internal tuner plugin.
c56:1521419:1521477 [1] NCCL INFO ncclCommInitRank comm 0x8b6bf20 rank 5 nranks 16 cudaDev 1 nvmlDev 1 busId 26000 commId 0x44da6a4bd45e1b10 - Init COMPLETE
c56:1521418:1521479 [0] NCCL INFO TUNER/Plugin: Plugin load returned 2 : libnccl-net.so: cannot open shared object file: No such file or directory : when loading libnccl-tuner.so
c56:1521418:1521479 [0] NCCL INFO TUNER/Plugin: Using internal tuner plugin.
c56:1521418:1521479 [0] NCCL INFO ncclCommInitRank comm 0x873f5b0 rank 4 nranks 16 cudaDev 0 nvmlDev 0 busId 6000 commId 0x44da6a4bd45e1b10 - Init COMPLETE
step 0: train loss 10.9886, val loss 10.9897
iter 0: loss 10.9933, time 96641.40ms, mfu -100.00%
iter 1: loss 10.9597, time 982.43ms, mfu -100.00%
iter 2: loss 10.9495, time 1612.25ms, mfu -100.00%
iter 3: loss 10.8695, time 1135.47ms, mfu -100.00%
iter 4: loss 10.8201, time 909.77ms, mfu -100.00%
iter 5: loss 10.7297, time 1148.96ms, mfu 14.65%
iter 6: loss 10.6540, time 1363.05ms, mfu 14.42%
iter 7: loss 10.5840, time 2152.28ms, mfu 13.76%
iter 8: loss 10.4938, time 2039.25ms, mfu 13.21%
iter 9: loss 10.3487, time 1014.01ms, mfu 13.55%
iter 10: loss 10.3069, time 1069.17ms, mfu 13.77%
iter 11: loss 10.2691, time 1027.25ms, mfu 14.03%
iter 12: loss 10.1242, time 1046.79ms, mfu 14.23%
iter 13: loss 10.0634, time 1002.32ms, mfu 14.49%
iter 14: loss 10.0198, time 1039.19ms, mfu 14.66%
iter 15: loss 9.9208, time 1005.09ms, mfu 14.87%
iter 16: loss 9.9305, time 1209.05ms, mfu 14.78%
iter 17: loss 9.8565, time 952.55ms, mfu 15.06%
iter 18: loss 9.8215, time 1261.01ms, mfu 14.89%
iter 19: loss 9.8462, time 1269.01ms, mfu 14.73%
iter 20: loss 9.7322, time 847.25ms, mfu 15.24%
iter 21: loss 9.6738, time 908.47ms, mfu 15.57%
iter 22: loss 9.6476, time 1073.95ms, mfu 15.58%
iter 23: loss 9.6478, time 988.19ms, mfu 15.73%
iter 24: loss 9.5126, time 1024.21ms, mfu 15.80%
iter 25: loss 9.6037, time 1194.96ms, mfu 15.63%
iter 26: loss 9.5870, time 1325.42ms, mfu 15.33%
iter 27: loss 9.6636, time 1061.01ms, mfu 15.39%
iter 28: loss 9.4986, time 1072.19ms, mfu 15.42%
iter 29: loss 9.6073, time 984.38ms, mfu 15.59%
iter 30: loss 9.4650, time 1017.79ms, mfu 15.68%
iter 31: loss 9.3948, time 1499.47ms, mfu 15.24%
iter 32: loss 9.3833, time 1064.18ms, mfu 15.29%
iter 33: loss 9.4400, time 972.28ms, mfu 15.50%
iter 34: loss 9.3387, time 912.07ms, mfu 15.79%
iter 35: loss 9.2609, time 913.15ms, mfu 16.06%
iter 36: loss 9.4235, time 1038.02ms, mfu 16.07%
iter 37: loss 9.2799, time 989.39ms, mfu 16.17%
iter 38: loss 9.2789, time 925.17ms, mfu 16.37%
iter 39: loss 9.3882, time 989.60ms, mfu 16.43%
iter 40: loss 9.1518, time 1158.06ms, mfu 16.24%
iter 41: loss 9.2740, time 1002.55ms, mfu 16.30%
iter 42: loss 9.1496, time 835.39ms, mfu 16.68%
iter 43: loss 9.2055, time 968.55ms, mfu 16.75%
iter 44: loss 9.1959, time 1060.43ms, mfu 16.66%
iter 45: loss 9.2619, time 1280.15ms, mfu 16.31%
iter 46: loss 9.2175, time 1631.57ms, mfu 15.71%
iter 47: loss 9.0293, time 1299.88ms, mfu 15.44%
iter 48: loss 9.0740, time 1205.45ms, mfu 15.29%
iter 49: loss 8.9911, time 936.16ms, mfu 15.56%
iter 50: loss 8.9341, time 1007.07ms, mfu 15.67%
iter 51: loss 8.9604, time 1081.37ms, mfu 15.66%
iter 52: loss 8.8976, time 1349.49ms, mfu 15.34%
iter 53: loss 8.9885, time 1076.60ms, mfu 15.37%
iter 54: loss 8.9676, time 963.01ms, mfu 15.58%
iter 55: loss 8.8203, time 1097.92ms, mfu 15.56%
iter 56: loss 8.7495, time 1048.88ms, mfu 15.61%
iter 57: loss 8.7356, time 966.06ms, mfu 15.79%
iter 58: loss 8.8886, time 857.60ms, mfu 16.17%
iter 59: loss 8.9134, time 1076.64ms, mfu 16.12%
iter 60: loss 8.7938, time 957.25ms, mfu 16.27%
iter 61: loss 8.8046, time 934.32ms, mfu 16.44%
iter 62: loss 8.7713, time 881.93ms, mfu 16.71%
iter 63: loss 8.7041, time 949.16ms, mfu 16.81%
iter 64: loss 8.5018, time 863.04ms, mfu 17.08%
iter 65: loss 8.7445, time 1244.71ms, mfu 16.72%
iter 66: loss 8.6443, time 1090.12ms, mfu 16.59%
iter 67: loss 8.4603, time 863.24ms, mfu 16.88%
iter 68: loss 8.6924, time 870.63ms, mfu 17.13%
iter 69: loss 8.5449, time 1294.16ms, mfu 16.72%
iter 70: loss 8.4935, time 891.48ms, mfu 16.93%
iter 71: loss 8.5945, time 991.13ms, mfu 16.94%
iter 72: loss 8.4922, time 898.99ms, mfu 17.12%
iter 73: loss 8.5271, time 1032.82ms, mfu 17.04%
iter 74: loss 8.4238, time 735.69ms, mfu 17.62%
iter 75: loss 8.4292, time 1066.53ms, mfu 17.44%
iter 76: loss 8.4313, time 997.69ms, mfu 17.38%
iter 77: loss 8.4962, time 955.14ms, mfu 17.40%
iter 78: loss 8.3053, time 917.08ms, mfu 17.50%
iter 79: loss 8.3085, time 791.67ms, mfu 17.88%
iter 80: loss 8.3514, time 1008.48ms, mfu 17.76%
iter 81: loss 8.3145, time 898.38ms, mfu 17.85%
iter 82: loss 8.3506, time 1009.35ms, mfu 17.74%
iter 83: loss 8.3455, time 962.79ms, mfu 17.71%
iter 84: loss 8.4043, time 844.51ms, mfu 17.93%
iter 85: loss 8.2778, time 1023.44ms, mfu 17.78%
iter 86: loss 8.2369, time 966.13ms, mfu 17.75%
iter 87: loss 8.4102, time 936.06ms, mfu 17.77%
iter 88: loss 8.0168, time 890.92ms, mfu 17.88%
iter 89: loss 8.2156, time 878.81ms, mfu 18.01%
iter 90: loss 8.0989, time 1118.56ms, mfu 17.71%
iter 91: loss 8.1694, time 920.35ms, mfu 17.77%
iter 92: loss 8.2956, time 889.95ms, mfu 17.89%
iter 93: loss 8.0332, time 940.30ms, mfu 17.89%
iter 94: loss 8.2901, time 980.68ms, mfu 17.82%
iter 95: loss 8.1009, time 906.65ms, mfu 17.89%
iter 96: loss 8.0868, time 960.22ms, mfu 17.85%
iter 97: loss 7.9550, time 1033.16ms, mfu 17.70%
iter 98: loss 8.0419, time 908.79ms, mfu 17.78%
iter 99: loss 7.9152, time 948.81ms, mfu 17.78%
iter 100: loss 7.9478, time 869.11ms, mfu 17.94%
iter 101: loss 8.0006, time 1023.19ms, mfu 17.79%
iter 102: loss 7.9847, time 1118.08ms, mfu 17.51%
iter 103: loss 7.7914, time 917.36ms, mfu 17.60%
iter 104: loss 7.9623, time 875.90ms, mfu 17.76%
iter 105: loss 7.8013, time 816.28ms, mfu 18.05%
iter 106: loss 7.7970, time 911.70ms, mfu 18.09%
iter 107: loss 7.8446, time 872.96ms, mfu 18.21%
iter 108: loss 7.7834, time 1045.82ms, mfu 18.00%
iter 109: loss 7.6854, time 1019.17ms, mfu 17.85%
iter 110: loss 7.9361, time 974.80ms, mfu 17.79%
iter 111: loss 7.8040, time 920.70ms, mfu 17.84%
iter 112: loss 7.8268, time 993.59ms, mfu 17.75%
iter 113: loss 7.6051, time 1020.88ms, mfu 17.62%
iter 114: loss 7.6190, time 1023.40ms, mfu 17.51%
iter 115: loss 7.8410, time 1045.81ms, mfu 17.36%
iter 116: loss 7.7008, time 823.49ms, mfu 17.67%
iter 117: loss 7.6210, time 952.22ms, mfu 17.67%
iter 118: loss 7.5429, time 796.00ms, mfu 18.02%
iter 119: loss 7.4282, time 837.23ms, mfu 18.23%
iter 120: loss 7.5296, time 1026.45ms, mfu 18.05%
iter 121: loss 7.3692, time 1084.04ms, mfu 17.79%
iter 122: loss 7.4456, time 959.98ms, mfu 17.77%
iter 123: loss 7.2905, time 842.47ms, mfu 17.99%
iter 124: loss 7.5167, time 944.87ms, mfu 17.97%
iter 125: loss 7.3280, time 1046.33ms, mfu 17.78%
iter 126: loss 7.5182, time 975.32ms, mfu 17.73%
iter 127: loss 7.2948, time 898.66ms, mfu 17.83%
iter 128: loss 7.2203, time 848.64ms, mfu 18.03%
iter 129: loss 7.6618, time 1076.79ms, mfu 17.79%
iter 130: loss 7.2865, time 917.50ms, mfu 17.85%
iter 131: loss 7.4458, time 788.32ms, mfu 18.20%
iter 132: loss 7.2277, time 1032.13ms, mfu 18.01%
iter 133: loss 7.3627, time 998.25ms, mfu 17.89%
iter 134: loss 7.1586, time 931.68ms, mfu 17.91%
iter 135: loss 7.3035, time 896.77ms, mfu 18.00%
iter 136: loss 7.1170, time 1111.93ms, mfu 17.71%
iter 137: loss 7.1714, time 855.22ms, mfu 17.91%
iter 138: loss 7.1730, time 898.54ms, mfu 17.99%
iter 139: loss 7.2258, time 1022.94ms, mfu 17.84%
iter 140: loss 7.2881, time 1027.94ms, mfu 17.69%
iter 141: loss 7.1990, time 951.22ms, mfu 17.69%
iter 142: loss 7.1666, time 975.63ms, mfu 17.65%
iter 143: loss 7.1204, time 887.58ms, mfu 17.78%
iter 144: loss 7.1280, time 820.74ms, mfu 18.05%
iter 145: loss 6.9659, time 1035.48ms, mfu 17.87%
iter 146: loss 6.9039, time 1124.09ms, mfu 17.58%
iter 147: loss 6.9076, time 923.94ms, mfu 17.65%
iter 148: loss 6.8474, time 909.71ms, mfu 17.73%
iter 149: loss 6.7904, time 1095.66ms, mfu 17.49%
iter 150: loss 6.9427, time 941.95ms, mfu 17.53%
iter 151: loss 7.0698, time 854.47ms, mfu 17.75%
iter 152: loss 7.0001, time 950.03ms, mfu 17.75%
iter 153: loss 7.1542, time 1019.56ms, mfu 17.62%
iter 154: loss 6.9483, time 982.44ms, mfu 17.57%
iter 155: loss 6.9483, time 942.47ms, mfu 17.60%
iter 156: loss 7.0607, time 1009.60ms, mfu 17.51%
iter 157: loss 6.7874, time 1057.28ms, mfu 17.35%
iter 158: loss 7.0067, time 849.60ms, mfu 17.60%
iter 159: loss 7.2677, time 835.67ms, mfu 17.85%
iter 160: loss 6.8093, time 998.41ms, mfu 17.75%
iter 161: loss 6.9869, time 897.10ms, mfu 17.85%
iter 162: loss 6.8862, time 920.85ms, mfu 17.90%
iter 163: loss 7.2111, time 1059.20ms, mfu 17.70%
iter 164: loss 6.8797, time 1082.05ms, mfu 17.48%
iter 165: loss 6.8515, time 873.05ms, mfu 17.66%
iter 166: loss 6.8094, time 1196.92ms, mfu 17.30%
iter 167: loss 6.8884, time 859.74ms, mfu 17.53%
iter 168: loss 6.9578, time 1035.88ms, mfu 17.40%
iter 169: loss 7.1126, time 933.72ms, mfu 17.46%
iter 170: loss 6.8630, time 910.82ms, mfu 17.57%
iter 171: loss 6.8174, time 896.09ms, mfu 17.69%
iter 172: loss 6.6770, time 862.78ms, mfu 17.87%
iter 173: loss 6.8721, time 990.97ms, mfu 17.78%
iter 174: loss 6.6554, time 929.26ms, mfu 17.81%
iter 175: loss 6.6940, time 906.77ms, mfu 17.89%
iter 176: loss 6.6949, time 953.81ms, mfu 17.87%
iter 177: loss 6.7149, time 984.56ms, mfu 17.79%
iter 178: loss 6.7409, time 991.29ms, mfu 17.71%
iter 179: loss 6.8467, time 957.87ms, mfu 17.69%
iter 180: loss 6.8253, time 917.37ms, mfu 17.76%
iter 181: loss 6.7184, time 980.98ms, mfu 17.70%
iter 182: loss 6.8992, time 977.29ms, mfu 17.65%
iter 183: loss 6.7928, time 926.45ms, mfu 17.70%
iter 184: loss 6.7330, time 929.04ms, mfu 17.74%
iter 185: loss 6.9112, time 907.68ms, mfu 17.82%
iter 186: loss 6.7225, time 934.13ms, mfu 17.84%
iter 187: loss 6.9239, time 1068.64ms, mfu 17.63%
iter 188: loss 6.5600, time 1164.36ms, mfu 17.32%
iter 189: loss 6.4290, time 1001.84ms, mfu 17.27%
iter 190: loss 6.7173, time 943.96ms, mfu 17.32%
iter 191: loss 6.6058, time 1147.13ms, mfu 17.06%
iter 192: loss 6.6322, time 1038.76ms, mfu 16.97%
iter 193: loss 6.7755, time 1028.20ms, mfu 16.91%
iter 194: loss 6.5360, time 1046.02ms, mfu 16.83%
iter 195: loss 6.6086, time 984.32ms, mfu 16.86%
iter 196: loss 6.5708, time 901.81ms, mfu 17.04%
iter 197: loss 6.6786, time 970.13ms, mfu 17.07%
iter 198: loss 6.6781, time 1096.40ms, mfu 16.90%
iter 199: loss 6.6340, time 878.76ms, mfu 17.12%
iter 200: loss 6.5274, time 951.11ms, mfu 17.18%
iter 201: loss 6.5224, time 873.90ms, mfu 17.39%
iter 202: loss 6.5531, time 1035.90ms, mfu 17.27%
iter 203: loss 6.5347, time 889.54ms, mfu 17.44%
iter 204: loss 6.6623, time 1094.51ms, mfu 17.23%
iter 205: loss 6.6777, time 1158.97ms, mfu 16.96%
iter 206: loss 6.3512, time 1003.68ms, mfu 16.94%
iter 207: loss 6.3985, time 923.04ms, mfu 17.07%
iter 208: loss 6.4875, time 901.72ms, mfu 17.23%
iter 209: loss 6.7726, time 1087.61ms, mfu 17.06%
iter 210: loss 6.6087, time 1056.39ms, mfu 16.94%
iter 211: loss 6.6840, time 898.80ms, mfu 17.12%
iter 212: loss 6.6000, time 923.61ms, mfu 17.23%
iter 213: loss 6.5070, time 1037.50ms, mfu 17.13%
iter 214: loss 6.4566, time 1023.99ms, mfu 17.06%
iter 215: loss 6.5443, time 844.62ms, mfu 17.35%
iter 216: loss 6.5964, time 1074.55ms, mfu 17.18%
iter 217: loss 6.2353, time 1036.03ms, mfu 17.09%
iter 218: loss 6.3530, time 970.00ms, mfu 17.11%
iter 219: loss 6.5362, time 809.31ms, mfu 17.48%
iter 220: loss 6.2485, time 829.79ms, mfu 17.76%
iter 221: loss 6.4994, time 1033.55ms, mfu 17.61%
iter 222: loss 6.3337, time 1068.06ms, mfu 17.43%
iter 223: loss 6.3640, time 1089.03ms, mfu 17.23%
iter 224: loss 6.3954, time 893.47ms, mfu 17.39%
iter 225: loss 6.2908, time 896.87ms, mfu 17.53%
iter 226: loss 6.6477, time 1015.88ms, mfu 17.43%
iter 227: loss 6.5241, time 1006.78ms, mfu 17.36%
iter 228: loss 6.7023, time 1032.17ms, mfu 17.26%
iter 229: loss 6.2361, time 1032.87ms, mfu 17.16%
iter 230: loss 6.3344, time 864.92ms, mfu 17.39%
iter 231: loss 6.2918, time 976.02ms, mfu 17.38%
iter 232: loss 6.5181, time 884.66ms, mfu 17.54%
iter 233: loss 6.5645, time 1010.12ms, mfu 17.45%
iter 234: loss 6.5634, time 1130.35ms, mfu 17.20%
iter 235: loss 6.4223, time 1034.57ms, mfu 17.10%
iter 236: loss 6.1951, time 973.03ms, mfu 17.12%
iter 237: loss 6.4821, time 903.97ms, mfu 17.27%
iter 238: loss 6.2403, time 994.19ms, mfu 17.24%
iter 239: loss 6.4035, time 791.96ms, mfu 17.64%
iter 240: loss 6.0980, time 920.60ms, mfu 17.71%
iter 241: loss 6.4009, time 1152.44ms, mfu 17.40%
iter 242: loss 6.0817, time 892.06ms, mfu 17.54%
iter 243: loss 6.2651, time 841.42ms, mfu 17.79%
iter 244: loss 6.1967, time 968.50ms, mfu 17.75%
iter 245: loss 6.1899, time 927.92ms, mfu 17.79%
iter 246: loss 6.1673, time 856.85ms, mfu 17.97%
iter 247: loss 6.3831, time 1103.16ms, mfu 17.70%
iter 248: loss 6.3362, time 944.60ms, mfu 17.71%
iter 249: loss 6.3366, time 874.22ms, mfu 17.87%
iter 250: loss 6.3477, time 1003.72ms, mfu 17.76%
iter 251: loss 6.1794, time 1009.45ms, mfu 17.65%
iter 252: loss 6.2261, time 909.49ms, mfu 17.74%
iter 253: loss 6.3416, time 924.66ms, mfu 17.78%
iter 254: loss 6.1067, time 873.64ms, mfu 17.93%
iter 255: loss 6.2798, time 833.03ms, mfu 18.16%
iter 256: loss 6.3592, time 880.04ms, mfu 18.25%
iter 257: loss 6.1606, time 960.15ms, mfu 18.18%
iter 258: loss 6.1487, time 896.79ms, mfu 18.24%
iter 259: loss 6.4381, time 947.35ms, mfu 18.19%
iter 260: loss 6.3854, time 920.91ms, mfu 18.20%
iter 261: loss 6.3421, time 773.63ms, mfu 18.56%
iter 262: loss 6.1283, time 871.65ms, mfu 18.63%
iter 263: loss 6.1815, time 986.88ms, mfu 18.48%
iter 264: loss 6.6514, time 862.45ms, mfu 18.58%
iter 265: loss 6.0855, time 895.91ms, mfu 18.60%
iter 266: loss 6.3213, time 957.03ms, mfu 18.50%
iter 267: loss 6.1548, time 985.90ms, mfu 18.36%
iter 268: loss 6.3646, time 797.92ms, mfu 18.63%
iter 269: loss 6.1019, time 937.30ms, mfu 18.56%
iter 270: loss 6.2761, time 1000.06ms, mfu 18.39%
iter 271: loss 6.3259, time 1008.18ms, mfu 18.22%
iter 272: loss 6.0516, time 822.60ms, mfu 18.44%
iter 273: loss 6.0481, time 961.83ms, mfu 18.35%
iter 274: loss 6.0938, time 809.14ms, mfu 18.60%
iter 275: loss 6.2401, time 841.54ms, mfu 18.74%
iter 276: loss 6.1381, time 911.94ms, mfu 18.71%
iter 277: loss 6.0631, time 866.63ms, mfu 18.78%
iter 278: loss 6.2636, time 790.59ms, mfu 19.03%
iter 279: loss 6.0782, time 976.34ms, mfu 18.85%
iter 280: loss 6.1272, time 753.10ms, mfu 19.20%
iter 281: loss 6.1631, time 1077.87ms, mfu 18.84%
iter 282: loss 6.4677, time 1003.36ms, mfu 18.64%
iter 283: loss 6.1277, time 952.22ms, mfu 18.54%
iter 284: loss 6.2193, time 886.13ms, mfu 18.59%
iter 285: loss 6.2924, time 966.42ms, mfu 18.47%
iter 286: loss 6.0419, time 807.17ms, mfu 18.71%
iter 287: loss 6.2840, time 856.82ms, mfu 18.80%
iter 288: loss 6.3427, time 931.58ms, mfu 18.73%
iter 289: loss 6.1351, time 852.77ms, mfu 18.83%
iter 290: loss 6.0829, time 896.72ms, mfu 18.82%
iter 291: loss 6.2051, time 867.86ms, mfu 18.88%
iter 292: loss 6.1627, time 850.06ms, mfu 18.97%
iter 293: loss 5.8913, time 851.35ms, mfu 19.05%
iter 294: loss 6.1306, time 886.08ms, mfu 19.05%
iter 295: loss 6.0331, time 969.02ms, mfu 18.88%
iter 296: loss 5.6271, time 748.04ms, mfu 19.24%
iter 297: loss 6.1917, time 990.47ms, mfu 19.02%
iter 298: loss 6.0576, time 836.14ms, mfu 19.13%
iter 299: loss 6.1924, time 994.24ms, mfu 18.91%
iter 300: loss 6.0957, time 988.84ms, mfu 18.72%
iter 301: loss 5.8731, time 821.61ms, mfu 18.90%
iter 302: loss 6.0526, time 937.82ms, mfu 18.80%
iter 303: loss 5.8713, time 841.99ms, mfu 18.92%
iter 304: loss 6.3342, time 988.01ms, mfu 18.73%
iter 305: loss 5.9115, time 954.91ms, mfu 18.62%
iter 306: loss 6.1354, time 774.18ms, mfu 18.93%
iter 307: loss 6.3314, time 987.78ms, mfu 18.74%
iter 308: loss 6.2379, time 1009.05ms, mfu 18.54%
iter 309: loss 6.0790, time 941.43ms, mfu 18.47%
iter 310: loss 6.1846, time 869.26ms, mfu 18.56%
iter 311: loss 6.0515, time 739.78ms, mfu 18.98%
iter 312: loss 6.0595, time 1020.44ms, mfu 18.73%
iter 313: loss 5.7461, time 813.45ms, mfu 18.93%
iter 314: loss 6.1823, time 869.09ms, mfu 18.97%
iter 315: loss 6.1519, time 923.09ms, mfu 18.90%
iter 316: loss 5.9794, time 961.98ms, mfu 18.76%
iter 317: loss 5.7988, time 983.24ms, mfu 18.59%
iter 318: loss 6.2345, time 810.28ms, mfu 18.81%
iter 319: loss 5.9539, time 1010.77ms, mfu 18.60%
iter 320: loss 6.2276, time 913.30ms, mfu 18.58%
iter 321: loss 5.9259, time 942.34ms, mfu 18.51%
iter 322: loss 5.8402, time 751.89ms, mfu 18.90%
iter 323: loss 5.9463, time 960.38ms, mfu 18.76%
iter 324: loss 5.9064, time 990.16ms, mfu 18.58%
iter 325: loss 5.9988, time 927.76ms, mfu 18.54%
iter 326: loss 6.0636, time 936.69ms, mfu 18.48%
iter 327: loss 6.0295, time 993.12ms, mfu 18.33%
iter 328: loss 6.1800, time 862.48ms, mfu 18.45%
iter 329: loss 5.9466, time 806.67ms, mfu 18.69%
iter 330: loss 6.1814, time 932.58ms, mfu 18.63%
iter 331: loss 6.0459, time 856.39ms, mfu 18.73%
iter 332: loss 6.0688, time 808.59ms, mfu 18.94%
iter 333: loss 6.1342, time 914.47ms, mfu 18.88%
iter 334: loss 6.0003, time 915.71ms, mfu 18.83%
iter 335: loss 5.9414, time 764.18ms, mfu 19.15%
iter 336: loss 6.0264, time 851.41ms, mfu 19.21%
iter 337: loss 5.9582, time 1092.21ms, mfu 18.83%
iter 338: loss 6.0868, time 899.04ms, mfu 18.82%
iter 339: loss 6.0303, time 856.65ms, mfu 18.91%
iter 340: loss 5.9879, time 866.95ms, mfu 18.96%
iter 341: loss 6.2132, time 801.69ms, mfu 19.16%
iter 342: loss 6.0367, time 881.62ms, mfu 19.15%
iter 343: loss 6.0418, time 1013.36ms, mfu 18.90%
iter 344: loss 5.9171, time 807.16ms, mfu 19.10%
iter 345: loss 6.0745, time 1166.62ms, mfu 18.63%
iter 346: loss 6.1059, time 764.13ms, mfu 18.97%
iter 347: loss 6.0893, time 905.15ms, mfu 18.93%
iter 348: loss 5.7471, time 1030.18ms, mfu 18.67%
iter 349: loss 5.8449, time 926.65ms, mfu 18.62%
iter 350: loss 6.1302, time 892.10ms, mfu 18.65%
iter 351: loss 6.0420, time 842.29ms, mfu 18.78%
iter 352: loss 5.8232, time 812.68ms, mfu 18.97%
iter 353: loss 5.8824, time 982.65ms, mfu 18.79%
iter 354: loss 5.9314, time 810.01ms, mfu 18.99%
iter 355: loss 6.1166, time 935.88ms, mfu 18.89%
iter 356: loss 5.9335, time 1235.12ms, mfu 18.36%
iter 357: loss 5.8280, time 811.64ms, mfu 18.60%
iter 358: loss 5.9450, time 791.26ms, mfu 18.87%
iter 359: loss 5.7382, time 751.91ms, mfu 19.22%
iter 360: loss 6.0415, time 1064.47ms, mfu 18.88%
iter 361: loss 6.1109, time 963.20ms, mfu 18.74%
iter 362: loss 5.8927, time 912.61ms, mfu 18.71%
iter 363: loss 6.0904, time 854.92ms, mfu 18.81%
iter 364: loss 5.8556, time 816.24ms, mfu 18.99%
iter 365: loss 5.7816, time 985.99ms, mfu 18.80%
iter 366: loss 6.0507, time 810.19ms, mfu 18.99%
iter 367: loss 5.9134, time 815.59ms, mfu 19.16%
iter 368: loss 5.9880, time 1045.29ms, mfu 18.85%
iter 369: loss 5.8114, time 875.13ms, mfu 18.89%
iter 370: loss 5.9340, time 945.21ms, mfu 18.78%
iter 371: loss 6.0893, time 921.50ms, mfu 18.73%
iter 372: loss 6.1227, time 938.84ms, mfu 18.65%
iter 373: loss 5.8356, time 816.74ms, mfu 18.85%
iter 374: loss 5.9088, time 819.71ms, mfu 19.02%
iter 375: loss 5.8431, time 989.59ms, mfu 18.82%
iter 376: loss 6.0637, time 861.36ms, mfu 18.89%
iter 377: loss 6.0517, time 706.59ms, mfu 19.38%
iter 378: loss 5.8222, time 967.24ms, mfu 19.18%
iter 379: loss 5.7298, time 864.33ms, mfu 19.21%
iter 380: loss 5.9012, time 928.74ms, mfu 19.10%
iter 381: loss 5.6117, time 767.07ms, mfu 19.39%
iter 382: loss 5.9172, time 896.13ms, mfu 19.33%
iter 383: loss 5.7228, time 903.49ms, mfu 19.26%
iter 384: loss 6.0442, time 859.37ms, mfu 19.29%
iter 385: loss 5.7784, time 904.95ms, mfu 19.22%
iter 386: loss 6.0568, time 991.24ms, mfu 19.00%
iter 387: loss 5.8043, time 914.65ms, mfu 18.94%
iter 388: loss 5.8035, time 818.09ms, mfu 19.10%
iter 389: loss 5.6049, time 946.13ms, mfu 18.97%
iter 390: loss 5.6572, time 1023.05ms, mfu 18.72%
