Overriding: max_iters = 22667
Overriding: out_dir = train_out/lth_iter_392733
tokens per iteration will be: 983,040
Initializing a new model from scratch
defaulting to vocab_size of GPT-2 to 50304 (50257 rounded up for efficiency)
Overriding: max_iters = 22667
Overriding: out_dir = train_out/lth_iter_392733
Overriding: max_iters = 22667
Overriding: out_dir = train_out/lth_iter_392733
tokens per iteration will be: 983,040
Initializing a new model from scratch
defaulting to vocab_size of GPT-2 to 50304 (50257 rounded up for efficiency)
Overriding: max_iters = 22667
Overriding: out_dir = train_out/lth_iter_392733
Overriding: max_iters = 22667
Overriding: out_dir = train_out/lth_iter_392733
tokens per iteration will be: 983,040
Initializing a new model from scratch
defaulting to vocab_size of GPT-2 to 50304 (50257 rounded up for efficiency)
Overriding: max_iters = 22667
Overriding: out_dir = train_out/lth_iter_392733
Overriding: max_iters = 22667
Overriding: out_dir = train_out/lth_iter_392733
Overriding: max_iters = 22667
Overriding: out_dir = train_out/lth_iter_392733
tokens per iteration will be: 983,040
Initializing a new model from scratch
defaulting to vocab_size of GPT-2 to 50304 (50257 rounded up for efficiency)
number of parameters: 123.59M
Overriding: max_iters = 22667
Overriding: out_dir = train_out/lth_iter_392733
tokens per iteration will be: 983,040
Initializing a new model from scratch
defaulting to vocab_size of GPT-2 to 50304 (50257 rounded up for efficiency)
tokens per iteration will be: 983,040
Initializing a new model from scratch
defaulting to vocab_size of GPT-2 to 50304 (50257 rounded up for efficiency)
number of parameters: 123.59M
Overriding: max_iters = 22667
Overriding: out_dir = train_out/lth_iter_392733
number of parameters: 123.59M
Overriding: max_iters = 22667
Overriding: max_iters = 22667
Overriding: out_dir = train_out/lth_iter_392733
Overriding: out_dir = train_out/lth_iter_392733
num decayed parameter tensors: 50, with 124,354,560 parameters
num non-decayed parameter tensors: 25, with 19,200 parameters
tokens per iteration will be: 983,040tokens per iteration will be: 983,040

Initializing a new model from scratch
defaulting to vocab_size of GPT-2 to 50304 (50257 rounded up for efficiency)
Initializing a new model from scratch
defaulting to vocab_size of GPT-2 to 50304 (50257 rounded up for efficiency)
tokens per iteration will be: 983,040
Initializing a new model from scratch
defaulting to vocab_size of GPT-2 to 50304 (50257 rounded up for efficiency)
tokens per iteration will be: 983,040
Initializing a new model from scratch
defaulting to vocab_size of GPT-2 to 50304 (50257 rounded up for efficiency)
Overriding: max_iters = 22667
Overriding: out_dir = train_out/lth_iter_392733
tokens per iteration will be: 983,040
Initializing a new model from scratch
defaulting to vocab_size of GPT-2 to 50304 (50257 rounded up for efficiency)
tokens per iteration will be: 983,040
Initializing a new model from scratch
defaulting to vocab_size of GPT-2 to 50304 (50257 rounded up for efficiency)
num decayed parameter tensors: 50, with 124,354,560 parameters
num non-decayed parameter tensors: 25, with 19,200 parameters
number of parameters: 123.59M
number of parameters: 123.59M
num decayed parameter tensors: 50, with 124,354,560 parameters
num non-decayed parameter tensors: 25, with 19,200 parameters
number of parameters: 123.59M
Overriding: max_iters = 22667
Overriding: out_dir = train_out/lth_iter_392733
num decayed parameter tensors: 50, with 124,354,560 parameters
num non-decayed parameter tensors: 25, with 19,200 parameters
num decayed parameter tensors: 50, with 124,354,560 parameters
num non-decayed parameter tensors: 25, with 19,200 parameters
Overriding: max_iters = 22667
Overriding: out_dir = train_out/lth_iter_392733
tokens per iteration will be: 983,040
Initializing a new model from scratch
defaulting to vocab_size of GPT-2 to 50304 (50257 rounded up for efficiency)
tokens per iteration will be: 983,040
Initializing a new model from scratch
defaulting to vocab_size of GPT-2 to 50304 (50257 rounded up for efficiency)
tokens per iteration will be: 983,040
Initializing a new model from scratch
defaulting to vocab_size of GPT-2 to 50304 (50257 rounded up for efficiency)
num decayed parameter tensors: 50, with 124,354,560 parameters
num non-decayed parameter tensors: 25, with 19,200 parameters
number of parameters: 123.59M
number of parameters: 123.59M
num decayed parameter tensors: 50, with 124,354,560 parameters
num non-decayed parameter tensors: 25, with 19,200 parameters
num decayed parameter tensors: 50, with 124,354,560 parameters
num non-decayed parameter tensors: 25, with 19,200 parameters
number of parameters: 123.59M
num decayed parameter tensors: 50, with 124,354,560 parameters
num non-decayed parameter tensors: 25, with 19,200 parameters
number of parameters: 123.59M
num decayed parameter tensors: 50, with 124,354,560 parameters
num non-decayed parameter tensors: 25, with 19,200 parameters
number of parameters: 123.59M
number of parameters: 123.59M
num decayed parameter tensors: 50, with 124,354,560 parameters
num non-decayed parameter tensors: 25, with 19,200 parameters
num decayed parameter tensors: 50, with 124,354,560 parameters
num non-decayed parameter tensors: 25, with 19,200 parameters
number of parameters: 123.59M
number of parameters: 123.59M
num decayed parameter tensors: 50, with 124,354,560 parameters
num non-decayed parameter tensors: 25, with 19,200 parameters
number of parameters: 123.59M
num decayed parameter tensors: 50, with 124,354,560 parameters
num non-decayed parameter tensors: 25, with 19,200 parameters
num decayed parameter tensors: 50, with 124,354,560 parameters
num non-decayed parameter tensors: 25, with 19,200 parameters
using fused AdamW: True
compiling the model... (takes a ~minute)
using fused AdamW: True
compiling the model... (takes a ~minute)
using fused AdamW: True
compiling the model... (takes a ~minute)
using fused AdamW: True
compiling the model... (takes a ~minute)
using fused AdamW: True
compiling the model... (takes a ~minute)
using fused AdamW: True
compiling the model... (takes a ~minute)
using fused AdamW: True
compiling the model... (takes a ~minute)
using fused AdamW: True
compiling the model... (takes a ~minute)
using fused AdamW: True
compiling the model... (takes a ~minute)
using fused AdamW: True
compiling the model... (takes a ~minute)
Overriding: max_iters = 22667
Overriding: out_dir = train_out/lth_iter_392733
tokens per iteration will be: 983,040
Initializing a new model from scratch
defaulting to vocab_size of GPT-2 to 50304 (50257 rounded up for efficiency)
using fused AdamW: True
compiling the model... (takes a ~minute)
using fused AdamW: True
compiling the model... (takes a ~minute)
using fused AdamW: True
compiling the model... (takes a ~minute)
using fused AdamW: True
compiling the model... (takes a ~minute)
c55:3883925:3883925 [0] NCCL INFO NCCL_SOCKET_IFNAME set by environment to ibp3s0.8002,ibp35s0.8002,ibp163s0.8002,ibp195s0.8002
c55:3883925:3883925 [0] NCCL INFO Bootstrap : Using ibp163s0.8002:10.24.7.218<0>
c55:3883925:3883925 [0] NCCL INFO NET/Plugin: No plugin found (libnccl-net.so)
c55:3883925:3883925 [0] NCCL INFO NET/Plugin: Plugin load returned 2 : libnccl-net.so: cannot open shared object file: No such file or directory : when loading libnccl-net.so
c55:3883925:3883925 [0] NCCL INFO NET/Plugin: Using internal network plugin.
c55:3883925:3883925 [0] NCCL INFO cudaDriverVersion 12060
NCCL version 2.21.5+cuda12.4
c55:3883927:3883927 [2] NCCL INFO cudaDriverVersion 12060
c55:3883927:3883927 [2] NCCL INFO NCCL_SOCKET_IFNAME set by environment to ibp3s0.8002,ibp35s0.8002,ibp163s0.8002,ibp195s0.8002
c55:3883928:3883928 [3] NCCL INFO cudaDriverVersion 12060
c55:3883928:3883928 [3] NCCL INFO NCCL_SOCKET_IFNAME set by environment to ibp3s0.8002,ibp35s0.8002,ibp163s0.8002,ibp195s0.8002
c55:3883927:3883927 [2] NCCL INFO Bootstrap : Using ibp163s0.8002:10.24.7.218<0>
c55:3883928:3883928 [3] NCCL INFO Bootstrap : Using ibp163s0.8002:10.24.7.218<0>
c55:3883927:3883927 [2] NCCL INFO NET/Plugin: No plugin found (libnccl-net.so)
c55:3883927:3883927 [2] NCCL INFO NET/Plugin: Plugin load returned 2 : libnccl-net.so: cannot open shared object file: No such file or directory : when loading libnccl-net.so
c55:3883927:3883927 [2] NCCL INFO NET/Plugin: Using internal network plugin.
c55:3883928:3883928 [3] NCCL INFO NET/Plugin: No plugin found (libnccl-net.so)
c55:3883928:3883928 [3] NCCL INFO NET/Plugin: Plugin load returned 2 : libnccl-net.so: cannot open shared object file: No such file or directory : when loading libnccl-net.so
c55:3883928:3883928 [3] NCCL INFO NET/Plugin: Using internal network plugin.
c64:1043355:1043355 [2] NCCL INFO cudaDriverVersion 12060
c64:1043356:1043356 [3] NCCL INFO cudaDriverVersion 12060
c64:1043354:1043354 [1] NCCL INFO cudaDriverVersion 12060
c64:1043355:1043355 [2] NCCL INFO NCCL_SOCKET_IFNAME set by environment to ibp3s0.8002,ibp35s0.8002,ibp163s0.8002,ibp195s0.8002
c64:1043356:1043356 [3] NCCL INFO NCCL_SOCKET_IFNAME set by environment to ibp3s0.8002,ibp35s0.8002,ibp163s0.8002,ibp195s0.8002
c64:1043354:1043354 [1] NCCL INFO NCCL_SOCKET_IFNAME set by environment to ibp3s0.8002,ibp35s0.8002,ibp163s0.8002,ibp195s0.8002
c64:1043356:1043356 [3] NCCL INFO Bootstrap : Using ibp163s0.8002:10.24.7.254<0>
c64:1043354:1043354 [1] NCCL INFO Bootstrap : Using ibp163s0.8002:10.24.7.254<0>
c64:1043355:1043355 [2] NCCL INFO Bootstrap : Using ibp163s0.8002:10.24.7.254<0>
c60:74403:74403 [3] NCCL INFO cudaDriverVersion 12060
c60:74401:74401 [1] NCCL INFO cudaDriverVersion 12060
c60:74401:74401 [1] NCCL INFO NCCL_SOCKET_IFNAME set by environment to ibp3s0.8002,ibp35s0.8002,ibp163s0.8002,ibp195s0.8002
c60:74403:74403 [3] NCCL INFO NCCL_SOCKET_IFNAME set by environment to ibp3s0.8002,ibp35s0.8002,ibp163s0.8002,ibp195s0.8002
c60:74401:74401 [1] NCCL INFO Bootstrap : Using ibp163s0.8002:10.24.7.238<0>
c60:74403:74403 [3] NCCL INFO Bootstrap : Using ibp163s0.8002:10.24.7.238<0>
c64:1043354:1043354 [1] NCCL INFO NET/Plugin: No plugin found (libnccl-net.so)
c64:1043356:1043356 [3] NCCL INFO NET/Plugin: No plugin found (libnccl-net.so)
c64:1043355:1043355 [2] NCCL INFO NET/Plugin: No plugin found (libnccl-net.so)
c64:1043355:1043355 [2] NCCL INFO NET/Plugin: Plugin load returned 2 : libnccl-net.so: cannot open shared object file: No such file or directory : when loading libnccl-net.so
c64:1043356:1043356 [3] NCCL INFO NET/Plugin: Plugin load returned 2 : libnccl-net.so: cannot open shared object file: No such file or directory : when loading libnccl-net.so
c64:1043354:1043354 [1] NCCL INFO NET/Plugin: Plugin load returned 2 : libnccl-net.so: cannot open shared object file: No such file or directory : when loading libnccl-net.so
c64:1043355:1043355 [2] NCCL INFO NET/Plugin: Using internal network plugin.
c64:1043356:1043356 [3] NCCL INFO NET/Plugin: Using internal network plugin.
c64:1043354:1043354 [1] NCCL INFO NET/Plugin: Using internal network plugin.
c60:74400:74400 [0] NCCL INFO cudaDriverVersion 12060
c60:74400:74400 [0] NCCL INFO NCCL_SOCKET_IFNAME set by environment to ibp3s0.8002,ibp35s0.8002,ibp163s0.8002,ibp195s0.8002
c60:74400:74400 [0] NCCL INFO Bootstrap : Using ibp163s0.8002:10.24.7.238<0>
c60:74402:74402 [2] NCCL INFO cudaDriverVersion 12060
c60:74402:74402 [2] NCCL INFO NCCL_SOCKET_IFNAME set by environment to ibp3s0.8002,ibp35s0.8002,ibp163s0.8002,ibp195s0.8002
c60:74403:74403 [3] NCCL INFO NET/Plugin: No plugin found (libnccl-net.so)
c60:74403:74403 [3] NCCL INFO NET/Plugin: Plugin load returned 2 : libnccl-net.so: cannot open shared object file: No such file or directory : when loading libnccl-net.so
c60:74403:74403 [3] NCCL INFO NET/Plugin: Using internal network plugin.
c60:74400:74400 [0] NCCL INFO NET/Plugin: No plugin found (libnccl-net.so)
c60:74401:74401 [1] NCCL INFO NET/Plugin: No plugin found (libnccl-net.so)
c60:74401:74401 [1] NCCL INFO NET/Plugin: Plugin load returned 2 : libnccl-net.so: cannot open shared object file: No such file or directory : when loading libnccl-net.so
c60:74401:74401 [1] NCCL INFO NET/Plugin: Using internal network plugin.
c60:74400:74400 [0] NCCL INFO NET/Plugin: Plugin load returned 2 : libnccl-net.so: cannot open shared object file: No such file or directory : when loading libnccl-net.so
c60:74400:74400 [0] NCCL INFO NET/Plugin: Using internal network plugin.
c60:74402:74402 [2] NCCL INFO Bootstrap : Using ibp163s0.8002:10.24.7.238<0>
c60:74402:74402 [2] NCCL INFO NET/Plugin: No plugin found (libnccl-net.so)
c60:74402:74402 [2] NCCL INFO NET/Plugin: Plugin load returned 2 : libnccl-net.so: cannot open shared object file: No such file or directory : when loading libnccl-net.so
c60:74402:74402 [2] NCCL INFO NET/Plugin: Using internal network plugin.
c56:1521420:1521420 [2] NCCL INFO cudaDriverVersion 12060
c56:1521420:1521420 [2] NCCL INFO NCCL_SOCKET_IFNAME set by environment to ibp3s0.8002,ibp35s0.8002,ibp163s0.8002,ibp195s0.8002
c56:1521420:1521420 [2] NCCL INFO Bootstrap : Using ibp163s0.8002:10.24.7.222<0>
c56:1521419:1521419 [1] NCCL INFO cudaDriverVersion 12060
c56:1521419:1521419 [1] NCCL INFO NCCL_SOCKET_IFNAME set by environment to ibp3s0.8002,ibp35s0.8002,ibp163s0.8002,ibp195s0.8002
c56:1521419:1521419 [1] NCCL INFO Bootstrap : Using ibp163s0.8002:10.24.7.222<0>
c56:1521421:1521421 [3] NCCL INFO cudaDriverVersion 12060
c56:1521421:1521421 [3] NCCL INFO NCCL_SOCKET_IFNAME set by environment to ibp3s0.8002,ibp35s0.8002,ibp163s0.8002,ibp195s0.8002
c56:1521420:1521420 [2] NCCL INFO NET/Plugin: No plugin found (libnccl-net.so)
c56:1521420:1521420 [2] NCCL INFO NET/Plugin: Plugin load returned 2 : libnccl-net.so: cannot open shared object file: No such file or directory : when loading libnccl-net.so
c56:1521420:1521420 [2] NCCL INFO NET/Plugin: Using internal network plugin.
c56:1521419:1521419 [1] NCCL INFO NET/Plugin: No plugin found (libnccl-net.so)
c56:1521419:1521419 [1] NCCL INFO NET/Plugin: Plugin load returned 2 : libnccl-net.so: cannot open shared object file: No such file or directory : when loading libnccl-net.so
c56:1521419:1521419 [1] NCCL INFO NET/Plugin: Using internal network plugin.
c56:1521421:1521421 [3] NCCL INFO Bootstrap : Using ibp163s0.8002:10.24.7.222<0>
c56:1521418:1521418 [0] NCCL INFO cudaDriverVersion 12060
c56:1521418:1521418 [0] NCCL INFO NCCL_SOCKET_IFNAME set by environment to ibp3s0.8002,ibp35s0.8002,ibp163s0.8002,ibp195s0.8002
c56:1521421:1521421 [3] NCCL INFO NET/Plugin: No plugin found (libnccl-net.so)
c56:1521421:1521421 [3] NCCL INFO NET/Plugin: Plugin load returned 2 : libnccl-net.so: cannot open shared object file: No such file or directory : when loading libnccl-net.so
c56:1521421:1521421 [3] NCCL INFO NET/Plugin: Using internal network plugin.
c56:1521418:1521418 [0] NCCL INFO Bootstrap : Using ibp163s0.8002:10.24.7.222<0>
c56:1521418:1521418 [0] NCCL INFO NET/Plugin: No plugin found (libnccl-net.so)
c56:1521418:1521418 [0] NCCL INFO NET/Plugin: Plugin load returned 2 : libnccl-net.so: cannot open shared object file: No such file or directory : when loading libnccl-net.so
c56:1521418:1521418 [0] NCCL INFO NET/Plugin: Using internal network plugin.
number of parameters: 123.59M
num decayed parameter tensors: 50, with 124,354,560 parameters
num non-decayed parameter tensors: 25, with 19,200 parameters
c60:74401:74456 [1] NCCL INFO NCCL_IB_DISABLE set by environment to 0.
c60:74403:74458 [3] NCCL INFO NCCL_IB_DISABLE set by environment to 0.
c60:74400:74457 [0] NCCL INFO NCCL_IB_DISABLE set by environment to 0.
c60:74402:74459 [2] NCCL INFO NCCL_IB_DISABLE set by environment to 0.
c64:1043355:1043482 [2] NCCL INFO NCCL_IB_DISABLE set by environment to 0.
c64:1043354:1043481 [1] NCCL INFO NCCL_IB_DISABLE set by environment to 0.
c56:1521421:1521478 [3] NCCL INFO NCCL_IB_DISABLE set by environment to 0.
c64:1043356:1043483 [3] NCCL INFO NCCL_IB_DISABLE set by environment to 0.
c56:1521418:1521479 [0] NCCL INFO NCCL_IB_DISABLE set by environment to 0.
c56:1521420:1521476 [2] NCCL INFO NCCL_IB_DISABLE set by environment to 0.
c56:1521419:1521477 [1] NCCL INFO NCCL_IB_DISABLE set by environment to 0.
c64:1043355:1043482 [2] NCCL INFO NCCL_SOCKET_IFNAME set by environment to ibp3s0.8002,ibp35s0.8002,ibp163s0.8002,ibp195s0.8002
c64:1043356:1043483 [3] NCCL INFO NCCL_SOCKET_IFNAME set by environment to ibp3s0.8002,ibp35s0.8002,ibp163s0.8002,ibp195s0.8002
c64:1043354:1043481 [1] NCCL INFO NCCL_SOCKET_IFNAME set by environment to ibp3s0.8002,ibp35s0.8002,ibp163s0.8002,ibp195s0.8002
c60:74400:74457 [0] NCCL INFO NCCL_SOCKET_IFNAME set by environment to ibp3s0.8002,ibp35s0.8002,ibp163s0.8002,ibp195s0.8002
c60:74402:74459 [2] NCCL INFO NCCL_SOCKET_IFNAME set by environment to ibp3s0.8002,ibp35s0.8002,ibp163s0.8002,ibp195s0.8002
c60:74401:74456 [1] NCCL INFO NCCL_SOCKET_IFNAME set by environment to ibp3s0.8002,ibp35s0.8002,ibp163s0.8002,ibp195s0.8002
c60:74403:74458 [3] NCCL INFO NCCL_SOCKET_IFNAME set by environment to ibp3s0.8002,ibp35s0.8002,ibp163s0.8002,ibp195s0.8002
c64:1043355:1043482 [2] NCCL INFO NCCL_IB_HCA set to mlx5
c64:1043356:1043483 [3] NCCL INFO NCCL_IB_HCA set to mlx5
c64:1043354:1043481 [1] NCCL INFO NCCL_IB_HCA set to mlx5
c56:1521420:1521476 [2] NCCL INFO NCCL_SOCKET_IFNAME set by environment to ibp3s0.8002,ibp35s0.8002,ibp163s0.8002,ibp195s0.8002
c56:1521421:1521478 [3] NCCL INFO NCCL_SOCKET_IFNAME set by environment to ibp3s0.8002,ibp35s0.8002,ibp163s0.8002,ibp195s0.8002
c56:1521418:1521479 [0] NCCL INFO NCCL_SOCKET_IFNAME set by environment to ibp3s0.8002,ibp35s0.8002,ibp163s0.8002,ibp195s0.8002
c56:1521419:1521477 [1] NCCL INFO NCCL_SOCKET_IFNAME set by environment to ibp3s0.8002,ibp35s0.8002,ibp163s0.8002,ibp195s0.8002
c60:74400:74457 [0] NCCL INFO NCCL_IB_HCA set to mlx5
c60:74402:74459 [2] NCCL INFO NCCL_IB_HCA set to mlx5
c60:74403:74458 [3] NCCL INFO NCCL_IB_HCA set to mlx5
c60:74401:74456 [1] NCCL INFO NCCL_IB_HCA set to mlx5
c56:1521421:1521478 [3] NCCL INFO NCCL_IB_HCA set to mlx5
c56:1521420:1521476 [2] NCCL INFO NCCL_IB_HCA set to mlx5
c56:1521419:1521477 [1] NCCL INFO NCCL_IB_HCA set to mlx5
c56:1521418:1521479 [0] NCCL INFO NCCL_IB_HCA set to mlx5
c56:1521421:1521478 [3] NCCL INFO NET/IB : Using [0]mlx5_2:1/IB [1]mlx5_3:1/IB [2]mlx5_4:1/IB [3]mlx5_5:1/IB [RO]; OOB ibp163s0.8002:10.24.7.222<0>
c56:1521421:1521478 [3] NCCL INFO Using non-device net plugin version 0
c56:1521421:1521478 [3] NCCL INFO Using network IB
c60:74403:74458 [3] NCCL INFO NET/IB : Using [0]mlx5_2:1/IB [1]mlx5_3:1/IB [2]mlx5_4:1/IB [3]mlx5_5:1/IB [RO]; OOB ibp163s0.8002:10.24.7.238<0>
c60:74401:74456 [1] NCCL INFO NET/IB : Using [0]mlx5_2:1/IB [1]mlx5_3:1/IB [2]mlx5_4:1/IB [3]mlx5_5:1/IB [RO]; OOB ibp163s0.8002:10.24.7.238<0>
c60:74401:74456 [1] NCCL INFO Using non-device net plugin version 0
c60:74401:74456 [1] NCCL INFO Using network IB
c60:74403:74458 [3] NCCL INFO Using non-device net plugin version 0
c60:74403:74458 [3] NCCL INFO Using network IB
c64:1043356:1043483 [3] NCCL INFO NET/IB : Using [0]mlx5_2:1/IB [1]mlx5_3:1/IB [2]mlx5_4:1/IB [3]mlx5_5:1/IB [RO]; OOB ibp163s0.8002:10.24.7.254<0>
c64:1043354:1043481 [1] NCCL INFO NET/IB : Using [0]mlx5_2:1/IB [1]mlx5_3:1/IB [2]mlx5_4:1/IB [3]mlx5_5:1/IB [RO]; OOB ibp163s0.8002:10.24.7.254<0>
c64:1043354:1043481 [1] NCCL INFO Using non-device net plugin version 0
c64:1043354:1043481 [1] NCCL INFO Using network IB
c64:1043356:1043483 [3] NCCL INFO Using non-device net plugin version 0
c64:1043356:1043483 [3] NCCL INFO Using network IB
c56:1521420:1521476 [2] NCCL INFO NET/IB : Using [0]mlx5_2:1/IB [1]mlx5_3:1/IB [2]mlx5_4:1/IB [3]mlx5_5:1/IB [RO]; OOB ibp163s0.8002:10.24.7.222<0>
c56:1521420:1521476 [2] NCCL INFO Using non-device net plugin version 0
c56:1521420:1521476 [2] NCCL INFO Using network IB
c60:74402:74459 [2] NCCL INFO NET/IB : Using [0]mlx5_2:1/IB [1]mlx5_3:1/IB [2]mlx5_4:1/IB [3]mlx5_5:1/IB [RO]; OOB ibp163s0.8002:10.24.7.238<0>
c60:74402:74459 [2] NCCL INFO Using non-device net plugin version 0
c60:74402:74459 [2] NCCL INFO Using network IB
c56:1521419:1521477 [1] NCCL INFO NET/IB : Using [0]mlx5_2:1/IB [1]mlx5_3:1/IB [2]mlx5_4:1/IB [3]mlx5_5:1/IB [RO]; OOB ibp163s0.8002:10.24.7.222<0>
c56:1521419:1521477 [1] NCCL INFO Using non-device net plugin version 0
c56:1521419:1521477 [1] NCCL INFO Using network IB
c56:1521418:1521479 [0] NCCL INFO NET/IB : Using [0]mlx5_2:1/IB [1]mlx5_3:1/IB [2]mlx5_4:1/IB [3]mlx5_5:1/IB [RO]; OOB ibp163s0.8002:10.24.7.222<0>
c56:1521418:1521479 [0] NCCL INFO Using non-device net plugin version 0
c56:1521418:1521479 [0] NCCL INFO Using network IB
c64:1043355:1043482 [2] NCCL INFO NET/IB : Using [0]mlx5_2:1/IB [1]mlx5_3:1/IB [2]mlx5_4:1/IB [3]mlx5_5:1/IB [RO]; OOB ibp163s0.8002:10.24.7.254<0>
c64:1043355:1043482 [2] NCCL INFO Using non-device net plugin version 0
c64:1043355:1043482 [2] NCCL INFO Using network IB
c60:74400:74457 [0] NCCL INFO NET/IB : Using [0]mlx5_2:1/IB [1]mlx5_3:1/IB [2]mlx5_4:1/IB [3]mlx5_5:1/IB [RO]; OOB ibp163s0.8002:10.24.7.238<0>
c60:74400:74457 [0] NCCL INFO Using non-device net plugin version 0
c60:74400:74457 [0] NCCL INFO Using network IB
using fused AdamW: True
compiling the model... (takes a ~minute)
c55:3883925:3883978 [0] NCCL INFO NCCL_IB_DISABLE set by environment to 0.
c55:3883927:3883979 [2] NCCL INFO NCCL_IB_DISABLE set by environment to 0.
c55:3883928:3883980 [3] NCCL INFO NCCL_IB_DISABLE set by environment to 0.
c55:3883925:3883978 [0] NCCL INFO NCCL_SOCKET_IFNAME set by environment to ibp3s0.8002,ibp35s0.8002,ibp163s0.8002,ibp195s0.8002
c55:3883928:3883980 [3] NCCL INFO NCCL_SOCKET_IFNAME set by environment to ibp3s0.8002,ibp35s0.8002,ibp163s0.8002,ibp195s0.8002
c55:3883927:3883979 [2] NCCL INFO NCCL_SOCKET_IFNAME set by environment to ibp3s0.8002,ibp35s0.8002,ibp163s0.8002,ibp195s0.8002
c55:3883925:3883978 [0] NCCL INFO NCCL_IB_HCA set to mlx5
c55:3883928:3883980 [3] NCCL INFO NCCL_IB_HCA set to mlx5
c55:3883927:3883979 [2] NCCL INFO NCCL_IB_HCA set to mlx5
c55:3883925:3883978 [0] NCCL INFO NET/IB : Using [0]mlx5_2:1/IB [1]mlx5_3:1/IB [2]mlx5_4:1/IB [3]mlx5_5:1/IB [RO]; OOB ibp163s0.8002:10.24.7.218<0>
c55:3883925:3883978 [0] NCCL INFO Using non-device net plugin version 0
c55:3883925:3883978 [0] NCCL INFO Using network IB
c55:3883928:3883980 [3] NCCL INFO NET/IB : Using [0]mlx5_2:1/IB [1]mlx5_3:1/IB [2]mlx5_4:1/IB [3]mlx5_5:1/IB [RO]; OOB ibp163s0.8002:10.24.7.218<0>
c55:3883928:3883980 [3] NCCL INFO Using non-device net plugin version 0
c55:3883928:3883980 [3] NCCL INFO Using network IB
c55:3883927:3883979 [2] NCCL INFO NET/IB : Using [0]mlx5_2:1/IB [1]mlx5_3:1/IB [2]mlx5_4:1/IB [3]mlx5_5:1/IB [RO]; OOB ibp163s0.8002:10.24.7.218<0>
c55:3883927:3883979 [2] NCCL INFO Using non-device net plugin version 0
c55:3883927:3883979 [2] NCCL INFO Using network IB
using fused AdamW: True
compiling the model... (takes a ~minute)
c64:1043354:1043481 [1] NCCL INFO DMA-BUF is available on GPU device 1
c64:1043355:1043482 [2] NCCL INFO DMA-BUF is available on GPU device 2
c64:1043356:1043483 [3] NCCL INFO DMA-BUF is available on GPU device 3
c64:1043353:1043353 [0] NCCL INFO cudaDriverVersion 12060
c64:1043353:1043353 [0] NCCL INFO NCCL_SOCKET_IFNAME set by environment to ibp3s0.8002,ibp35s0.8002,ibp163s0.8002,ibp195s0.8002
c64:1043353:1043353 [0] NCCL INFO Bootstrap : Using ibp163s0.8002:10.24.7.254<0>
c64:1043353:1043353 [0] NCCL INFO NET/Plugin: No plugin found (libnccl-net.so)
c64:1043353:1043353 [0] NCCL INFO NET/Plugin: Plugin load returned 2 : libnccl-net.so: cannot open shared object file: No such file or directory : when loading libnccl-net.so
c64:1043353:1043353 [0] NCCL INFO NET/Plugin: Using internal network plugin.
c56:1521421:1521478 [3] NCCL INFO DMA-BUF is available on GPU device 3
c60:74403:74458 [3] NCCL INFO DMA-BUF is available on GPU device 3
c56:1521420:1521476 [2] NCCL INFO DMA-BUF is available on GPU device 2
c56:1521418:1521479 [0] NCCL INFO DMA-BUF is available on GPU device 0
c60:74401:74456 [1] NCCL INFO DMA-BUF is available on GPU device 1
c56:1521419:1521477 [1] NCCL INFO DMA-BUF is available on GPU device 1
c64:1043353:1043501 [0] NCCL INFO NCCL_IB_DISABLE set by environment to 0.
c64:1043353:1043501 [0] NCCL INFO NCCL_SOCKET_IFNAME set by environment to ibp3s0.8002,ibp35s0.8002,ibp163s0.8002,ibp195s0.8002
c64:1043353:1043501 [0] NCCL INFO NCCL_IB_HCA set to mlx5
c55:3883928:3883980 [3] NCCL INFO DMA-BUF is available on GPU device 3
c60:74400:74457 [0] NCCL INFO DMA-BUF is available on GPU device 0
c55:3883925:3883978 [0] NCCL INFO DMA-BUF is available on GPU device 0
c55:3883927:3883979 [2] NCCL INFO DMA-BUF is available on GPU device 2
c55:3883926:3883926 [1] NCCL INFO cudaDriverVersion 12060
c55:3883926:3883926 [1] NCCL INFO NCCL_SOCKET_IFNAME set by environment to ibp3s0.8002,ibp35s0.8002,ibp163s0.8002,ibp195s0.8002
c55:3883926:3883926 [1] NCCL INFO Bootstrap : Using ibp163s0.8002:10.24.7.218<0>
c55:3883926:3883926 [1] NCCL INFO NET/Plugin: No plugin found (libnccl-net.so)
c55:3883926:3883926 [1] NCCL INFO NET/Plugin: Plugin load returned 2 : libnccl-net.so: cannot open shared object file: No such file or directory : when loading libnccl-net.so
c55:3883926:3883926 [1] NCCL INFO NET/Plugin: Using internal network plugin.
c64:1043353:1043501 [0] NCCL INFO NET/IB : Using [0]mlx5_2:1/IB [1]mlx5_3:1/IB [2]mlx5_4:1/IB [3]mlx5_5:1/IB [RO]; OOB ibp163s0.8002:10.24.7.254<0>
c64:1043353:1043501 [0] NCCL INFO Using non-device net plugin version 0
c64:1043353:1043501 [0] NCCL INFO Using network IB
c60:74402:74459 [2] NCCL INFO DMA-BUF is available on GPU device 2
c55:3883926:3884005 [1] NCCL INFO NCCL_IB_DISABLE set by environment to 0.
c55:3883926:3884005 [1] NCCL INFO NCCL_SOCKET_IFNAME set by environment to ibp3s0.8002,ibp35s0.8002,ibp163s0.8002,ibp195s0.8002
c55:3883926:3884005 [1] NCCL INFO NCCL_IB_HCA set to mlx5
c55:3883926:3884005 [1] NCCL INFO NET/IB : Using [0]mlx5_2:1/IB [1]mlx5_3:1/IB [2]mlx5_4:1/IB [3]mlx5_5:1/IB [RO]; OOB ibp163s0.8002:10.24.7.218<0>
c55:3883926:3884005 [1] NCCL INFO Using non-device net plugin version 0
c55:3883926:3884005 [1] NCCL INFO Using network IB
c64:1043353:1043501 [0] NCCL INFO DMA-BUF is available on GPU device 0
c55:3883926:3884005 [1] NCCL INFO DMA-BUF is available on GPU device 1
c56:1521421:1521478 [3] NCCL INFO ncclCommInitRank comm 0xac69260 rank 7 nranks 16 cudaDev 3 nvmlDev 3 busId c6000 commId 0x44da6a4bd45e1b10 - Init START
c60:74401:74456 [1] NCCL INFO ncclCommInitRank comm 0x9d4d990 rank 9 nranks 16 cudaDev 1 nvmlDev 1 busId 26000 commId 0x44da6a4bd45e1b10 - Init START
c60:74400:74457 [0] NCCL INFO ncclCommInitRank comm 0x773eee0 rank 8 nranks 16 cudaDev 0 nvmlDev 0 busId 6000 commId 0x44da6a4bd45e1b10 - Init START
c60:74403:74458 [3] NCCL INFO ncclCommInitRank comm 0x9059f80 rank 11 nranks 16 cudaDev 3 nvmlDev 3 busId c6000 commId 0x44da6a4bd45e1b10 - Init START
c60:74402:74459 [2] NCCL INFO ncclCommInitRank comm 0x905fad0 rank 10 nranks 16 cudaDev 2 nvmlDev 2 busId a6000 commId 0x44da6a4bd45e1b10 - Init START
c55:3883926:3884005 [1] NCCL INFO ncclCommInitRank comm 0x8c530d0 rank 1 nranks 16 cudaDev 1 nvmlDev 1 busId 26000 commId 0x44da6a4bd45e1b10 - Init START
c55:3883928:3883980 [3] NCCL INFO ncclCommInitRank comm 0xa1a3670 rank 3 nranks 16 cudaDev 3 nvmlDev 3 busId c6000 commId 0x44da6a4bd45e1b10 - Init START
c55:3883927:3883979 [2] NCCL INFO ncclCommInitRank comm 0x92880d0 rank 2 nranks 16 cudaDev 2 nvmlDev 2 busId a6000 commId 0x44da6a4bd45e1b10 - Init START
c56:1521420:1521476 [2] NCCL INFO ncclCommInitRank comm 0x8a5f860 rank 6 nranks 16 cudaDev 2 nvmlDev 2 busId a6000 commId 0x44da6a4bd45e1b10 - Init START
c56:1521419:1521477 [1] NCCL INFO ncclCommInitRank comm 0x8b6bf20 rank 5 nranks 16 cudaDev 1 nvmlDev 1 busId 26000 commId 0x44da6a4bd45e1b10 - Init START
c64:1043353:1043501 [0] NCCL INFO ncclCommInitRank comm 0x8baf490 rank 12 nranks 16 cudaDev 0 nvmlDev 0 busId 6000 commId 0x44da6a4bd45e1b10 - Init START
c64:1043355:1043482 [2] NCCL INFO ncclCommInitRank comm 0x8c7b940 rank 14 nranks 16 cudaDev 2 nvmlDev 2 busId a6000 commId 0x44da6a4bd45e1b10 - Init START
c55:3883925:3883978 [0] NCCL INFO ncclCommInitRank comm 0x8e207a0 rank 0 nranks 16 cudaDev 0 nvmlDev 0 busId 6000 commId 0x44da6a4bd45e1b10 - Init START
c56:1521418:1521479 [0] NCCL INFO ncclCommInitRank comm 0x873f5b0 rank 4 nranks 16 cudaDev 0 nvmlDev 0 busId 6000 commId 0x44da6a4bd45e1b10 - Init START
c64:1043356:1043483 [3] NCCL INFO ncclCommInitRank comm 0xa0df950 rank 15 nranks 16 cudaDev 3 nvmlDev 3 busId c6000 commId 0x44da6a4bd45e1b10 - Init START
c64:1043354:1043481 [1] NCCL INFO ncclCommInitRank comm 0x8479750 rank 13 nranks 16 cudaDev 1 nvmlDev 1 busId 26000 commId 0x44da6a4bd45e1b10 - Init START
c60:74401:74456 [1] NCCL INFO NVLS multicast support is not available on dev 1
c60:74403:74458 [3] NCCL INFO Setting affinity for GPU 3 to 0f,00000000
c60:74403:74458 [3] NCCL INFO NVLS multicast support is not available on dev 3
c60:74400:74457 [0] NCCL INFO NVLS multicast support is not available on dev 0
c60:74402:74459 [2] NCCL INFO NVLS multicast support is not available on dev 2
c64:1043353:1043501 [0] NCCL INFO NVLS multicast support is not available on dev 0
c64:1043354:1043481 [1] NCCL INFO NVLS multicast support is not available on dev 1
c64:1043355:1043482 [2] NCCL INFO NVLS multicast support is not available on dev 2
c64:1043356:1043483 [3] NCCL INFO Setting affinity for GPU 3 to 0f,00000000
c64:1043356:1043483 [3] NCCL INFO NVLS multicast support is not available on dev 3
c55:3883928:3883980 [3] NCCL INFO Setting affinity for GPU 3 to 0f,00000000
c55:3883928:3883980 [3] NCCL INFO NVLS multicast support is not available on dev 3
c55:3883925:3883978 [0] NCCL INFO NVLS multicast support is not available on dev 0
c55:3883926:3884005 [1] NCCL INFO NVLS multicast support is not available on dev 1
c55:3883927:3883979 [2] NCCL INFO NVLS multicast support is not available on dev 2
c56:1521421:1521478 [3] NCCL INFO Setting affinity for GPU 3 to 0f,00000000
c56:1521421:1521478 [3] NCCL INFO NVLS multicast support is not available on dev 3
c56:1521419:1521477 [1] NCCL INFO NVLS multicast support is not available on dev 1
c56:1521420:1521476 [2] NCCL INFO NVLS multicast support is not available on dev 2
c56:1521418:1521479 [0] NCCL INFO NVLS multicast support is not available on dev 0
c64:1043356:1043483 [3] NCCL INFO comm 0xa0df950 rank 15 nRanks 16 nNodes 4 localRanks 4 localRank 3 MNNVL 0
c64:1043356:1043483 [3] NCCL INFO Trees [0] -1/-1/-1->15->14 [1] 12/-1/-1->15->14 [2] -1/-1/-1->15->13 [3] 12/-1/-1->15->11 [4] -1/-1/-1->15->14 [5] 12/-1/-1->15->14 [6] -1/-1/-1->15->13 [7] 12/7/-1->15->-1
c64:1043356:1043483 [3] NCCL INFO P2P Chunksize set to 131072
c64:1043355:1043482 [2] NCCL INFO comm 0x8c7b940 rank 14 nRanks 16 nNodes 4 localRanks 4 localRank 2 MNNVL 0
c64:1043355:1043482 [2] NCCL INFO Trees [0] 15/-1/-1->14->13 [1] 15/-1/-1->14->13 [2] 12/-1/-1->14->10 [3] 13/-1/-1->14->12 [4] 15/-1/-1->14->13 [5] 15/-1/-1->14->13 [6] 12/6/-1->14->-1 [7] 13/-1/-1->14->12
c64:1043355:1043482 [2] NCCL INFO P2P Chunksize set to 131072
c64:1043354:1043481 [1] NCCL INFO comm 0x8479750 rank 13 nRanks 16 nNodes 4 localRanks 4 localRank 1 MNNVL 0
c64:1043354:1043481 [1] NCCL INFO Trees [0] 14/-1/-1->13->12 [1] 14/-1/-1->13->9 [2] 15/-1/-1->13->12 [3] -1/-1/-1->13->14 [4] 14/-1/-1->13->12 [5] 14/5/-1->13->-1 [6] 15/-1/-1->13->12 [7] -1/-1/-1->13->14
c64:1043354:1043481 [1] NCCL INFO P2P Chunksize set to 131072
c56:1521418:1521479 [0] NCCL INFO comm 0x873f5b0 rank 4 nRanks 16 nNodes 4 localRanks 4 localRank 0 MNNVL 0
c64:1043353:1043501 [0] NCCL INFO comm 0x8baf490 rank 12 nRanks 16 nNodes 4 localRanks 4 localRank 0 MNNVL 0
c64:1043353:1043501 [0] NCCL INFO Trees [0] 13/-1/-1->12->8 [1] -1/-1/-1->12->15 [2] 13/-1/-1->12->14 [3] 14/-1/-1->12->15 [4] 13/4/-1->12->-1 [5] -1/-1/-1->12->15 [6] 13/-1/-1->12->14 [7] 14/-1/-1->12->15
c64:1043353:1043501 [0] NCCL INFO P2P Chunksize set to 131072
c60:74401:74456 [1] NCCL INFO comm 0x9d4d990 rank 9 nRanks 16 nNodes 4 localRanks 4 localRank 1 MNNVL 0
c60:74400:74457 [0] NCCL INFO comm 0x773eee0 rank 8 nRanks 16 nNodes 4 localRanks 4 localRank 0 MNNVL 0
c60:74402:74459 [2] NCCL INFO comm 0x905fad0 rank 10 nRanks 16 nNodes 4 localRanks 4 localRank 2 MNNVL 0
c60:74403:74458 [3] NCCL INFO comm 0x9059f80 rank 11 nRanks 16 nNodes 4 localRanks 4 localRank 3 MNNVL 0
c60:74401:74456 [1] NCCL INFO Trees [0] 10/-1/-1->9->8 [1] 10/5/13->9->1 [2] 11/-1/-1->9->8 [3] -1/-1/-1->9->10 [4] 10/-1/-1->9->8 [5] 10/-1/-1->9->5 [6] 11/-1/-1->9->8 [7] -1/-1/-1->9->10
c60:74401:74456 [1] NCCL INFO P2P Chunksize set to 131072
c60:74403:74458 [3] NCCL INFO Trees [0] -1/-1/-1->11->10 [1] 8/-1/-1->11->10 [2] -1/-1/-1->11->9 [3] 8/7/15->11->3 [4] -1/-1/-1->11->10 [5] 8/-1/-1->11->10 [6] -1/-1/-1->11->9 [7] 8/-1/-1->11->7
c60:74402:74459 [2] NCCL INFO Trees [0] 11/-1/-1->10->9 [1] 11/-1/-1->10->9 [2] 8/6/14->10->2 [3] 9/-1/-1->10->8 [4] 11/-1/-1->10->9 [5] 11/-1/-1->10->9 [6] 8/-1/-1->10->6 [7] 9/-1/-1->10->8
c60:74403:74458 [3] NCCL INFO P2P Chunksize set to 131072
c60:74402:74459 [2] NCCL INFO P2P Chunksize set to 131072
c60:74400:74457 [0] NCCL INFO Trees [0] 9/4/12->8->0 [1] -1/-1/-1->8->11 [2] 9/-1/-1->8->10 [3] 10/-1/-1->8->11 [4] 9/-1/-1->8->4 [5] -1/-1/-1->8->11 [6] 9/-1/-1->8->10 [7] 10/-1/-1->8->11
c60:74400:74457 [0] NCCL INFO P2P Chunksize set to 131072
c56:1521421:1521478 [3] NCCL INFO comm 0xac69260 rank 7 nRanks 16 nNodes 4 localRanks 4 localRank 3 MNNVL 0
c56:1521419:1521477 [1] NCCL INFO comm 0x8b6bf20 rank 5 nRanks 16 nNodes 4 localRanks 4 localRank 1 MNNVL 0
c56:1521418:1521479 [0] NCCL INFO Trees [0] 5/-1/-1->4->8 [1] -1/-1/-1->4->7 [2] 5/-1/-1->4->6 [3] 6/-1/-1->4->7 [4] 5/8/0->4->12 [5] -1/-1/-1->4->7 [6] 5/-1/-1->4->6 [7] 6/-1/-1->4->7
c56:1521420:1521476 [2] NCCL INFO comm 0x8a5f860 rank 6 nRanks 16 nNodes 4 localRanks 4 localRank 2 MNNVL 0
c56:1521418:1521479 [0] NCCL INFO P2P Chunksize set to 131072
c56:1521420:1521476 [2] NCCL INFO Trees [0] 7/-1/-1->6->5 [1] 7/-1/-1->6->5 [2] 4/-1/-1->6->10 [3] 5/-1/-1->6->4 [4] 7/-1/-1->6->5 [5] 7/-1/-1->6->5 [6] 4/10/2->6->14 [7] 5/-1/-1->6->4
c56:1521420:1521476 [2] NCCL INFO P2P Chunksize set to 131072
c56:1521419:1521477 [1] NCCL INFO Trees [0] 6/-1/-1->5->4 [1] 6/-1/-1->5->9 [2] 7/-1/-1->5->4 [3] -1/-1/-1->5->6 [4] 6/-1/-1->5->4 [5] 6/9/1->5->13 [6] 7/-1/-1->5->4 [7] -1/-1/-1->5->6
c56:1521421:1521478 [3] NCCL INFO Trees [0] -1/-1/-1->7->6 [1] 4/-1/-1->7->6 [2] -1/-1/-1->7->5 [3] 4/-1/-1->7->11 [4] -1/-1/-1->7->6 [5] 4/-1/-1->7->6 [6] -1/-1/-1->7->5 [7] 4/11/3->7->15
c56:1521419:1521477 [1] NCCL INFO P2P Chunksize set to 131072
c56:1521421:1521478 [3] NCCL INFO P2P Chunksize set to 131072
c55:3883926:3884005 [1] NCCL INFO comm 0x8c530d0 rank 1 nRanks 16 nNodes 4 localRanks 4 localRank 1 MNNVL 0
c55:3883927:3883979 [2] NCCL INFO comm 0x92880d0 rank 2 nRanks 16 nNodes 4 localRanks 4 localRank 2 MNNVL 0
c55:3883925:3883978 [0] NCCL INFO comm 0x8e207a0 rank 0 nRanks 16 nNodes 4 localRanks 4 localRank 0 MNNVL 0
c55:3883928:3883980 [3] NCCL INFO comm 0xa1a3670 rank 3 nRanks 16 nNodes 4 localRanks 4 localRank 3 MNNVL 0
c55:3883927:3883979 [2] NCCL INFO Trees [0] 3/-1/-1->2->1 [1] 3/-1/-1->2->1 [2] 0/10/-1->2->-1 [3] 1/-1/-1->2->0 [4] 3/-1/-1->2->1 [5] 3/-1/-1->2->1 [6] 0/-1/-1->2->6 [7] 1/-1/-1->2->0
c55:3883926:3884005 [1] NCCL INFO Trees [0] 2/-1/-1->1->0 [1] 2/9/-1->1->-1 [2] 3/-1/-1->1->0 [3] -1/-1/-1->1->2 [4] 2/-1/-1->1->0 [5] 2/-1/-1->1->5 [6] 3/-1/-1->1->0 [7] -1/-1/-1->1->2
c55:3883927:3883979 [2] NCCL INFO P2P Chunksize set to 131072
c55:3883926:3884005 [1] NCCL INFO P2P Chunksize set to 131072
c55:3883928:3883980 [3] NCCL INFO Trees [0] -1/-1/-1->3->2 [1] 0/-1/-1->3->2 [2] -1/-1/-1->3->1 [3] 0/11/-1->3->-1 [4] -1/-1/-1->3->2 [5] 0/-1/-1->3->2 [6] -1/-1/-1->3->1 [7] 0/-1/-1->3->7
c55:3883925:3883978 [0] NCCL INFO Channel 00/08 :    0   1   2   3   4   5   6   7   8   9  10  11  12  13  14  15
c55:3883928:3883980 [3] NCCL INFO P2P Chunksize set to 131072
c55:3883925:3883978 [0] NCCL INFO Channel 01/08 :    0   3   2   5   4   7   6   9   8  11  10  13  12  15  14   1
c55:3883925:3883978 [0] NCCL INFO Channel 02/08 :    0   3   6   5   4   7  10   9   8  11  14  13  12  15   2   1
c55:3883925:3883978 [0] NCCL INFO Channel 03/08 :    0   7   6   5   4  11  10   9   8  15  14  13  12   3   2   1
c55:3883925:3883978 [0] NCCL INFO Channel 04/08 :    0   1   2   3   4   5   6   7   8   9  10  11  12  13  14  15
c55:3883925:3883978 [0] NCCL INFO Channel 05/08 :    0   3   2   5   4   7   6   9   8  11  10  13  12  15  14   1
c55:3883925:3883978 [0] NCCL INFO Channel 06/08 :    0   3   6   5   4   7  10   9   8  11  14  13  12  15   2   1
c55:3883925:3883978 [0] NCCL INFO Channel 07/08 :    0   7   6   5   4  11  10   9   8  15  14  13  12   3   2   1
c55:3883925:3883978 [0] NCCL INFO Trees [0] 1/8/-1->0->-1 [1] -1/-1/-1->0->3 [2] 1/-1/-1->0->2 [3] 2/-1/-1->0->3 [4] 1/-1/-1->0->4 [5] -1/-1/-1->0->3 [6] 1/-1/-1->0->2 [7] 2/-1/-1->0->3
c55:3883925:3883978 [0] NCCL INFO P2P Chunksize set to 131072
c64:1043354:1043481 [1] NCCL INFO Channel 00/0 : 13[1] -> 14[2] via P2P/CUMEM
c64:1043354:1043481 [1] NCCL INFO Channel 04/0 : 13[1] -> 14[2] via P2P/CUMEM
c60:74401:74456 [1] NCCL INFO Channel 00/0 : 9[1] -> 10[2] via P2P/CUMEM
c56:1521420:1521476 [2] NCCL INFO Channel 00/0 : 6[2] -> 7[3] via P2P/CUMEM
c55:3883926:3884005 [1] NCCL INFO Channel 00/0 : 1[1] -> 2[2] via P2P/CUMEM
c56:1521420:1521476 [2] NCCL INFO Channel 04/0 : 6[2] -> 7[3] via P2P/CUMEM
c55:3883926:3884005 [1] NCCL INFO Channel 04/0 : 1[1] -> 2[2] via P2P/CUMEM
c64:1043355:1043482 [2] NCCL INFO Channel 00/0 : 14[2] -> 15[3] via P2P/CUMEM
c64:1043355:1043482 [2] NCCL INFO Channel 04/0 : 14[2] -> 15[3] via P2P/CUMEM
c60:74402:74459 [2] NCCL INFO Channel 00/0 : 10[2] -> 11[3] via P2P/CUMEM
c60:74402:74459 [2] NCCL INFO Channel 04/0 : 10[2] -> 11[3] via P2P/CUMEM
c55:3883927:3883979 [2] NCCL INFO Channel 00/0 : 2[2] -> 3[3] via P2P/CUMEM
c55:3883927:3883979 [2] NCCL INFO Channel 04/0 : 2[2] -> 3[3] via P2P/CUMEM
c56:1521419:1521477 [1] NCCL INFO Channel 00/0 : 5[1] -> 6[2] via P2P/CUMEM
c56:1521419:1521477 [1] NCCL INFO Channel 04/0 : 5[1] -> 6[2] via P2P/CUMEM
c64:1043353:1043501 [0] NCCL INFO Channel 00/0 : 11[3] -> 12[0] [receive] via NET/IB/1/GDRDMA
c56:1521418:1521479 [0] NCCL INFO Channel 00/0 : 3[3] -> 4[0] [receive] via NET/IB/1/GDRDMA
c64:1043356:1043483 [3] NCCL INFO Channel 00/0 : 15[3] -> 0[0] [send] via NET/IB/1(12)/GDRDMA
c64:1043353:1043501 [0] NCCL INFO Channel 04/0 : 11[3] -> 12[0] [receive] via NET/IB/1/GDRDMA
c64:1043353:1043501 [0] NCCL INFO Channel 00/0 : 12[0] -> 13[1] via P2P/CUMEM
c64:1043356:1043483 [3] NCCL INFO Channel 04/0 : 15[3] -> 0[0] [send] via NET/IB/1(12)/GDRDMA
c56:1521421:1521478 [3] NCCL INFO Channel 00/0 : 7[3] -> 8[0] [send] via NET/IB/1(4)/GDRDMA
c56:1521418:1521479 [0] NCCL INFO Channel 04/0 : 3[3] -> 4[0] [receive] via NET/IB/1/GDRDMA
c56:1521418:1521479 [0] NCCL INFO Channel 00/0 : 4[0] -> 5[1] via P2P/CUMEM
c64:1043353:1043501 [0] NCCL INFO Channel 04/0 : 12[0] -> 13[1] via P2P/CUMEM
c56:1521421:1521478 [3] NCCL INFO Channel 04/0 : 7[3] -> 8[0] [send] via NET/IB/1(4)/GDRDMA
c56:1521418:1521479 [0] NCCL INFO Channel 04/0 : 4[0] -> 5[1] via P2P/CUMEM
c60:74400:74457 [0] NCCL INFO Channel 00/0 : 7[3] -> 8[0] [receive] via NET/IB/1/GDRDMA
c60:74403:74458 [3] NCCL INFO Channel 00/0 : 11[3] -> 12[0] [send] via NET/IB/1(8)/GDRDMA
c60:74400:74457 [0] NCCL INFO Channel 04/0 : 7[3] -> 8[0] [receive] via NET/IB/1/GDRDMA
c60:74400:74457 [0] NCCL INFO Channel 00/0 : 8[0] -> 9[1] via P2P/CUMEM
c60:74403:74458 [3] NCCL INFO Channel 04/0 : 11[3] -> 12[0] [send] via NET/IB/1(8)/GDRDMA
c60:74400:74457 [0] NCCL INFO Channel 04/0 : 8[0] -> 9[1] via P2P/CUMEM
c55:3883928:3883980 [3] NCCL INFO Channel 00/0 : 3[3] -> 4[0] [send] via NET/IB/1(0)/GDRDMA
c64:1043353:1043501 [0] NCCL INFO Channel 01/0 : 12[0] -> 15[3] via P2P/CUMEM
c55:3883925:3883978 [0] NCCL INFO Channel 00/0 : 15[3] -> 0[0] [receive] via NET/IB/1/GDRDMA
c55:3883928:3883980 [3] NCCL INFO Channel 04/0 : 3[3] -> 4[0] [send] via NET/IB/1(0)/GDRDMA
c55:3883925:3883978 [0] NCCL INFO Channel 04/0 : 15[3] -> 0[0] [receive] via NET/IB/1/GDRDMA
c55:3883925:3883978 [0] NCCL INFO Channel 00/0 : 0[0] -> 1[1] via P2P/CUMEM
c64:1043353:1043501 [0] NCCL INFO Channel 02/0 : 12[0] -> 15[3] via P2P/CUMEM
c55:3883925:3883978 [0] NCCL INFO Channel 04/0 : 0[0] -> 1[1] via P2P/CUMEM
c64:1043353:1043501 [0] NCCL INFO Channel 05/0 : 12[0] -> 15[3] via P2P/CUMEM
c56:1521418:1521479 [0] NCCL INFO Channel 01/0 : 4[0] -> 7[3] via P2P/CUMEM
c64:1043353:1043501 [0] NCCL INFO Channel 06/0 : 12[0] -> 15[3] via P2P/CUMEM
c56:1521418:1521479 [0] NCCL INFO Channel 02/0 : 4[0] -> 7[3] via P2P/CUMEM
c55:3883925:3883978 [0] NCCL INFO Channel 01/0 : 0[0] -> 3[3] via P2P/CUMEM
c56:1521418:1521479 [0] NCCL INFO Channel 05/0 : 4[0] -> 7[3] via P2P/CUMEM
c55:3883925:3883978 [0] NCCL INFO Channel 02/0 : 0[0] -> 3[3] via P2P/CUMEM
c56:1521418:1521479 [0] NCCL INFO Channel 06/0 : 4[0] -> 7[3] via P2P/CUMEM
c60:74401:74456 [1] NCCL INFO Channel 04/0 : 9[1] -> 10[2] via P2P/CUMEM
c55:3883925:3883978 [0] NCCL INFO Channel 05/0 : 0[0] -> 3[3] via P2P/CUMEM
c60:74400:74457 [0] NCCL INFO Channel 01/0 : 8[0] -> 11[3] via P2P/CUMEM
c60:74400:74457 [0] NCCL INFO Channel 02/0 : 8[0] -> 11[3] via P2P/CUMEM
c55:3883925:3883978 [0] NCCL INFO Channel 06/0 : 0[0] -> 3[3] via P2P/CUMEM
c56:1521420:1521476 [2] NCCL INFO Channel 02/0 : 3[3] -> 6[2] [receive] via NET/IB/3/GDRDMA
c64:1043355:1043482 [2] NCCL INFO Channel 02/0 : 11[3] -> 14[2] [receive] via NET/IB/3/GDRDMA
c56:1521421:1521478 [3] NCCL INFO Channel 02/0 : 7[3] -> 10[2] [send] via NET/IB/3(6)/GDRDMA
c56:1521420:1521476 [2] NCCL INFO Channel 06/0 : 3[3] -> 6[2] [receive] via NET/IB/3/GDRDMA
c56:1521421:1521478 [3] NCCL INFO Channel 06/0 : 7[3] -> 10[2] [send] via NET/IB/3(6)/GDRDMA
c64:1043356:1043483 [3] NCCL INFO Channel 02/0 : 15[3] -> 2[2] [send] via NET/IB/3(14)/GDRDMA
c60:74400:74457 [0] NCCL INFO Channel 05/0 : 8[0] -> 11[3] via P2P/CUMEM
c64:1043355:1043482 [2] NCCL INFO Channel 06/0 : 11[3] -> 14[2] [receive] via NET/IB/3/GDRDMA
c64:1043356:1043483 [3] NCCL INFO Channel 06/0 : 15[3] -> 2[2] [send] via NET/IB/3(14)/GDRDMA
c60:74400:74457 [0] NCCL INFO Channel 06/0 : 8[0] -> 11[3] via P2P/CUMEM
c56:1521419:1521477 [1] NCCL INFO Channel 01/0 : 2[2] -> 5[1] [receive] via NET/IB/0/GDRDMA
c56:1521420:1521476 [2] NCCL INFO Channel 01/0 : 6[2] -> 9[1] [send] via NET/IB/0(5)/GDRDMA
c56:1521419:1521477 [1] NCCL INFO Channel 05/0 : 2[2] -> 5[1] [receive] via NET/IB/0/GDRDMA
c56:1521420:1521476 [2] NCCL INFO Channel 05/0 : 6[2] -> 9[1] [send] via NET/IB/0(5)/GDRDMA
c64:1043354:1043481 [1] NCCL INFO Channel 01/0 : 10[2] -> 13[1] [receive] via NET/IB/0/GDRDMA
c64:1043355:1043482 [2] NCCL INFO Channel 01/0 : 14[2] -> 1[1] [send] via NET/IB/0(13)/GDRDMA
c64:1043354:1043481 [1] NCCL INFO Channel 05/0 : 10[2] -> 13[1] [receive] via NET/IB/0/GDRDMA
c64:1043355:1043482 [2] NCCL INFO Channel 05/0 : 14[2] -> 1[1] [send] via NET/IB/0(13)/GDRDMA
c55:3883927:3883979 [2] NCCL INFO Channel 02/0 : 15[3] -> 2[2] [receive] via NET/IB/3/GDRDMA
c55:3883928:3883980 [3] NCCL INFO Channel 02/0 : 3[3] -> 6[2] [send] via NET/IB/3(2)/GDRDMA
c55:3883927:3883979 [2] NCCL INFO Channel 06/0 : 15[3] -> 2[2] [receive] via NET/IB/3/GDRDMA
c55:3883928:3883980 [3] NCCL INFO Channel 06/0 : 3[3] -> 6[2] [send] via NET/IB/3(2)/GDRDMA
c55:3883926:3884005 [1] NCCL INFO Channel 01/0 : 14[2] -> 1[1] [receive] via NET/IB/0/GDRDMA
c55:3883927:3883979 [2] NCCL INFO Channel 01/0 : 2[2] -> 5[1] [send] via NET/IB/0(1)/GDRDMA
c55:3883927:3883979 [2] NCCL INFO Channel 05/0 : 2[2] -> 5[1] [send] via NET/IB/0(1)/GDRDMA
c55:3883926:3884005 [1] NCCL INFO Channel 05/0 : 14[2] -> 1[1] [receive] via NET/IB/0/GDRDMA
c55:3883926:3884005 [1] NCCL INFO Channel 01/0 : 1[1] -> 0[0] via P2P/CUMEM
c55:3883926:3884005 [1] NCCL INFO Channel 02/0 : 1[1] -> 0[0] via P2P/CUMEM
c56:1521419:1521477 [1] NCCL INFO Channel 01/0 : 5[1] -> 4[0] via P2P/CUMEM
c60:74402:74459 [2] NCCL INFO Channel 02/0 : 7[3] -> 10[2] [receive] via NET/IB/3/GDRDMA
c60:74402:74459 [2] NCCL INFO Channel 06/0 : 7[3] -> 10[2] [receive] via NET/IB/3/GDRDMA
c56:1521419:1521477 [1] NCCL INFO Channel 02/0 : 5[1] -> 4[0] via P2P/CUMEM
c55:3883926:3884005 [1] NCCL INFO Channel 03/0 : 1[1] -> 0[0] via P2P/CUMEM
c56:1521419:1521477 [1] NCCL INFO Channel 03/0 : 5[1] -> 4[0] via P2P/CUMEM
c55:3883926:3884005 [1] NCCL INFO Channel 05/0 : 1[1] -> 0[0] via P2P/CUMEM
c56:1521419:1521477 [1] NCCL INFO Channel 05/0 : 5[1] -> 4[0] via P2P/CUMEM
c55:3883926:3884005 [1] NCCL INFO Channel 06/0 : 1[1] -> 0[0] via P2P/CUMEM
c56:1521419:1521477 [1] NCCL INFO Channel 06/0 : 5[1] -> 4[0] via P2P/CUMEM
c55:3883927:3883979 [2] NCCL INFO Channel 02/0 : 2[2] -> 1[1] via P2P/CUMEM
c55:3883926:3884005 [1] NCCL INFO Channel 07/0 : 1[1] -> 0[0] via P2P/CUMEM
c56:1521419:1521477 [1] NCCL INFO Channel 07/0 : 5[1] -> 4[0] via P2P/CUMEM
c56:1521418:1521479 [0] NCCL INFO Channel 03/0 : 4[0] -> 11[3] [send] via NET/IB/2(7)/GDRDMA
c64:1043353:1043501 [0] NCCL INFO Channel 03/0 : 12[0] -> 3[3] [send] via NET/IB/2(15)/GDRDMA
c56:1521418:1521479 [0] NCCL INFO Channel 07/0 : 4[0] -> 11[3] [send] via NET/IB/2(7)/GDRDMA
c64:1043356:1043483 [3] NCCL INFO Channel 03/0 : 8[0] -> 15[3] [receive] via NET/IB/2/GDRDMA
c64:1043353:1043501 [0] NCCL INFO Channel 07/0 : 12[0] -> 3[3] [send] via NET/IB/2(15)/GDRDMA
c64:1043356:1043483 [3] NCCL INFO Channel 07/0 : 8[0] -> 15[3] [receive] via NET/IB/2/GDRDMA
c55:3883927:3883979 [2] NCCL INFO Channel 03/0 : 2[2] -> 1[1] via P2P/CUMEM
c55:3883927:3883979 [2] NCCL INFO Channel 06/0 : 2[2] -> 1[1] via P2P/CUMEM
c55:3883927:3883979 [2] NCCL INFO Channel 07/0 : 2[2] -> 1[1] via P2P/CUMEM
c60:74402:74459 [2] NCCL INFO Channel 01/0 : 10[2] -> 13[1] [send] via NET/IB/0(9)/GDRDMA
c60:74401:74456 [1] NCCL INFO Channel 01/0 : 6[2] -> 9[1] [receive] via NET/IB/0/GDRDMA
c60:74402:74459 [2] NCCL INFO Channel 05/0 : 10[2] -> 13[1] [send] via NET/IB/0(9)/GDRDMA
c60:74401:74456 [1] NCCL INFO Channel 05/0 : 6[2] -> 9[1] [receive] via NET/IB/0/GDRDMA
c55:3883925:3883978 [0] NCCL INFO Channel 03/0 : 0[0] -> 7[3] [send] via NET/IB/2(3)/GDRDMA
c55:3883928:3883980 [3] NCCL INFO Channel 03/0 : 12[0] -> 3[3] [receive] via NET/IB/2/GDRDMA
c55:3883925:3883978 [0] NCCL INFO Channel 07/0 : 0[0] -> 7[3] [send] via NET/IB/2(3)/GDRDMA
c55:3883928:3883980 [3] NCCL INFO Channel 07/0 : 12[0] -> 3[3] [receive] via NET/IB/2/GDRDMA
c56:1521421:1521478 [3] NCCL INFO Channel 03/0 : 0[0] -> 7[3] [receive] via NET/IB/2/GDRDMA
c55:3883928:3883980 [3] NCCL INFO Channel 01/0 : 3[3] -> 2[2] via P2P/CUMEM
c56:1521421:1521478 [3] NCCL INFO Channel 07/0 : 0[0] -> 7[3] [receive] via NET/IB/2/GDRDMA
c55:3883928:3883980 [3] NCCL INFO Channel 03/0 : 3[3] -> 2[2] via P2P/CUMEM
c56:1521420:1521476 [2] NCCL INFO Channel 02/0 : 6[2] -> 5[1] via P2P/CUMEM
c60:74402:74459 [2] NCCL INFO Channel 02/0 : 10[2] -> 9[1] via P2P/CUMEM
c60:74402:74459 [2] NCCL INFO Channel 03/0 : 10[2] -> 9[1] via P2P/CUMEM
c56:1521421:1521478 [3] NCCL INFO Channel 01/0 : 7[3] -> 6[2] via P2P/CUMEM
c60:74402:74459 [2] NCCL INFO Channel 06/0 : 10[2] -> 9[1] via P2P/CUMEM
c56:1521421:1521478 [3] NCCL INFO Channel 03/0 : 7[3] -> 6[2] via P2P/CUMEM
c56:1521420:1521476 [2] NCCL INFO Channel 03/0 : 6[2] -> 5[1] via P2P/CUMEM
c56:1521421:1521478 [3] NCCL INFO Channel 05/0 : 7[3] -> 6[2] via P2P/CUMEM
c56:1521421:1521478 [3] NCCL INFO Channel 07/0 : 7[3] -> 6[2] via P2P/CUMEM
c60:74402:74459 [2] NCCL INFO Channel 07/0 : 10[2] -> 9[1] via P2P/CUMEM
c64:1043354:1043481 [1] NCCL INFO Channel 01/0 : 13[1] -> 12[0] via P2P/CUMEM
c56:1521420:1521476 [2] NCCL INFO Channel 06/0 : 6[2] -> 5[1] via P2P/CUMEM
c64:1043354:1043481 [1] NCCL INFO Channel 02/0 : 13[1] -> 12[0] via P2P/CUMEM
c56:1521420:1521476 [2] NCCL INFO Channel 07/0 : 6[2] -> 5[1] via P2P/CUMEM
c64:1043354:1043481 [1] NCCL INFO Channel 03/0 : 13[1] -> 12[0] via P2P/CUMEM
c64:1043354:1043481 [1] NCCL INFO Channel 05/0 : 13[1] -> 12[0] via P2P/CUMEM
c64:1043354:1043481 [1] NCCL INFO Channel 06/0 : 13[1] -> 12[0] via P2P/CUMEM
c64:1043354:1043481 [1] NCCL INFO Channel 07/0 : 13[1] -> 12[0] via P2P/CUMEM
c60:74401:74456 [1] NCCL INFO Channel 01/0 : 9[1] -> 8[0] via P2P/CUMEM
c60:74401:74456 [1] NCCL INFO Channel 02/0 : 9[1] -> 8[0] via P2P/CUMEM
c55:3883928:3883980 [3] NCCL INFO Channel 05/0 : 3[3] -> 2[2] via P2P/CUMEM
c60:74401:74456 [1] NCCL INFO Channel 03/0 : 9[1] -> 8[0] via P2P/CUMEM
c60:74401:74456 [1] NCCL INFO Channel 05/0 : 9[1] -> 8[0] via P2P/CUMEM
c60:74401:74456 [1] NCCL INFO Channel 06/0 : 9[1] -> 8[0] via P2P/CUMEM
c60:74401:74456 [1] NCCL INFO Channel 07/0 : 9[1] -> 8[0] via P2P/CUMEM
c60:74403:74458 [3] NCCL INFO Channel 02/0 : 11[3] -> 14[2] [send] via NET/IB/3(10)/GDRDMA
c60:74403:74458 [3] NCCL INFO Channel 06/0 : 11[3] -> 14[2] [send] via NET/IB/3(10)/GDRDMA
c60:74400:74457 [0] NCCL INFO Channel 03/0 : 8[0] -> 15[3] [send] via NET/IB/2(11)/GDRDMA
c60:74403:74458 [3] NCCL INFO Channel 03/0 : 4[0] -> 11[3] [receive] via NET/IB/2/GDRDMA
c60:74400:74457 [0] NCCL INFO Channel 07/0 : 8[0] -> 15[3] [send] via NET/IB/2(11)/GDRDMA
c60:74403:74458 [3] NCCL INFO Channel 07/0 : 4[0] -> 11[3] [receive] via NET/IB/2/GDRDMA
c60:74403:74458 [3] NCCL INFO Channel 01/0 : 11[3] -> 10[2] via P2P/CUMEM
c64:1043356:1043483 [3] NCCL INFO Channel 01/0 : 15[3] -> 14[2] via P2P/CUMEM
c60:74403:74458 [3] NCCL INFO Channel 03/0 : 11[3] -> 10[2] via P2P/CUMEM
c60:74403:74458 [3] NCCL INFO Channel 05/0 : 11[3] -> 10[2] via P2P/CUMEM
c60:74403:74458 [3] NCCL INFO Channel 07/0 : 11[3] -> 10[2] via P2P/CUMEM
c64:1043356:1043483 [3] NCCL INFO Channel 03/0 : 15[3] -> 14[2] via P2P/CUMEM
c64:1043356:1043483 [3] NCCL INFO Channel 05/0 : 15[3] -> 14[2] via P2P/CUMEM
c64:1043356:1043483 [3] NCCL INFO Channel 07/0 : 15[3] -> 14[2] via P2P/CUMEM
c64:1043355:1043482 [2] NCCL INFO Channel 02/0 : 14[2] -> 13[1] via P2P/CUMEM
c55:3883928:3883980 [3] NCCL INFO Channel 07/0 : 3[3] -> 2[2] via P2P/CUMEM
