number of parameters: 123.59M
number of parameters: 123.59M
number of parameters: 123.59M
num decayed parameter tensors: 50, with 124,354,560 parameters
num non-decayed parameter tensors: 25, with 19,200 parameters
num decayed parameter tensors: 50, with 124,354,560 parameters
num non-decayed parameter tensors: 25, with 19,200 parameters
num decayed parameter tensors: 50, with 124,354,560 parameters
num non-decayed parameter tensors: 25, with 19,200 parameters
number of parameters: 123.59M
num decayed parameter tensors: 50, with 124,354,560 parameters
num non-decayed parameter tensors: 25, with 19,200 parameters
using fused AdamW: True
using fused AdamW: True
using fused AdamW: True
using fused AdamW: True
i8016:1110398:1110398 [0] NCCL INFO NCCL_SOCKET_IFNAME set by environment to ib0
i8016:1110398:1110398 [0] NCCL INFO Bootstrap : Using ib0.0001:172.24.196.143<0>
i8016:1110398:1110398 [0] NCCL INFO NET/Plugin: No plugin found (libnccl-net.so)
i8016:1110398:1110398 [0] NCCL INFO NET/Plugin: Plugin load returned 2 : libnccl-net.so: cannot open shared object file: No such file or directory : when loading libnccl-net.so
i8016:1110398:1110398 [0] NCCL INFO NET/Plugin: Using internal network plugin.
i8016:1110398:1110398 [0] NCCL INFO cudaDriverVersion 12050
NCCL version 2.21.5+cuda12.4
i8016:1110399:1110399 [1] NCCL INFO cudaDriverVersion 12050
i8016:1110399:1110399 [1] NCCL INFO NCCL_SOCKET_IFNAME set by environment to ib0
i8016:1110399:1110399 [1] NCCL INFO Bootstrap : Using ib0.0001:172.24.196.143<0>
i8016:1110399:1110399 [1] NCCL INFO NET/Plugin: No plugin found (libnccl-net.so)
i8016:1110399:1110399 [1] NCCL INFO NET/Plugin: Plugin load returned 2 : libnccl-net.so: cannot open shared object file: No such file or directory : when loading libnccl-net.so
i8016:1110399:1110399 [1] NCCL INFO NET/Plugin: Using internal network plugin.
i8016:1110400:1110400 [2] NCCL INFO cudaDriverVersion 12050
i8016:1110400:1110400 [2] NCCL INFO NCCL_SOCKET_IFNAME set by environment to ib0
i8016:1110400:1110400 [2] NCCL INFO Bootstrap : Using ib0.0001:172.24.196.143<0>
i8016:1110400:1110400 [2] NCCL INFO NET/Plugin: No plugin found (libnccl-net.so)
i8016:1110400:1110400 [2] NCCL INFO NET/Plugin: Plugin load returned 2 : libnccl-net.so: cannot open shared object file: No such file or directory : when loading libnccl-net.so
i8016:1110400:1110400 [2] NCCL INFO NET/Plugin: Using internal network plugin.
i8016:1110401:1110401 [3] NCCL INFO cudaDriverVersion 12050
i8016:1110401:1110401 [3] NCCL INFO NCCL_SOCKET_IFNAME set by environment to ib0
i8016:1110401:1110401 [3] NCCL INFO Bootstrap : Using ib0.0001:172.24.196.143<0>
i8016:1110401:1110401 [3] NCCL INFO NET/Plugin: No plugin found (libnccl-net.so)
i8016:1110401:1110401 [3] NCCL INFO NET/Plugin: Plugin load returned 2 : libnccl-net.so: cannot open shared object file: No such file or directory : when loading libnccl-net.so
i8016:1110401:1110401 [3] NCCL INFO NET/Plugin: Using internal network plugin.
i8016:1110398:1110458 [0] NCCL INFO NCCL_IB_DISABLE set by environment to 0.
i8016:1110399:1110459 [1] NCCL INFO NCCL_IB_DISABLE set by environment to 0.
i8016:1110400:1110460 [2] NCCL INFO NCCL_IB_DISABLE set by environment to 0.
i8016:1110401:1110461 [3] NCCL INFO NCCL_IB_DISABLE set by environment to 0.
i8016:1110398:1110458 [0] NCCL INFO NCCL_SOCKET_IFNAME set by environment to ib0
i8016:1110400:1110460 [2] NCCL INFO NCCL_SOCKET_IFNAME set by environment to ib0
i8016:1110401:1110461 [3] NCCL INFO NCCL_SOCKET_IFNAME set by environment to ib0
i8016:1110399:1110459 [1] NCCL INFO NCCL_SOCKET_IFNAME set by environment to ib0
i8016:1110400:1110460 [2] NCCL INFO NCCL_IB_HCA set to mlx5
i8016:1110401:1110461 [3] NCCL INFO NCCL_IB_HCA set to mlx5
i8016:1110399:1110459 [1] NCCL INFO NCCL_IB_HCA set to mlx5
i8016:1110398:1110458 [0] NCCL INFO NCCL_IB_HCA set to mlx5
i8016:1110401:1110461 [3] NCCL INFO NET/IB : Using [0]mlx5_0:1/IB [1]mlx5_1:1/IB [RO]; OOB ib0.0001:172.24.196.143<0>
i8016:1110401:1110461 [3] NCCL INFO Using non-device net plugin version 0
i8016:1110401:1110461 [3] NCCL INFO Using network IB
i8016:1110398:1110458 [0] NCCL INFO NET/IB : Using [0]mlx5_0:1/IB [1]mlx5_1:1/IB [RO]; OOB ib0.0001:172.24.196.143<0>
i8016:1110398:1110458 [0] NCCL INFO Using non-device net plugin version 0
i8016:1110398:1110458 [0] NCCL INFO Using network IB
i8016:1110400:1110460 [2] NCCL INFO NET/IB : Using [0]mlx5_0:1/IB [1]mlx5_1:1/IB [RO]; OOB ib0.0001:172.24.196.143<0>
i8016:1110400:1110460 [2] NCCL INFO Using non-device net plugin version 0
i8016:1110400:1110460 [2] NCCL INFO Using network IB
i8016:1110399:1110459 [1] NCCL INFO NET/IB : Using [0]mlx5_0:1/IB [1]mlx5_1:1/IB [RO]; OOB ib0.0001:172.24.196.143<0>
i8016:1110399:1110459 [1] NCCL INFO Using non-device net plugin version 0
i8016:1110399:1110459 [1] NCCL INFO Using network IB
i8016:1110401:1110461 [3] NCCL INFO ncclCommInitRank comm 0xb8e58e0 rank 3 nranks 4 cudaDev 3 nvmlDev 3 busId c1000 commId 0x139ccf45c765af2f - Init START
i8016:1110398:1110458 [0] NCCL INFO ncclCommInitRank comm 0xb4bee20 rank 0 nranks 4 cudaDev 0 nvmlDev 0 busId b000 commId 0x139ccf45c765af2f - Init START
i8016:1110400:1110460 [2] NCCL INFO ncclCommInitRank comm 0xc654580 rank 2 nranks 4 cudaDev 2 nvmlDev 2 busId 40000 commId 0x139ccf45c765af2f - Init START
i8016:1110399:1110459 [1] NCCL INFO ncclCommInitRank comm 0xae6fde0 rank 1 nranks 4 cudaDev 1 nvmlDev 1 busId 11000 commId 0x139ccf45c765af2f - Init START
i8016:1110399:1110459 [1] NCCL INFO NVLS multicast support is not available on dev 1
i8016:1110401:1110461 [3] NCCL INFO Setting affinity for GPU 3 to 8000,00000000
i8016:1110401:1110461 [3] NCCL INFO NVLS multicast support is not available on dev 3
i8016:1110398:1110458 [0] NCCL INFO NVLS multicast support is not available on dev 0
i8016:1110400:1110460 [2] NCCL INFO NVLS multicast support is not available on dev 2
i8016:1110400:1110460 [2] NCCL INFO comm 0xc654580 rank 2 nRanks 4 nNodes 1 localRanks 4 localRank 2 MNNVL 0
i8016:1110399:1110459 [1] NCCL INFO comm 0xae6fde0 rank 1 nRanks 4 nNodes 1 localRanks 4 localRank 1 MNNVL 0
i8016:1110398:1110458 [0] NCCL INFO comm 0xb4bee20 rank 0 nRanks 4 nNodes 1 localRanks 4 localRank 0 MNNVL 0
i8016:1110398:1110458 [0] NCCL INFO Channel 00/24 :    0   1   2   3
i8016:1110398:1110458 [0] NCCL INFO Channel 01/24 :    0   1   2   3
i8016:1110398:1110458 [0] NCCL INFO Channel 02/24 :    0   1   2   3
i8016:1110398:1110458 [0] NCCL INFO Channel 03/24 :    0   1   2   3
i8016:1110398:1110458 [0] NCCL INFO Channel 04/24 :    0   1   2   3
i8016:1110398:1110458 [0] NCCL INFO Channel 05/24 :    0   1   2   3
i8016:1110398:1110458 [0] NCCL INFO Channel 06/24 :    0   1   2   3
i8016:1110400:1110460 [2] NCCL INFO Trees [0] 3/-1/-1->2->1 [1] 3/-1/-1->2->1 [2] 3/-1/-1->2->1 [3] 3/-1/-1->2->1 [4] 3/-1/-1->2->1 [5] 3/-1/-1->2->1 [6] 3/-1/-1->2->1 [7] 3/-1/-1->2->1 [8] 3/-1/-1->2->1 [9] 3/-1/-1->2->1 [10] 3/-1/-1->2->1 [11] 3/-1/-1->2->1 [12] 3/-1/-1->2->1 [13] 3/-1/-1->2->1 [14] 3/-1/-1->2->1 [15] 3/-1/-1->2->1 [16] 3/-1/-1->2->1 [17] 3/-1/-1->2->1 [18] 3/-1/-1->2->1 [19] 3/-1/-1->2->1 [20] 3/-1/-1->2->1 [21] 3/-1/-1->2->1 [22] 3/-1/-1->2->1 [23] 3/-1/-1->2->1
i8016:1110398:1110458 [0] NCCL INFO Channel 07/24 :    0   1   2   3
i8016:1110400:1110460 [2] NCCL INFO P2P Chunksize set to 524288
i8016:1110398:1110458 [0] NCCL INFO Channel 08/24 :    0   1   2   3
i8016:1110398:1110458 [0] NCCL INFO Channel 09/24 :    0   1   2   3
i8016:1110398:1110458 [0] NCCL INFO Channel 10/24 :    0   1   2   3
i8016:1110398:1110458 [0] NCCL INFO Channel 11/24 :    0   1   2   3
i8016:1110398:1110458 [0] NCCL INFO Channel 12/24 :    0   1   2   3
i8016:1110398:1110458 [0] NCCL INFO Channel 13/24 :    0   1   2   3
i8016:1110398:1110458 [0] NCCL INFO Channel 14/24 :    0   1   2   3
i8016:1110398:1110458 [0] NCCL INFO Channel 15/24 :    0   1   2   3
i8016:1110398:1110458 [0] NCCL INFO Channel 16/24 :    0   1   2   3
i8016:1110399:1110459 [1] NCCL INFO Trees [0] 2/-1/-1->1->0 [1] 2/-1/-1->1->0 [2] 2/-1/-1->1->0 [3] 2/-1/-1->1->0 [4] 2/-1/-1->1->0 [5] 2/-1/-1->1->0 [6] 2/-1/-1->1->0 [7] 2/-1/-1->1->0 [8] 2/-1/-1->1->0 [9] 2/-1/-1->1->0 [10] 2/-1/-1->1->0 [11] 2/-1/-1->1->0 [12] 2/-1/-1->1->0 [13] 2/-1/-1->1->0 [14] 2/-1/-1->1->0 [15] 2/-1/-1->1->0 [16] 2/-1/-1->1->0 [17] 2/-1/-1->1->0 [18] 2/-1/-1->1->0 [19] 2/-1/-1->1->0 [20] 2/-1/-1->1->0 [21] 2/-1/-1->1->0 [22] 2/-1/-1->1->0 [23] 2/-1/-1->1->0
i8016:1110398:1110458 [0] NCCL INFO Channel 17/24 :    0   1   2   3
i8016:1110398:1110458 [0] NCCL INFO Channel 18/24 :    0   1   2   3
i8016:1110399:1110459 [1] NCCL INFO P2P Chunksize set to 524288
i8016:1110398:1110458 [0] NCCL INFO Channel 19/24 :    0   1   2   3
i8016:1110398:1110458 [0] NCCL INFO Channel 20/24 :    0   1   2   3
i8016:1110398:1110458 [0] NCCL INFO Channel 21/24 :    0   1   2   3
i8016:1110398:1110458 [0] NCCL INFO Channel 22/24 :    0   1   2   3
i8016:1110398:1110458 [0] NCCL INFO Channel 23/24 :    0   1   2   3
i8016:1110398:1110458 [0] NCCL INFO Trees [0] 1/-1/-1->0->-1 [1] 1/-1/-1->0->-1 [2] 1/-1/-1->0->-1 [3] 1/-1/-1->0->-1 [4] 1/-1/-1->0->-1 [5] 1/-1/-1->0->-1 [6] 1/-1/-1->0->-1 [7] 1/-1/-1->0->-1 [8] 1/-1/-1->0->-1 [9] 1/-1/-1->0->-1 [10] 1/-1/-1->0->-1 [11] 1/-1/-1->0->-1 [12] 1/-1/-1->0->-1 [13] 1/-1/-1->0->-1 [14] 1/-1/-1->0->-1 [15] 1/-1/-1->0->-1 [16] 1/-1/-1->0->-1 [17] 1/-1/-1->0->-1 [18] 1/-1/-1->0->-1 [19] 1/-1/-1->0->-1 [20] 1/-1/-1->0->-1 [21] 1/-1/-1->0->-1 [22] 1/-1/-1->0->-1 [23] 1/-1/-1->0->-1
i8016:1110398:1110458 [0] NCCL INFO P2P Chunksize set to 524288
i8016:1110401:1110461 [3] NCCL INFO comm 0xb8e58e0 rank 3 nRanks 4 nNodes 1 localRanks 4 localRank 3 MNNVL 0
i8016:1110401:1110461 [3] NCCL INFO Trees [0] -1/-1/-1->3->2 [1] -1/-1/-1->3->2 [2] -1/-1/-1->3->2 [3] -1/-1/-1->3->2 [4] -1/-1/-1->3->2 [5] -1/-1/-1->3->2 [6] -1/-1/-1->3->2 [7] -1/-1/-1->3->2 [8] -1/-1/-1->3->2 [9] -1/-1/-1->3->2 [10] -1/-1/-1->3->2 [11] -1/-1/-1->3->2 [12] -1/-1/-1->3->2 [13] -1/-1/-1->3->2 [14] -1/-1/-1->3->2 [15] -1/-1/-1->3->2 [16] -1/-1/-1->3->2 [17] -1/-1/-1->3->2 [18] -1/-1/-1->3->2 [19] -1/-1/-1->3->2 [20] -1/-1/-1->3->2 [21] -1/-1/-1->3->2 [22] -1/-1/-1->3->2 [23] -1/-1/-1->3->2
i8016:1110401:1110461 [3] NCCL INFO P2P Chunksize set to 524288
i8016:1110400:1110460 [2] NCCL INFO Channel 00/0 : 2[2] -> 3[3] via P2P/CUMEM/read
i8016:1110400:1110460 [2] NCCL INFO Channel 01/0 : 2[2] -> 3[3] via P2P/CUMEM/read
i8016:1110400:1110460 [2] NCCL INFO Channel 02/0 : 2[2] -> 3[3] via P2P/CUMEM/read
i8016:1110400:1110460 [2] NCCL INFO Channel 03/0 : 2[2] -> 3[3] via P2P/CUMEM/read
i8016:1110400:1110460 [2] NCCL INFO Channel 04/0 : 2[2] -> 3[3] via P2P/CUMEM/read
i8016:1110400:1110460 [2] NCCL INFO Channel 05/0 : 2[2] -> 3[3] via P2P/CUMEM/read
i8016:1110400:1110460 [2] NCCL INFO Channel 06/0 : 2[2] -> 3[3] via P2P/CUMEM/read
i8016:1110400:1110460 [2] NCCL INFO Channel 07/0 : 2[2] -> 3[3] via P2P/CUMEM/read
i8016:1110400:1110460 [2] NCCL INFO Channel 08/0 : 2[2] -> 3[3] via P2P/CUMEM/read
i8016:1110400:1110460 [2] NCCL INFO Channel 09/0 : 2[2] -> 3[3] via P2P/CUMEM/read
i8016:1110400:1110460 [2] NCCL INFO Channel 10/0 : 2[2] -> 3[3] via P2P/CUMEM/read
i8016:1110400:1110460 [2] NCCL INFO Channel 11/0 : 2[2] -> 3[3] via P2P/CUMEM/read
i8016:1110400:1110460 [2] NCCL INFO Channel 12/0 : 2[2] -> 3[3] via P2P/CUMEM/read
i8016:1110400:1110460 [2] NCCL INFO Channel 13/0 : 2[2] -> 3[3] via P2P/CUMEM/read
i8016:1110400:1110460 [2] NCCL INFO Channel 14/0 : 2[2] -> 3[3] via P2P/CUMEM/read
i8016:1110400:1110460 [2] NCCL INFO Channel 15/0 : 2[2] -> 3[3] via P2P/CUMEM/read
i8016:1110400:1110460 [2] NCCL INFO Channel 16/0 : 2[2] -> 3[3] via P2P/CUMEM/read
i8016:1110400:1110460 [2] NCCL INFO Channel 17/0 : 2[2] -> 3[3] via P2P/CUMEM/read
i8016:1110400:1110460 [2] NCCL INFO Channel 18/0 : 2[2] -> 3[3] via P2P/CUMEM/read
i8016:1110400:1110460 [2] NCCL INFO Channel 19/0 : 2[2] -> 3[3] via P2P/CUMEM/read
i8016:1110400:1110460 [2] NCCL INFO Channel 20/0 : 2[2] -> 3[3] via P2P/CUMEM/read
i8016:1110400:1110460 [2] NCCL INFO Channel 21/0 : 2[2] -> 3[3] via P2P/CUMEM/read
i8016:1110400:1110460 [2] NCCL INFO Channel 22/0 : 2[2] -> 3[3] via P2P/CUMEM/read
i8016:1110400:1110460 [2] NCCL INFO Channel 23/0 : 2[2] -> 3[3] via P2P/CUMEM/read
i8016:1110398:1110458 [0] NCCL INFO Channel 00/0 : 0[0] -> 1[1] via P2P/CUMEM/read
i8016:1110398:1110458 [0] NCCL INFO Channel 01/0 : 0[0] -> 1[1] via P2P/CUMEM/read
i8016:1110398:1110458 [0] NCCL INFO Channel 02/0 : 0[0] -> 1[1] via P2P/CUMEM/read
i8016:1110398:1110458 [0] NCCL INFO Channel 03/0 : 0[0] -> 1[1] via P2P/CUMEM/read
i8016:1110398:1110458 [0] NCCL INFO Channel 04/0 : 0[0] -> 1[1] via P2P/CUMEM/read
i8016:1110398:1110458 [0] NCCL INFO Channel 05/0 : 0[0] -> 1[1] via P2P/CUMEM/read
i8016:1110398:1110458 [0] NCCL INFO Channel 06/0 : 0[0] -> 1[1] via P2P/CUMEM/read
i8016:1110398:1110458 [0] NCCL INFO Channel 07/0 : 0[0] -> 1[1] via P2P/CUMEM/read
i8016:1110398:1110458 [0] NCCL INFO Channel 08/0 : 0[0] -> 1[1] via P2P/CUMEM/read
i8016:1110398:1110458 [0] NCCL INFO Channel 09/0 : 0[0] -> 1[1] via P2P/CUMEM/read
i8016:1110398:1110458 [0] NCCL INFO Channel 10/0 : 0[0] -> 1[1] via P2P/CUMEM/read
i8016:1110398:1110458 [0] NCCL INFO Channel 11/0 : 0[0] -> 1[1] via P2P/CUMEM/read
i8016:1110398:1110458 [0] NCCL INFO Channel 12/0 : 0[0] -> 1[1] via P2P/CUMEM/read
i8016:1110398:1110458 [0] NCCL INFO Channel 13/0 : 0[0] -> 1[1] via P2P/CUMEM/read
i8016:1110398:1110458 [0] NCCL INFO Channel 14/0 : 0[0] -> 1[1] via P2P/CUMEM/read
i8016:1110398:1110458 [0] NCCL INFO Channel 15/0 : 0[0] -> 1[1] via P2P/CUMEM/read
i8016:1110398:1110458 [0] NCCL INFO Channel 16/0 : 0[0] -> 1[1] via P2P/CUMEM/read
i8016:1110398:1110458 [0] NCCL INFO Channel 17/0 : 0[0] -> 1[1] via P2P/CUMEM/read
i8016:1110399:1110459 [1] NCCL INFO Channel 00/0 : 1[1] -> 2[2] via P2P/CUMEM/read
i8016:1110398:1110458 [0] NCCL INFO Channel 18/0 : 0[0] -> 1[1] via P2P/CUMEM/read
i8016:1110399:1110459 [1] NCCL INFO Channel 01/0 : 1[1] -> 2[2] via P2P/CUMEM/read
i8016:1110398:1110458 [0] NCCL INFO Channel 19/0 : 0[0] -> 1[1] via P2P/CUMEM/read
i8016:1110399:1110459 [1] NCCL INFO Channel 02/0 : 1[1] -> 2[2] via P2P/CUMEM/read
i8016:1110398:1110458 [0] NCCL INFO Channel 20/0 : 0[0] -> 1[1] via P2P/CUMEM/read
i8016:1110398:1110458 [0] NCCL INFO Channel 21/0 : 0[0] -> 1[1] via P2P/CUMEM/read
i8016:1110398:1110458 [0] NCCL INFO Channel 22/0 : 0[0] -> 1[1] via P2P/CUMEM/read
i8016:1110398:1110458 [0] NCCL INFO Channel 23/0 : 0[0] -> 1[1] via P2P/CUMEM/read
i8016:1110399:1110459 [1] NCCL INFO Channel 03/0 : 1[1] -> 2[2] via P2P/CUMEM/read
i8016:1110399:1110459 [1] NCCL INFO Channel 04/0 : 1[1] -> 2[2] via P2P/CUMEM/read
i8016:1110399:1110459 [1] NCCL INFO Channel 05/0 : 1[1] -> 2[2] via P2P/CUMEM/read
i8016:1110399:1110459 [1] NCCL INFO Channel 06/0 : 1[1] -> 2[2] via P2P/CUMEM/read
i8016:1110399:1110459 [1] NCCL INFO Channel 07/0 : 1[1] -> 2[2] via P2P/CUMEM/read
i8016:1110399:1110459 [1] NCCL INFO Channel 08/0 : 1[1] -> 2[2] via P2P/CUMEM/read
i8016:1110401:1110461 [3] NCCL INFO Channel 00/0 : 3[3] -> 0[0] via P2P/CUMEM/read
i8016:1110399:1110459 [1] NCCL INFO Channel 09/0 : 1[1] -> 2[2] via P2P/CUMEM/read
i8016:1110399:1110459 [1] NCCL INFO Channel 10/0 : 1[1] -> 2[2] via P2P/CUMEM/read
i8016:1110399:1110459 [1] NCCL INFO Channel 11/0 : 1[1] -> 2[2] via P2P/CUMEM/read
i8016:1110399:1110459 [1] NCCL INFO Channel 12/0 : 1[1] -> 2[2] via P2P/CUMEM/read
i8016:1110399:1110459 [1] NCCL INFO Channel 13/0 : 1[1] -> 2[2] via P2P/CUMEM/read
i8016:1110399:1110459 [1] NCCL INFO Channel 14/0 : 1[1] -> 2[2] via P2P/CUMEM/read
i8016:1110399:1110459 [1] NCCL INFO Channel 15/0 : 1[1] -> 2[2] via P2P/CUMEM/read
i8016:1110399:1110459 [1] NCCL INFO Channel 16/0 : 1[1] -> 2[2] via P2P/CUMEM/read
i8016:1110399:1110459 [1] NCCL INFO Channel 17/0 : 1[1] -> 2[2] via P2P/CUMEM/read
i8016:1110399:1110459 [1] NCCL INFO Channel 18/0 : 1[1] -> 2[2] via P2P/CUMEM/read
i8016:1110401:1110461 [3] NCCL INFO Channel 01/0 : 3[3] -> 0[0] via P2P/CUMEM/read
i8016:1110399:1110459 [1] NCCL INFO Channel 19/0 : 1[1] -> 2[2] via P2P/CUMEM/read
i8016:1110401:1110461 [3] NCCL INFO Channel 02/0 : 3[3] -> 0[0] via P2P/CUMEM/read
i8016:1110401:1110461 [3] NCCL INFO Channel 03/0 : 3[3] -> 0[0] via P2P/CUMEM/read
i8016:1110399:1110459 [1] NCCL INFO Channel 20/0 : 1[1] -> 2[2] via P2P/CUMEM/read
i8016:1110399:1110459 [1] NCCL INFO Channel 21/0 : 1[1] -> 2[2] via P2P/CUMEM/read
i8016:1110401:1110461 [3] NCCL INFO Channel 04/0 : 3[3] -> 0[0] via P2P/CUMEM/read
i8016:1110399:1110459 [1] NCCL INFO Channel 22/0 : 1[1] -> 2[2] via P2P/CUMEM/read
i8016:1110399:1110459 [1] NCCL INFO Channel 23/0 : 1[1] -> 2[2] via P2P/CUMEM/read
i8016:1110401:1110461 [3] NCCL INFO Channel 05/0 : 3[3] -> 0[0] via P2P/CUMEM/read
i8016:1110401:1110461 [3] NCCL INFO Channel 06/0 : 3[3] -> 0[0] via P2P/CUMEM/read
i8016:1110401:1110461 [3] NCCL INFO Channel 07/0 : 3[3] -> 0[0] via P2P/CUMEM/read
i8016:1110401:1110461 [3] NCCL INFO Channel 08/0 : 3[3] -> 0[0] via P2P/CUMEM/read
i8016:1110401:1110461 [3] NCCL INFO Channel 09/0 : 3[3] -> 0[0] via P2P/CUMEM/read
i8016:1110401:1110461 [3] NCCL INFO Channel 10/0 : 3[3] -> 0[0] via P2P/CUMEM/read
i8016:1110401:1110461 [3] NCCL INFO Channel 11/0 : 3[3] -> 0[0] via P2P/CUMEM/read
i8016:1110401:1110461 [3] NCCL INFO Channel 12/0 : 3[3] -> 0[0] via P2P/CUMEM/read
i8016:1110401:1110461 [3] NCCL INFO Channel 13/0 : 3[3] -> 0[0] via P2P/CUMEM/read
i8016:1110401:1110461 [3] NCCL INFO Channel 14/0 : 3[3] -> 0[0] via P2P/CUMEM/read
i8016:1110401:1110461 [3] NCCL INFO Channel 15/0 : 3[3] -> 0[0] via P2P/CUMEM/read
i8016:1110401:1110461 [3] NCCL INFO Channel 16/0 : 3[3] -> 0[0] via P2P/CUMEM/read
i8016:1110401:1110461 [3] NCCL INFO Channel 17/0 : 3[3] -> 0[0] via P2P/CUMEM/read
i8016:1110401:1110461 [3] NCCL INFO Channel 18/0 : 3[3] -> 0[0] via P2P/CUMEM/read
i8016:1110401:1110461 [3] NCCL INFO Channel 19/0 : 3[3] -> 0[0] via P2P/CUMEM/read
i8016:1110401:1110461 [3] NCCL INFO Channel 20/0 : 3[3] -> 0[0] via P2P/CUMEM/read
i8016:1110401:1110461 [3] NCCL INFO Channel 21/0 : 3[3] -> 0[0] via P2P/CUMEM/read
i8016:1110401:1110461 [3] NCCL INFO Channel 22/0 : 3[3] -> 0[0] via P2P/CUMEM/read
i8016:1110401:1110461 [3] NCCL INFO Channel 23/0 : 3[3] -> 0[0] via P2P/CUMEM/read
i8016:1110398:1110458 [0] NCCL INFO Connected all rings
i8016:1110401:1110461 [3] NCCL INFO Connected all rings
i8016:1110401:1110461 [3] NCCL INFO Channel 00/0 : 3[3] -> 2[2] via P2P/CUMEM/read
i8016:1110400:1110460 [2] NCCL INFO Connected all rings
i8016:1110399:1110459 [1] NCCL INFO Connected all rings
i8016:1110399:1110459 [1] NCCL INFO Channel 00/0 : 1[1] -> 0[0] via P2P/CUMEM/read
i8016:1110399:1110459 [1] NCCL INFO Channel 01/0 : 1[1] -> 0[0] via P2P/CUMEM/read
i8016:1110399:1110459 [1] NCCL INFO Channel 02/0 : 1[1] -> 0[0] via P2P/CUMEM/read
i8016:1110399:1110459 [1] NCCL INFO Channel 03/0 : 1[1] -> 0[0] via P2P/CUMEM/read
i8016:1110400:1110460 [2] NCCL INFO Channel 00/0 : 2[2] -> 1[1] via P2P/CUMEM/read
i8016:1110399:1110459 [1] NCCL INFO Channel 04/0 : 1[1] -> 0[0] via P2P/CUMEM/read
i8016:1110400:1110460 [2] NCCL INFO Channel 01/0 : 2[2] -> 1[1] via P2P/CUMEM/read
i8016:1110399:1110459 [1] NCCL INFO Channel 05/0 : 1[1] -> 0[0] via P2P/CUMEM/read
i8016:1110400:1110460 [2] NCCL INFO Channel 02/0 : 2[2] -> 1[1] via P2P/CUMEM/read
i8016:1110400:1110460 [2] NCCL INFO Channel 03/0 : 2[2] -> 1[1] via P2P/CUMEM/read
i8016:1110399:1110459 [1] NCCL INFO Channel 06/0 : 1[1] -> 0[0] via P2P/CUMEM/read
i8016:1110400:1110460 [2] NCCL INFO Channel 04/0 : 2[2] -> 1[1] via P2P/CUMEM/read
i8016:1110399:1110459 [1] NCCL INFO Channel 07/0 : 1[1] -> 0[0] via P2P/CUMEM/read
i8016:1110400:1110460 [2] NCCL INFO Channel 05/0 : 2[2] -> 1[1] via P2P/CUMEM/read
i8016:1110400:1110460 [2] NCCL INFO Channel 06/0 : 2[2] -> 1[1] via P2P/CUMEM/read
i8016:1110401:1110461 [3] NCCL INFO Channel 01/0 : 3[3] -> 2[2] via P2P/CUMEM/read
i8016:1110399:1110459 [1] NCCL INFO Channel 08/0 : 1[1] -> 0[0] via P2P/CUMEM/read
i8016:1110399:1110459 [1] NCCL INFO Channel 09/0 : 1[1] -> 0[0] via P2P/CUMEM/read
i8016:1110399:1110459 [1] NCCL INFO Channel 10/0 : 1[1] -> 0[0] via P2P/CUMEM/read
i8016:1110399:1110459 [1] NCCL INFO Channel 11/0 : 1[1] -> 0[0] via P2P/CUMEM/read
i8016:1110399:1110459 [1] NCCL INFO Channel 12/0 : 1[1] -> 0[0] via P2P/CUMEM/read
i8016:1110399:1110459 [1] NCCL INFO Channel 13/0 : 1[1] -> 0[0] via P2P/CUMEM/read
i8016:1110399:1110459 [1] NCCL INFO Channel 14/0 : 1[1] -> 0[0] via P2P/CUMEM/read
i8016:1110399:1110459 [1] NCCL INFO Channel 15/0 : 1[1] -> 0[0] via P2P/CUMEM/read
i8016:1110399:1110459 [1] NCCL INFO Channel 16/0 : 1[1] -> 0[0] via P2P/CUMEM/read
i8016:1110399:1110459 [1] NCCL INFO Channel 17/0 : 1[1] -> 0[0] via P2P/CUMEM/read
i8016:1110399:1110459 [1] NCCL INFO Channel 18/0 : 1[1] -> 0[0] via P2P/CUMEM/read
i8016:1110399:1110459 [1] NCCL INFO Channel 19/0 : 1[1] -> 0[0] via P2P/CUMEM/read
i8016:1110399:1110459 [1] NCCL INFO Channel 20/0 : 1[1] -> 0[0] via P2P/CUMEM/read
i8016:1110399:1110459 [1] NCCL INFO Channel 21/0 : 1[1] -> 0[0] via P2P/CUMEM/read
i8016:1110399:1110459 [1] NCCL INFO Channel 22/0 : 1[1] -> 0[0] via P2P/CUMEM/read
i8016:1110399:1110459 [1] NCCL INFO Channel 23/0 : 1[1] -> 0[0] via P2P/CUMEM/read
i8016:1110400:1110460 [2] NCCL INFO Channel 07/0 : 2[2] -> 1[1] via P2P/CUMEM/read
i8016:1110401:1110461 [3] NCCL INFO Channel 02/0 : 3[3] -> 2[2] via P2P/CUMEM/read
i8016:1110400:1110460 [2] NCCL INFO Channel 08/0 : 2[2] -> 1[1] via P2P/CUMEM/read
i8016:1110400:1110460 [2] NCCL INFO Channel 09/0 : 2[2] -> 1[1] via P2P/CUMEM/read
i8016:1110400:1110460 [2] NCCL INFO Channel 10/0 : 2[2] -> 1[1] via P2P/CUMEM/read
i8016:1110400:1110460 [2] NCCL INFO Channel 11/0 : 2[2] -> 1[1] via P2P/CUMEM/read
i8016:1110400:1110460 [2] NCCL INFO Channel 12/0 : 2[2] -> 1[1] via P2P/CUMEM/read
i8016:1110400:1110460 [2] NCCL INFO Channel 13/0 : 2[2] -> 1[1] via P2P/CUMEM/read
i8016:1110400:1110460 [2] NCCL INFO Channel 14/0 : 2[2] -> 1[1] via P2P/CUMEM/read
i8016:1110400:1110460 [2] NCCL INFO Channel 15/0 : 2[2] -> 1[1] via P2P/CUMEM/read
i8016:1110400:1110460 [2] NCCL INFO Channel 16/0 : 2[2] -> 1[1] via P2P/CUMEM/read
i8016:1110400:1110460 [2] NCCL INFO Channel 17/0 : 2[2] -> 1[1] via P2P/CUMEM/read
i8016:1110400:1110460 [2] NCCL INFO Channel 18/0 : 2[2] -> 1[1] via P2P/CUMEM/read
i8016:1110400:1110460 [2] NCCL INFO Channel 19/0 : 2[2] -> 1[1] via P2P/CUMEM/read
i8016:1110400:1110460 [2] NCCL INFO Channel 20/0 : 2[2] -> 1[1] via P2P/CUMEM/read
i8016:1110400:1110460 [2] NCCL INFO Channel 21/0 : 2[2] -> 1[1] via P2P/CUMEM/read
i8016:1110400:1110460 [2] NCCL INFO Channel 22/0 : 2[2] -> 1[1] via P2P/CUMEM/read
i8016:1110400:1110460 [2] NCCL INFO Channel 23/0 : 2[2] -> 1[1] via P2P/CUMEM/read
i8016:1110401:1110461 [3] NCCL INFO Channel 03/0 : 3[3] -> 2[2] via P2P/CUMEM/read
i8016:1110401:1110461 [3] NCCL INFO Channel 04/0 : 3[3] -> 2[2] via P2P/CUMEM/read
i8016:1110401:1110461 [3] NCCL INFO Channel 05/0 : 3[3] -> 2[2] via P2P/CUMEM/read
i8016:1110401:1110461 [3] NCCL INFO Channel 06/0 : 3[3] -> 2[2] via P2P/CUMEM/read
i8016:1110401:1110461 [3] NCCL INFO Channel 07/0 : 3[3] -> 2[2] via P2P/CUMEM/read
i8016:1110401:1110461 [3] NCCL INFO Channel 08/0 : 3[3] -> 2[2] via P2P/CUMEM/read
i8016:1110401:1110461 [3] NCCL INFO Channel 09/0 : 3[3] -> 2[2] via P2P/CUMEM/read
i8016:1110401:1110461 [3] NCCL INFO Channel 10/0 : 3[3] -> 2[2] via P2P/CUMEM/read
i8016:1110401:1110461 [3] NCCL INFO Channel 11/0 : 3[3] -> 2[2] via P2P/CUMEM/read
i8016:1110401:1110461 [3] NCCL INFO Channel 12/0 : 3[3] -> 2[2] via P2P/CUMEM/read
i8016:1110401:1110461 [3] NCCL INFO Channel 13/0 : 3[3] -> 2[2] via P2P/CUMEM/read
i8016:1110401:1110461 [3] NCCL INFO Channel 14/0 : 3[3] -> 2[2] via P2P/CUMEM/read
i8016:1110401:1110461 [3] NCCL INFO Channel 15/0 : 3[3] -> 2[2] via P2P/CUMEM/read
i8016:1110398:1110458 [0] NCCL INFO Connected all trees
i8016:1110398:1110458 [0] NCCL INFO threadThresholds 8/8/64 | 32/8/64 | 512 | 512
i8016:1110398:1110458 [0] NCCL INFO 24 coll channels, 24 collnet channels, 0 nvls channels, 32 p2p channels, 32 p2p channels per peer
i8016:1110401:1110461 [3] NCCL INFO Channel 16/0 : 3[3] -> 2[2] via P2P/CUMEM/read
i8016:1110401:1110461 [3] NCCL INFO Channel 17/0 : 3[3] -> 2[2] via P2P/CUMEM/read
i8016:1110401:1110461 [3] NCCL INFO Channel 18/0 : 3[3] -> 2[2] via P2P/CUMEM/read
i8016:1110401:1110461 [3] NCCL INFO Channel 19/0 : 3[3] -> 2[2] via P2P/CUMEM/read
i8016:1110401:1110461 [3] NCCL INFO Channel 20/0 : 3[3] -> 2[2] via P2P/CUMEM/read
i8016:1110401:1110461 [3] NCCL INFO Channel 21/0 : 3[3] -> 2[2] via P2P/CUMEM/read
i8016:1110401:1110461 [3] NCCL INFO Channel 22/0 : 3[3] -> 2[2] via P2P/CUMEM/read
i8016:1110401:1110461 [3] NCCL INFO Channel 23/0 : 3[3] -> 2[2] via P2P/CUMEM/read
i8016:1110399:1110459 [1] NCCL INFO Connected all trees
i8016:1110399:1110459 [1] NCCL INFO threadThresholds 8/8/64 | 32/8/64 | 512 | 512
i8016:1110399:1110459 [1] NCCL INFO 24 coll channels, 24 collnet channels, 0 nvls channels, 32 p2p channels, 32 p2p channels per peer
i8016:1110401:1110461 [3] NCCL INFO Connected all trees
i8016:1110401:1110461 [3] NCCL INFO threadThresholds 8/8/64 | 32/8/64 | 512 | 512
i8016:1110401:1110461 [3] NCCL INFO 24 coll channels, 24 collnet channels, 0 nvls channels, 32 p2p channels, 32 p2p channels per peer
i8016:1110400:1110460 [2] NCCL INFO Connected all trees
i8016:1110400:1110460 [2] NCCL INFO threadThresholds 8/8/64 | 32/8/64 | 512 | 512
i8016:1110400:1110460 [2] NCCL INFO 24 coll channels, 24 collnet channels, 0 nvls channels, 32 p2p channels, 32 p2p channels per peer
i8016:1110398:1110458 [0] NCCL INFO TUNER/Plugin: Plugin load returned 11 : libnccl-net.so: cannot open shared object file: No such file or directory : when loading libnccl-tuner.so
i8016:1110398:1110458 [0] NCCL INFO TUNER/Plugin: Using internal tuner plugin.
i8016:1110398:1110458 [0] NCCL INFO ncclCommInitRank comm 0xb4bee20 rank 0 nranks 4 cudaDev 0 nvmlDev 0 busId b000 commId 0x139ccf45c765af2f - Init COMPLETE
i8016:1110399:1110459 [1] NCCL INFO TUNER/Plugin: Plugin load returned 11 : libnccl-net.so: cannot open shared object file: No such file or directory : when loading libnccl-tuner.so
i8016:1110399:1110459 [1] NCCL INFO TUNER/Plugin: Using internal tuner plugin.
i8016:1110399:1110459 [1] NCCL INFO ncclCommInitRank comm 0xae6fde0 rank 1 nranks 4 cudaDev 1 nvmlDev 1 busId 11000 commId 0x139ccf45c765af2f - Init COMPLETE
i8016:1110400:1110460 [2] NCCL INFO TUNER/Plugin: Plugin load returned 11 : libnccl-net.so: cannot open shared object file: No such file or directory : when loading libnccl-tuner.so
i8016:1110401:1110461 [3] NCCL INFO TUNER/Plugin: Plugin load returned 11 : libnccl-net.so: cannot open shared object file: No such file or directory : when loading libnccl-tuner.so
i8016:1110400:1110460 [2] NCCL INFO TUNER/Plugin: Using internal tuner plugin.
i8016:1110401:1110461 [3] NCCL INFO TUNER/Plugin: Using internal tuner plugin.
i8016:1110401:1110461 [3] NCCL INFO ncclCommInitRank comm 0xb8e58e0 rank 3 nranks 4 cudaDev 3 nvmlDev 3 busId c1000 commId 0x139ccf45c765af2f - Init COMPLETE
i8016:1110400:1110460 [2] NCCL INFO ncclCommInitRank comm 0xc654580 rank 2 nranks 4 cudaDev 2 nvmlDev 2 busId 40000 commId 0x139ccf45c765af2f - Init COMPLETE
[debug] initial mask 124373760
[debug] initial canonical mask 124373760

=== ROUND 1/5 ===
[debug] Round 1 starting: 124373760/124373760 (100.00%) unmasked
[round] step 0: train 10.9331, val 10.9324, ppl 55961.6905
[round] iter 0: loss 10.9297, time 18726.6ms, mfu -100.0%
[round] iter 1: loss 10.0337, time 3583.7ms, mfu -100.0%
[round] iter 2: loss 9.3390, time 1109.5ms, mfu -100.0%
[round] iter 3: loss 8.9343, time 1133.6ms, mfu -100.0%
[round] iter 4: loss 8.5735, time 1053.8ms, mfu -100.0%
[round] iter 5: loss 8.2436, time 1037.4ms, mfu 16.2%
[round] iter 6: loss 7.9229, time 1236.2ms, mfu 16.0%
[round] iter 7: loss 7.7639, time 1108.2ms, mfu 15.9%
[round] iter 8: loss 7.8472, time 1102.8ms, mfu 15.8%
[round] iter 9: loss 7.7417, time 1074.4ms, mfu 15.8%
[round] iter 10: loss 7.5541, time 1299.1ms, mfu 15.5%
[round] iter 11: loss 7.5652, time 1026.4ms, mfu 15.6%
[round] iter 12: loss 7.6444, time 1040.0ms, mfu 15.7%
[round] iter 13: loss 7.7699, time 1139.7ms, mfu 15.6%
[round] iter 14: loss 7.2817, time 1027.0ms, mfu 15.7%
[round] iter 15: loss 7.3504, time 1034.0ms, mfu 15.7%
[round] iter 16: loss 7.4517, time 1082.5ms, mfu 15.7%
[round] iter 17: loss 7.4028, time 1160.8ms, mfu 15.6%
[round] iter 18: loss 7.3700, time 1084.3ms, mfu 15.6%
[round] iter 19: loss 7.2855, time 1310.9ms, mfu 15.3%
[round] iter 20: loss 7.2543, time 1068.6ms, mfu 15.3%
[round] iter 21: loss 7.4835, time 1319.7ms, mfu 15.1%
[round] iter 22: loss 7.3867, time 1057.4ms, mfu 15.2%
[round] iter 23: loss 7.3477, time 1048.0ms, mfu 15.3%
[round] iter 24: loss 7.2938, time 1116.3ms, mfu 15.2%
[round] iter 25: loss 7.5016, time 1061.2ms, mfu 15.3%
[round] iter 26: loss 7.2362, time 1031.7ms, mfu 15.4%
[round] iter 27: loss 7.2802, time 1151.5ms, mfu 15.3%
[round] iter 28: loss 7.4537, time 1054.8ms, mfu 15.4%
[round] iter 29: loss 7.2929, time 1064.1ms, mfu 15.4%
[round] iter 30: loss 7.1767, time 1285.7ms, mfu 15.2%
[round] iter 31: loss 7.1027, time 1028.3ms, mfu 15.3%
[round] iter 32: loss 7.3020, time 1030.4ms, mfu 15.4%
[round] iter 33: loss 7.6964, time 1024.5ms, mfu 15.5%
[round] iter 34: loss 7.1586, time 1181.4ms, mfu 15.4%
[round] iter 35: loss 6.9411, time 1072.2ms, mfu 15.4%
[round] iter 36: loss 7.1654, time 1027.3ms, mfu 15.5%
[round] iter 37: loss 7.0359, time 1041.0ms, mfu 15.6%
[round] iter 38: loss 7.0967, time 1030.7ms, mfu 15.7%
[round] iter 39: loss 7.0490, time 1035.1ms, mfu 15.7%
[round] iter 40: loss 7.0352, time 1035.7ms, mfu 15.8%
[round] iter 41: loss 6.8972, time 1028.0ms, mfu 15.8%
[round] iter 42: loss 7.1822, time 1050.4ms, mfu 15.9%
[round] iter 43: loss 6.9226, time 1045.4ms, mfu 15.9%
[round] iter 44: loss 7.1317, time 1027.5ms, mfu 15.9%
[round] iter 45: loss 6.8779, time 1034.9ms, mfu 16.0%
[round] iter 46: loss 7.1421, time 1144.5ms, mfu 15.8%
[round] iter 47: loss 6.9460, time 1024.2ms, mfu 15.9%
[round] iter 48: loss 6.9450, time 1649.1ms, mfu 15.3%
[round] iter 49: loss 6.8520, time 951.8ms, mfu 15.6%
[round] iter 50: loss 7.2672, time 1029.6ms, mfu 15.6%
[round] iter 51: loss 6.7593, time 1050.2ms, mfu 15.7%
[round] iter 52: loss 6.7599, time 1092.9ms, mfu 15.7%
[round] iter 53: loss 6.9143, time 1022.7ms, mfu 15.7%
[round] iter 54: loss 6.9215, time 1054.2ms, mfu 15.8%
[round] iter 55: loss 6.7420, time 1025.1ms, mfu 15.8%
[round] iter 56: loss 6.8416, time 1280.6ms, mfu 15.6%
[round] iter 57: loss 6.9365, time 1045.0ms, mfu 15.6%
[round] iter 58: loss 6.9094, time 1240.2ms, mfu 15.4%
[round] iter 59: loss 6.7518, time 1045.2ms, mfu 15.5%
[round] iter 60: loss 6.9411, time 1050.1ms, mfu 15.5%
[round] iter 61: loss 6.6603, time 1205.0ms, mfu 15.4%
[round] iter 62: loss 6.8915, time 1048.2ms, mfu 15.4%
[round] iter 63: loss 6.7303, time 1160.1ms, mfu 15.4%
[round] iter 64: loss 6.5815, time 1015.9ms, mfu 15.5%
[round] iter 65: loss 6.7980, time 1100.3ms, mfu 15.5%
[round] iter 66: loss 6.5742, time 1022.8ms, mfu 15.6%
[round] iter 67: loss 6.6967, time 1236.3ms, mfu 15.4%
[round] iter 68: loss 6.5291, time 1111.7ms, mfu 15.3%
[round] iter 69: loss 6.7035, time 1124.7ms, mfu 15.3%
[round] iter 70: loss 6.6758, time 1078.7ms, mfu 15.3%
[round] iter 71: loss 6.8765, time 1040.3ms, mfu 15.4%
[round] iter 72: loss 6.5241, time 1032.4ms, mfu 15.5%
[round] iter 73: loss 6.7291, time 1206.7ms, mfu 15.3%
[round] iter 74: loss 6.5910, time 1006.2ms, mfu 15.5%
[round] iter 75: loss 6.5107, time 1071.0ms, mfu 15.5%
[round] iter 76: loss 6.5744, time 1126.6ms, mfu 15.5%
[round] iter 77: loss 6.6514, time 1087.4ms, mfu 15.5%
[round] iter 78: loss 6.5105, time 1070.4ms, mfu 15.5%
[round] iter 79: loss 6.6521, time 1080.0ms, mfu 15.5%
[round] iter 80: loss 6.5043, time 1436.6ms, mfu 15.1%
[round] iter 81: loss 6.5282, time 1013.7ms, mfu 15.3%
[round] iter 82: loss 6.6178, time 1043.2ms, mfu 15.4%
[round] iter 83: loss 6.6298, time 1040.2ms, mfu 15.4%
[round] iter 84: loss 6.6938, time 1015.2ms, mfu 15.5%
[round] iter 85: loss 6.5330, time 3423.7ms, mfu 14.5%
[round] iter 86: loss 6.3827, time 1034.7ms, mfu 14.7%
[round] iter 87: loss 6.1928, time 3374.0ms, mfu 13.7%
[round] iter 88: loss 6.5427, time 1044.3ms, mfu 13.9%
[round] iter 89: loss 6.4636, time 3362.1ms, mfu 13.0%
[round] iter 90: loss 6.3619, time 1030.2ms, mfu 13.4%
[round] iter 91: loss 6.3198, time 1034.6ms, mfu 13.7%
[round] iter 92: loss 6.3909, time 1239.4ms, mfu 13.7%
[round] iter 93: loss 6.5232, time 1073.3ms, mfu 13.9%
[round] iter 94: loss 6.6058, time 1030.0ms, mfu 14.1%
[round] iter 95: loss 6.4540, time 3351.2ms, mfu 13.2%
[round] iter 96: loss 6.5862, time 1007.7ms, mfu 13.5%
[round] iter 97: loss 6.4218, time 3085.6ms, mfu 12.7%
[round] iter 98: loss 6.4408, time 1084.6ms, mfu 13.0%
[round] iter 99: loss 6.4955, time 3512.7ms, mfu 12.2%
[round] iter 100: loss 6.3245, time 1068.5ms, mfu 12.6%
[round] iter 101: loss 6.6416, time 1037.2ms, mfu 12.9%
[round] iter 102: loss 6.3209, time 1103.5ms, mfu 13.2%
[round] iter 103: loss 6.5884, time 1023.3ms, mfu 13.5%
[round] iter 104: loss 6.1758, time 1111.5ms, mfu 13.6%
[round] iter 105: loss 6.2444, time 1216.6ms, mfu 13.7%
[round] iter 106: loss 6.4835, time 1069.8ms, mfu 13.9%
[round] iter 107: loss 6.4889, time 1248.4ms, mfu 13.8%
[round] iter 108: loss 6.3435, time 1024.0ms, mfu 14.1%
[round] iter 109: loss 6.4867, time 1033.4ms, mfu 14.3%
[round] iter 110: loss 6.4977, time 1074.3ms, mfu 14.4%
[round] iter 111: loss 6.0980, time 1027.0ms, mfu 14.6%
[round] iter 112: loss 6.3861, time 1136.0ms, mfu 14.7%
[round] iter 113: loss 6.3024, time 2082.2ms, mfu 14.0%
[round] iter 114: loss 6.0492, time 991.9ms, mfu 14.3%
[round] iter 115: loss 6.4366, time 1054.9ms, mfu 14.5%
[round] iter 116: loss 6.5102, time 1074.8ms, mfu 14.6%
[round] iter 117: loss 6.2642, time 1018.9ms, mfu 14.8%
[round] iter 118: loss 6.3312, time 1133.5ms, mfu 14.8%
[round] iter 119: loss 6.3297, time 1052.0ms, mfu 14.9%
[round] iter 120: loss 6.3133, time 1133.9ms, mfu 14.9%
[round] iter 121: loss 6.5335, time 1039.6ms, mfu 15.0%
[round] iter 122: loss 6.3525, time 1022.0ms, mfu 15.2%
[round] iter 123: loss 6.2245, time 1027.9ms, mfu 15.3%
[round] iter 124: loss 6.3784, time 1016.0ms, mfu 15.4%
[round] iter 125: loss 6.2129, time 1026.3ms, mfu 15.5%
[round] iter 126: loss 6.2422, time 1016.1ms, mfu 15.6%
[round] iter 127: loss 6.0887, time 1044.7ms, mfu 15.7%
[round] iter 128: loss 6.3265, time 1057.5ms, mfu 15.7%
[round] iter 129: loss 6.3448, time 1004.3ms, mfu 15.8%
[round] iter 130: loss 6.3198, time 1021.7ms, mfu 15.9%
[round] iter 131: loss 6.1824, time 1033.1ms, mfu 15.9%
[round] iter 132: loss 6.2547, time 1089.4ms, mfu 15.9%
[round] iter 133: loss 6.0765, time 1012.9ms, mfu 15.9%
[round] iter 134: loss 6.2045, time 1084.6ms, mfu 15.9%
[round] iter 135: loss 6.3497, time 1203.4ms, mfu 15.7%
[round] iter 136: loss 6.3658, time 1027.9ms, mfu 15.8%
[round] iter 137: loss 6.1990, time 1094.3ms, mfu 15.7%
[round] iter 138: loss 6.2384, time 1017.4ms, mfu 15.8%
[round] iter 139: loss 6.1478, time 1228.9ms, mfu 15.6%
[round] iter 140: loss 6.2378, time 2387.2ms, mfu 14.7%
[round] iter 141: loss 6.1818, time 1020.2ms, mfu 14.9%
[round] iter 142: loss 6.1485, time 1076.7ms, mfu 15.0%
[round] iter 143: loss 6.0878, time 2085.0ms, mfu 14.3%
[round] iter 144: loss 6.1453, time 1081.5ms, mfu 14.4%
[round] iter 145: loss 6.2757, time 1039.1ms, mfu 14.6%
[round] iter 146: loss 6.3844, time 1000.1ms, mfu 14.8%
[round] iter 147: loss 6.1687, time 1045.8ms, mfu 15.0%
[round] iter 148: loss 5.9413, time 1028.7ms, mfu 15.1%
[round] iter 149: loss 6.1949, time 1083.6ms, mfu 15.1%
[round] iter 150: loss 6.0847, time 1081.6ms, mfu 15.2%
[round] iter 151: loss 6.3946, time 2828.6ms, mfu 14.3%
[round] iter 152: loss 6.2839, time 1239.4ms, mfu 14.2%
[round] iter 153: loss 5.9571, time 1121.0ms, mfu 14.3%
[round] iter 154: loss 6.2873, time 1275.6ms, mfu 14.2%
[round] iter 155: loss 6.1812, time 1060.8ms, mfu 14.3%
[round] iter 156: loss 6.0174, time 1055.8ms, mfu 14.5%
[round] iter 157: loss 6.0885, time 1096.8ms, mfu 14.6%
[round] iter 158: loss 6.0622, time 1180.1ms, mfu 14.5%
[round] iter 159: loss 6.3125, time 1119.0ms, mfu 14.6%
[round] iter 160: loss 6.1795, time 1070.1ms, mfu 14.7%
[round] iter 161: loss 6.0562, time 1063.5ms, mfu 14.8%
[round] iter 162: loss 6.1789, time 1173.0ms, mfu 14.8%
[round] iter 163: loss 6.1267, time 1045.8ms, mfu 14.9%
[round] iter 164: loss 6.1558, time 1007.5ms, mfu 15.1%
[round] iter 165: loss 6.2306, time 1023.9ms, mfu 15.2%
[round] iter 166: loss 6.3522, time 1023.5ms, mfu 15.3%
[round] iter 167: loss 6.1329, time 1094.9ms, mfu 15.3%
[round] iter 168: loss 6.1652, time 1084.5ms, mfu 15.4%
[round] iter 169: loss 6.2790, time 1447.4ms, mfu 15.0%
[round] iter 170: loss 6.1277, time 1144.3ms, mfu 15.0%
[round] iter 171: loss 6.2198, time 1097.7ms, mfu 15.0%
[round] iter 172: loss 6.4686, time 1170.3ms, mfu 14.9%
[round] iter 173: loss 6.2270, time 1026.5ms, mfu 15.1%
[round] iter 174: loss 5.9869, time 1053.3ms, mfu 15.2%
[round] iter 175: loss 6.1347, time 1016.9ms, mfu 15.3%
[round] iter 176: loss 6.2361, time 1015.5ms, mfu 15.4%
[round] iter 177: loss 5.9983, time 1025.5ms, mfu 15.5%
[round] iter 178: loss 6.1209, time 1030.0ms, mfu 15.6%
[round] iter 179: loss 5.9997, time 1030.7ms, mfu 15.7%
[round] iter 180: loss 6.0299, time 1034.1ms, mfu 15.7%
[round] iter 181: loss 6.1665, time 1096.5ms, mfu 15.7%
[round] iter 182: loss 6.0967, time 1085.1ms, mfu 15.7%
[round] iter 183: loss 6.3339, time 1031.9ms, mfu 15.8%
[round] iter 184: loss 6.0000, time 1020.4ms, mfu 15.8%
[round] iter 185: loss 6.0453, time 1045.5ms, mfu 15.9%
[round] iter 186: loss 6.0690, time 1164.6ms, mfu 15.7%
[round] iter 187: loss 6.1086, time 961.4ms, mfu 15.9%
[round] iter 188: loss 6.0688, time 1017.9ms, mfu 16.0%
[round] iter 189: loss 6.4616, time 1024.2ms, mfu 16.0%
[round] iter 190: loss 6.0110, time 1021.1ms, mfu 16.1%
[round] iter 191: loss 5.9639, time 1112.5ms, mfu 16.0%
[round] iter 192: loss 6.0795, time 1006.4ms, mfu 16.0%
[round] iter 193: loss 6.0844, time 1016.4ms, mfu 16.1%
[round] iter 194: loss 6.1906, time 1089.3ms, mfu 16.0%
[round] iter 195: loss 6.3057, time 1025.6ms, mfu 16.1%
[round] iter 196: loss 6.1979, time 1011.3ms, mfu 16.1%
[round] iter 197: loss 5.9444, time 1094.1ms, mfu 16.0%
[round] iter 198: loss 6.0436, time 1043.5ms, mfu 16.1%
[round] iter 199: loss 5.9739, time 1314.0ms, mfu 15.7%
[round] iter 200: loss 6.2641, time 1048.4ms, mfu 15.8%
[round] iter 201: loss 5.9153, time 1054.0ms, mfu 15.8%
[round] iter 202: loss 6.1044, time 1031.3ms, mfu 15.8%
[round] iter 203: loss 6.0138, time 1087.3ms, mfu 15.8%
[round] iter 204: loss 5.9139, time 1078.1ms, mfu 15.8%
[round] iter 205: loss 6.1308, time 1023.0ms, mfu 15.9%
[round] iter 206: loss 6.0709, time 999.1ms, mfu 16.0%
[round] iter 207: loss 6.2055, time 1000.4ms, mfu 16.0%
[round] iter 208: loss 6.1208, time 1066.4ms, mfu 16.0%
[round] iter 209: loss 6.0153, time 1053.0ms, mfu 16.0%
[round] iter 210: loss 5.9296, time 1023.6ms, mfu 16.1%
[round] iter 211: loss 6.0877, time 1031.2ms, mfu 16.1%
[round] iter 212: loss 5.9519, time 1208.6ms, mfu 15.9%
[round] iter 213: loss 6.0782, time 1078.2ms, mfu 15.8%
[round] iter 214: loss 5.9251, time 2738.7ms, mfu 14.9%
[round] iter 215: loss 5.9219, time 1017.5ms, mfu 15.0%
[round] iter 216: loss 6.0767, time 1050.9ms, mfu 15.1%
[round] iter 217: loss 5.7831, time 1023.6ms, mfu 15.3%
[round] iter 218: loss 6.2979, time 1056.3ms, mfu 15.3%
[round] iter 219: loss 6.0081, time 1013.5ms, mfu 15.5%
[round] iter 220: loss 5.8457, time 1043.5ms, mfu 15.5%
[round] iter 221: loss 5.9938, time 1037.0ms, mfu 15.6%
[round] iter 222: loss 6.1196, time 1039.6ms, mfu 15.7%
[round] iter 223: loss 6.0776, time 1044.7ms, mfu 15.7%
[round] iter 224: loss 5.9807, time 1065.2ms, mfu 15.7%
[round] iter 225: loss 5.9160, time 1160.5ms, mfu 15.6%
[round] iter 226: loss 6.0261, time 1139.2ms, mfu 15.5%
[round] iter 227: loss 6.1184, time 1043.2ms, mfu 15.6%
[round] iter 228: loss 5.9267, time 1026.1ms, mfu 15.7%
[round] iter 229: loss 6.0489, time 1126.8ms, mfu 15.6%
[round] iter 230: loss 5.8005, time 1063.4ms, mfu 15.6%
[round] iter 231: loss 6.2277, time 1007.4ms, mfu 15.7%
[round] iter 232: loss 6.0423, time 1011.9ms, mfu 15.8%
[round] iter 233: loss 6.0936, time 1033.3ms, mfu 15.9%
[round] iter 234: loss 6.1666, time 1004.5ms, mfu 15.9%
[round] iter 235: loss 6.0283, time 3045.3ms, mfu 14.9%
[round] iter 236: loss 5.7159, time 1245.3ms, mfu 14.8%
[round] iter 237: loss 5.8427, time 1041.4ms, mfu 14.9%
[round] iter 238: loss 6.0061, time 1943.3ms, mfu 14.3%
[round] iter 239: loss 6.0729, time 1974.8ms, mfu 13.7%
[round] iter 240: loss 6.1820, time 1894.6ms, mfu 13.2%
[round] iter 241: loss 5.8837, time 1720.3ms, mfu 12.9%
[round] iter 242: loss 5.9587, time 1676.3ms, mfu 12.6%
[round] iter 243: loss 5.9887, time 2104.7ms, mfu 12.1%
[round] iter 244: loss 5.8339, time 1708.6ms, mfu 11.9%
[round] iter 245: loss 5.8628, time 1750.8ms, mfu 11.7%
[round] iter 246: loss 6.0998, time 1595.3ms, mfu 11.6%
[round] iter 247: loss 5.9095, time 1873.5ms, mfu 11.3%
[round] iter 248: loss 5.7973, time 1923.8ms, mfu 11.1%
[round] iter 249: loss 5.8315, time 1875.0ms, mfu 10.8%
[round] iter 250: loss 5.8403, time 1947.0ms, mfu 10.6%
[round] iter 251: loss 5.9896, time 1854.4ms, mfu 10.5%
[round] iter 252: loss 6.1967, time 1750.6ms, mfu 10.4%
[round] iter 253: loss 5.8837, time 1838.0ms, mfu 10.3%
[round] iter 254: loss 5.9188, time 1910.4ms, mfu 10.1%
[round] iter 255: loss 6.0187, time 1618.3ms, mfu 10.1%
[round] iter 256: loss 6.1120, time 1835.5ms, mfu 10.0%
[round] iter 257: loss 6.1023, time 1790.4ms, mfu 10.0%
[round] iter 258: loss 5.8779, time 1679.7ms, mfu 10.0%
[round] iter 259: loss 5.8794, time 2205.5ms, mfu 9.8%
[round] iter 260: loss 5.9783, time 2051.0ms, mfu 9.6%
[round] iter 261: loss 5.8066, time 1845.5ms, mfu 9.5%
[round] iter 262: loss 5.8499, time 1890.9ms, mfu 9.5%
[round] iter 263: loss 5.9701, time 1806.8ms, mfu 9.5%
[round] iter 264: loss 6.1570, time 1572.5ms, mfu 9.6%
[round] iter 265: loss 5.8821, time 1803.7ms, mfu 9.6%
[round] iter 266: loss 5.8638, time 1831.9ms, mfu 9.5%
[round] iter 267: loss 5.7341, time 1680.0ms, mfu 9.6%
[round] iter 268: loss 6.0119, time 1831.7ms, mfu 9.5%
[round] iter 269: loss 5.7855, time 1953.3ms, mfu 9.4%
[round] iter 270: loss 5.6825, time 1970.4ms, mfu 9.4%
[round] iter 271: loss 5.8505, time 2007.4ms, mfu 9.3%
[round] iter 272: loss 5.9466, time 2184.6ms, mfu 9.1%
[round] iter 273: loss 6.0533, time 1664.9ms, mfu 9.2%
[round] iter 274: loss 6.2044, time 2040.0ms, mfu 9.1%
[round] iter 275: loss 5.8634, time 1872.3ms, mfu 9.1%
[round] iter 276: loss 5.8240, time 2168.7ms, mfu 9.0%
[round] iter 277: loss 5.6853, time 1885.1ms, mfu 9.0%
[round] iter 278: loss 5.9433, time 1855.9ms, mfu 9.0%
[round] iter 279: loss 5.8160, time 1812.1ms, mfu 9.0%
[round] iter 280: loss 5.9359, time 1876.9ms, mfu 9.0%
[round] iter 281: loss 5.8185, time 1858.4ms, mfu 9.0%
[round] iter 282: loss 5.8948, time 1855.5ms, mfu 9.0%
[round] iter 283: loss 5.9168, time 1937.3ms, mfu 9.0%
[round] iter 284: loss 5.7077, time 1875.4ms, mfu 9.0%
[round] iter 285: loss 5.7967, time 1969.1ms, mfu 8.9%
[round] iter 286: loss 5.9466, time 1900.3ms, mfu 8.9%
[round] iter 287: loss 5.7731, time 1826.0ms, mfu 9.0%
[round] iter 288: loss 6.1148, time 2036.1ms, mfu 8.9%
[round] iter 289: loss 5.9801, time 1932.5ms, mfu 8.9%
[round] iter 290: loss 5.8031, time 1777.9ms, mfu 8.9%
[round] iter 291: loss 5.7723, time 1898.7ms, mfu 8.9%
[round] iter 292: loss 6.0658, time 1664.1ms, mfu 9.0%
[round] iter 293: loss 5.7310, time 1827.2ms, mfu 9.1%
[round] iter 294: loss 6.0563, time 1779.5ms, mfu 9.1%
[round] iter 295: loss 5.9087, time 1764.1ms, mfu 9.1%
[round] iter 296: loss 5.8138, time 1985.0ms, mfu 9.1%
[round] iter 297: loss 5.7044, time 1902.8ms, mfu 9.1%
[round] iter 298: loss 5.7150, time 1831.3ms, mfu 9.1%
[round] iter 299: loss 6.0074, time 1829.1ms, mfu 9.1%
[round] iter 300: loss 5.7539, time 2213.2ms, mfu 8.9%
[round] iter 301: loss 5.8562, time 2002.9ms, mfu 8.9%
[round] iter 302: loss 5.7685, time 2001.6ms, mfu 8.8%
[round] iter 303: loss 5.7284, time 1795.6ms, mfu 8.9%
[round] iter 304: loss 5.7451, time 1693.9ms, mfu 9.0%
[round] iter 305: loss 5.6591, time 2020.4ms, mfu 8.9%
[round] iter 306: loss 5.9902, time 1679.4ms, mfu 9.0%
[round] iter 307: loss 5.5006, time 1718.1ms, mfu 9.1%
[round] iter 308: loss 5.9114, time 1755.5ms, mfu 9.2%
[round] iter 309: loss 5.6470, time 2135.4ms, mfu 9.0%
[round] iter 310: loss 5.7863, time 1747.9ms, mfu 9.1%
[round] iter 311: loss 5.7372, time 1853.5ms, mfu 9.1%
[round] iter 312: loss 6.1015, time 2452.9ms, mfu 8.9%
[round] iter 313: loss 6.0770, time 1915.1ms, mfu 8.9%
[round] iter 314: loss 5.7662, time 1833.8ms, mfu 8.9%
[round] iter 315: loss 5.5358, time 1763.6ms, mfu 9.0%
[round] iter 316: loss 5.6401, time 1906.9ms, mfu 8.9%
[round] iter 317: loss 5.9542, time 1880.7ms, mfu 8.9%
[round] iter 318: loss 5.6735, time 1721.4ms, mfu 9.0%
[round] iter 319: loss 5.6997, time 1901.0ms, mfu 9.0%
[round] iter 320: loss 5.7150, time 2338.0ms, mfu 8.8%
[round] iter 321: loss 5.6973, time 1987.6ms, mfu 8.8%
[round] iter 322: loss 5.6960, time 1731.3ms, mfu 8.9%
[round] iter 323: loss 5.7917, time 1911.3ms, mfu 8.9%
[round] iter 324: loss 5.5447, time 1738.8ms, mfu 9.0%
[round] iter 325: loss 5.8325, time 2006.0ms, mfu 8.9%
[round] iter 326: loss 5.7238, time 2146.8ms, mfu 8.8%
[round] iter 327: loss 5.8758, time 1660.2ms, mfu 8.9%
[round] iter 328: loss 5.6905, time 1802.0ms, mfu 9.0%
[round] iter 329: loss 5.8561, time 1782.0ms, mfu 9.0%
[round] iter 330: loss 5.5407, time 1721.6ms, mfu 9.1%
[round] iter 331: loss 6.0133, time 1851.0ms, mfu 9.1%
[round] iter 332: loss 5.7520, time 1762.2ms, mfu 9.1%
[round] iter 333: loss 5.7250, time 1840.5ms, mfu 9.1%
[round] iter 334: loss 5.7616, time 1764.7ms, mfu 9.2%
[round] iter 335: loss 5.6353, time 1964.8ms, mfu 9.1%
[round] iter 336: loss 5.7844, time 1858.0ms, mfu 9.1%
[round] iter 337: loss 5.6110, time 1988.1ms, mfu 9.0%
[round] iter 338: loss 5.8237, time 1849.9ms, mfu 9.1%
[round] iter 339: loss 5.5458, time 1808.9ms, mfu 9.1%
[round] iter 340: loss 5.8094, time 1748.6ms, mfu 9.1%
[round] iter 341: loss 5.7866, time 1967.2ms, mfu 9.1%
[round] iter 342: loss 5.8026, time 2059.3ms, mfu 9.0%
[round] iter 343: loss 5.6545, time 1686.3ms, mfu 9.1%
[round] iter 344: loss 5.8655, time 1687.8ms, mfu 9.2%
[round] iter 345: loss 5.5224, time 1853.7ms, mfu 9.2%
[round] iter 346: loss 5.6671, time 1784.0ms, mfu 9.2%
[round] iter 347: loss 5.8623, time 1867.9ms, mfu 9.2%
[round] iter 348: loss 5.8796, time 1752.3ms, mfu 9.2%
[round] iter 349: loss 5.6337, time 1819.7ms, mfu 9.2%
[round] iter 350: loss 5.7991, time 2027.3ms, mfu 9.1%
[round] iter 351: loss 5.6259, time 1708.8ms, mfu 9.2%
[round] iter 352: loss 5.9476, time 2075.3ms, mfu 9.1%
[round] iter 353: loss 5.7374, time 1714.9ms, mfu 9.2%
[round] iter 354: loss 5.5917, time 1840.7ms, mfu 9.2%
[round] iter 355: loss 5.8413, time 1931.9ms, mfu 9.1%
[round] iter 356: loss 5.8046, time 1757.4ms, mfu 9.2%
[round] iter 357: loss 5.7427, time 1882.6ms, mfu 9.1%
[round] iter 358: loss 5.7281, time 2084.1ms, mfu 9.0%
[round] iter 359: loss 5.6934, time 1959.7ms, mfu 9.0%
[round] iter 360: loss 5.6901, time 1856.2ms, mfu 9.0%
[round] iter 361: loss 5.6793, time 1788.9ms, mfu 9.0%
[round] iter 362: loss 5.7653, time 1638.4ms, mfu 9.2%
[round] iter 363: loss 5.6548, time 1931.5ms, mfu 9.1%
[round] iter 364: loss 5.6657, time 1976.3ms, mfu 9.1%
[round] iter 365: loss 5.7029, time 1707.8ms, mfu 9.1%
[round] iter 366: loss 5.6822, time 1987.4ms, mfu 9.1%
[round] iter 367: loss 5.7211, time 1881.7ms, mfu 9.1%
[round] iter 368: loss 5.6554, time 1682.2ms, mfu 9.2%
[round] iter 369: loss 5.9374, time 2132.1ms, mfu 9.0%
[round] iter 370: loss 5.6344, time 1710.5ms, mfu 9.1%
[round] iter 371: loss 5.5870, time 1799.9ms, mfu 9.1%
[round] iter 372: loss 5.8463, time 2545.1ms, mfu 8.9%
[round] iter 373: loss 5.6423, time 1845.1ms, mfu 8.9%
[round] iter 374: loss 5.8596, time 2076.9ms, mfu 8.8%
[round] iter 375: loss 5.5586, time 1769.2ms, mfu 8.9%
[round] iter 376: loss 5.6266, time 1846.7ms, mfu 8.9%
[round] iter 377: loss 5.4743, time 2134.8ms, mfu 8.8%
[round] iter 378: loss 5.6930, time 1839.1ms, mfu 8.8%
[round] iter 379: loss 5.6176, time 1733.6ms, mfu 8.9%
[round] iter 380: loss 5.5380, time 1739.6ms, mfu 9.0%
[round] iter 381: loss 5.6796, time 1828.7ms, mfu 9.0%
[round] iter 382: loss 5.7174, time 1793.1ms, mfu 9.1%
[round] iter 383: loss 5.7240, time 2134.5ms, mfu 8.9%
[round] iter 384: loss 5.6517, time 1714.0ms, mfu 9.0%
[round] iter 385: loss 5.7535, time 1747.5ms, mfu 9.1%
[round] iter 386: loss 5.5611, time 1792.5ms, mfu 9.1%
[round] iter 387: loss 5.7507, time 1704.1ms, mfu 9.2%
[round] iter 388: loss 5.6750, time 1974.7ms, mfu 9.1%
[round] iter 389: loss 5.6380, time 1831.0ms, mfu 9.1%
[round] iter 390: loss 5.7509, time 1820.3ms, mfu 9.1%
[round] iter 391: loss 5.9335, time 1924.7ms, mfu 9.1%
[round] iter 392: loss 5.8676, time 1971.7ms, mfu 9.1%
[round] iter 393: loss 5.5777, time 1834.1ms, mfu 9.1%
[round] iter 394: loss 5.8917, time 1693.7ms, mfu 9.2%
[round] iter 395: loss 5.6819, time 1820.6ms, mfu 9.2%
[round] iter 396: loss 5.6638, time 1997.6ms, mfu 9.1%
[round] iter 397: loss 5.7667, time 1965.9ms, mfu 9.0%
[round] iter 398: loss 5.8138, time 1822.2ms, mfu 9.1%
[round] iter 399: loss 5.8084, time 2074.2ms, mfu 9.0%
[round] iter 400: loss 5.5552, time 1736.0ms, mfu 9.0%
[round] iter 401: loss 5.6437, time 1905.8ms, mfu 9.0%
[round] iter 402: loss 5.5882, time 1907.5ms, mfu 9.0%
[round] iter 403: loss 5.9641, time 2020.1ms, mfu 8.9%
[round] iter 404: loss 5.7592, time 1869.7ms, mfu 8.9%
[round] iter 405: loss 5.5180, time 1875.8ms, mfu 8.9%
[round] iter 406: loss 5.5246, time 1800.3ms, mfu 9.0%
[round] iter 407: loss 5.8175, time 1687.6ms, mfu 9.1%
